=== V2 verbatim run Fri Sep  4 10:05:17 UTC 2026 ===
check 19199191
row too big 274 50 22 0 120 10000 2640
row too big 274 50 22 0 120 10000 2640
row too big 274 50 22 0 120 10000 2640
row too big 274 50 22 0 120 10000 2640
row too big 274 50 22 0 120 10000 2640
row too big 274 50 22 0 120 10000 2640
row too big 274 50 22 0 120 10000 2640
row too big 274 50 22 0 120 10000 2640
row too big 274 50 22 0 120 10000 2640
row too big 274 50 22 0 120 10000 2640
row too big 274 50 22 0 120 10000 2640
row too big 274 50 22 0 120 10000 2640
row too big 274 50 22 0 120 10000 2640
row too big 274 50 22 0 120 10000 2640
row too big 274 50 22 0 120 10000 2640
row too big 274 50 22 0 120 10000 2640
row too big 274 50 22 0 120 10000 2640
row too big 274 50 22 0 120 10000 2640
row too big 274 50 22 0 120 10000 2640
row too big 274 50 22 0 120 10000 2640
row too big 274 50 22 0 120 10000 2640
row too big 274 50 22 0 120 10000 2640
row too big 274 50 22 0 120 10000 2640
row too big 274 50 22 0 120 10000 2640
row too big 274 50 22 0 120 10000 2640
row too big 274 50 22 0 120 10000 2640
row too big 274 50 22 0 120 10000 2640
row too big 274 50 22 0 120 10000 2640
row too big 274 50 22 0 120 10000 2640
row too big 274 50 22 0 120 10000 2640
row too big 274 50 22 0 120 10000 2640
row too big 274 50 22 0 120 10000 2640
row too big 274 50 22 0 120 10000 2640
row too big 274 50 22 0 120 10000 2640
row too big 274 50 22 0 120 10000 2640
row too big 274 50 22 0 120 10000 2640
row too big 274 50 22 0 120 10000 2640
row too big 274 50 22 0 120 10000 2640
row too big 379 50 22 0 120 10000 2640
row too big 379 50 22 0 120 10000 2640
row too big 379 50 22 0 120 10000 2640
row too big 379 50 22 0 120 10000 2640
row too big 379 50 22 0 120 10000 2640
row too big 379 50 22 0 120 10000 2640
row too big 379 50 22 0 120 10000 2640
row too big 379 50 22 0 120 10000 2640
row too big 379 50 22 0 120 10000 2640
row too big 379 50 22 0 120 10000 2640
row too big 379 50 22 0 120 10000 2640
row too big 379 50 22 0 120 10000 2640
row too big 379 50 22 0 120 10000 2640
row too big 379 50 22 0 120 10000 2640
row too big 379 50 22 0 120 10000 2640
row too big 379 50 22 0 120 10000 2640
row too big 379 50 22 0 120 10000 2640
row too big 379 50 22 0 120 10000 2640
row too big 379 50 22 0 120 10000 2640
row too big 379 50 22 0 120 10000 2640
row too big 379 50 22 0 120 10000 2640
row too big 379 50 22 0 120 10000 2640
row too big 379 50 22 0 120 10000 2640
row too big 379 50 22 0 120 10000 2640
row too big 379 50 22 0 120 10000 2640
row too big 379 50 22 0 120 10000 2640
row too big 379 50 22 0 120 10000 2640
row too big 379 50 22 0 120 10000 2640
row too big 379 50 22 0 120 10000 2640
row too big 379 50 22 0 120 10000 2640
row too big 379 50 22 0 120 10000 2640
row too big 379 50 22 0 120 10000 2640
row too big 379 50 22 0 120 10000 2640
row too big 379 50 22 0 120 10000 2640
row too big 379 50 22 0 120 10000 2640
row too big 379 50 22 0 120 10000 2640
row too big 379 50 22 0 120 10000 2640
row too big 379 50 22 0 120 10000 2640
Create clock wires. Half:0
27 85 196 SPINE8
  << in  27 85 196 CBRIDGEOUT_BOTTOM3_TOP
  << in  27 85 196 CBRIDGEOUT_TOP0_TOP
27 85 196 SPINE10
  << in  27 85 196 CBRIDGEOUT_BOTTOM2_TOP
  << in  27 85 196 CBRIDGEOUT_TOP1_TOP
27 85 196 SPINE9
  << in  27 85 196 CBRIDGEOUT_TOP2_TOP
  << in  27 85 196 CBRIDGEOUT_BOTTOM0_TOP
27 85 196 SPINE11
  << in  27 85 196 CBRIDGEOUT_TOP3_TOP
  << in  27 85 196 CBRIDGEOUT_BOTTOM1_TOP
27 85 196 SPINE13
  << in  27 85 196 CBRIDGEOUT_TOP5_TOP
  << in  27 85 196 CBRIDGEOUT_BOTTOM6_TOP
27 85 196 SPINE12
  << in  27 85 196 CBRIDGEOUT_BOTTOM4_TOP
  << in  27 85 196 CBRIDGEOUT_TOP6_TOP
27 85 196 SPINE6
  << in  27 85 196 CBRIDGEOUT_TOP7_TOP
27 85 196 SPINE14
  << in  27 85 196 CBRIDGEOUT_TOP7_TOP
27 85 196 SPINE22
  << in  27 85 196 CBRIDGEOUT_TOP7_TOP
27 85 196 SPINE30
  << in  27 85 196 CBRIDGEOUT_TOP7_TOP
27 86 197 SPINE14
  << in  27 86 197 CBRIDGEOUT_TOP7_TOP
27 87 198 SPINE0
  << in  27 87 198 CBRIDGEOUT_BOTTOM3_TOP
  << in  27 87 198 CBRIDGEOUT_TOP0_TOP
27 87 198 SPINE2
  << in  27 87 198 CBRIDGEOUT_BOTTOM2_TOP
  << in  27 87 198 CBRIDGEOUT_TOP1_TOP
27 87 198 SPINE1
  << in  27 87 198 CBRIDGEOUT_TOP2_TOP
  << in  27 87 198 CBRIDGEOUT_BOTTOM0_TOP
27 87 198 SPINE3
  << in  27 87 198 CBRIDGEOUT_TOP3_TOP
  << in  27 87 198 CBRIDGEOUT_BOTTOM1_TOP
27 87 198 SPINE5
  << in  27 87 198 CBRIDGEOUT_TOP5_TOP
  << in  27 87 198 CBRIDGEOUT_BOTTOM6_TOP
27 87 198 SPINE4
  << in  27 87 198 CBRIDGEOUT_BOTTOM4_TOP
  << in  27 87 198 CBRIDGEOUT_TOP6_TOP
27 87 198 SPINE15
  << in  27 87 198 CBRIDGEOUT_BOTTOM7_TOP
27 88 199 SPINE7
  << in  27 88 199 CBRIDGEOUT_BOTTOM7_TOP
27 94 205 SPINE16
  << in  27 94 205 CBRIDGEOUT_BOTTOM3_TOP
  << in  27 94 205 CBRIDGEOUT_TOP0_TOP
27 94 205 SPINE18
  << in  27 94 205 CBRIDGEOUT_BOTTOM2_TOP
  << in  27 94 205 CBRIDGEOUT_TOP1_TOP
27 94 205 SPINE17
  << in  27 94 205 CBRIDGEOUT_TOP2_TOP
  << in  27 94 205 CBRIDGEOUT_BOTTOM0_TOP
27 94 205 SPINE19
  << in  27 94 205 CBRIDGEOUT_TOP3_TOP
  << in  27 94 205 CBRIDGEOUT_BOTTOM1_TOP
27 94 205 SPINE21
  << in  27 94 205 CBRIDGEOUT_TOP5_TOP
  << in  27 94 205 CBRIDGEOUT_BOTTOM6_TOP
27 94 205 SPINE20
  << in  27 94 205 CBRIDGEOUT_BOTTOM4_TOP
  << in  27 94 205 CBRIDGEOUT_TOP6_TOP
27 94 205 SPINE31
  << in  27 94 205 CBRIDGEOUT_BOTTOM7_TOP
27 96 207 SPINE24
  << in  27 96 207 CBRIDGEOUT_BOTTOM3_TOP
  << in  27 96 207 CBRIDGEOUT_TOP0_TOP
27 96 207 SPINE26
  << in  27 96 207 CBRIDGEOUT_BOTTOM2_TOP
  << in  27 96 207 CBRIDGEOUT_TOP1_TOP
27 96 207 SPINE25
  << in  27 96 207 CBRIDGEOUT_TOP2_TOP
  << in  27 96 207 CBRIDGEOUT_BOTTOM0_TOP
27 96 207 SPINE27
  << in  27 96 207 CBRIDGEOUT_TOP3_TOP
  << in  27 96 207 CBRIDGEOUT_BOTTOM1_TOP
27 96 207 SPINE29
  << in  27 96 207 CBRIDGEOUT_TOP5_TOP
  << in  27 96 207 CBRIDGEOUT_BOTTOM6_TOP
27 96 207 SPINE28
  << in  27 96 207 CBRIDGEOUT_BOTTOM4_TOP
  << in  27 96 207 CBRIDGEOUT_TOP6_TOP
54 88 80 SPINE16 BRIDGE CBRIDGEOUT_BOTTOM0
  << in  54 88 80 PCLKR0_TOP
  << in  54 88 80 BLPLL0CLK0_TOP
  << in  54 88 80 PCLKB0_TOP
  << in  54 88 80 TLPLL0CLK2_TOP
  << in  54 88 80 PCLKT0_TOP
  << in  54 88 80 TLMDCLK1_BOT_TOP
  << in  54 88 80 TLPLL1CLK0_TOP
  << in  54 88 80 BRPLL0CLK1_TOP
  << in  54 88 80 TLPLL0CLK1_TOP
  << in  54 88 80 TLPLL0CLK0_TOP
  << in  54 88 80 PCLKT1_TOP
  << in  54 88 80 TRPLL0CLK2_TOP
  << in  54 88 80 TLPLL1CLK3_TOP
  << in  54 88 80 TLBDCLK1_BOT_TOP
  << in  54 88 80 BRPLL0CLK0_TOP
  << in  54 88 80 PCLKL0_TOP
  << in  54 88 80 TRMDCLK1_BOT_TOP
  << in  54 88 80 TRPLL0CLK1_TOP
  << in  54 88 80 TRPLL0CLK3_TOP
  << in  54 88 80 BRMDCLK1_BOT_TOP
  << in  54 88 80 BLBDCLK2_BOT_TOP
  << in  54 88 80 BRPLL0CLK2_TOP
  << in  54 88 80 TRPLL1CLK0_TOP
  << in  54 88 80 PCLKR1_TOP
  << in  54 88 80 PCLKB1_TOP
  << in  54 88 80 TLPLL0CLK3_TOP
  << in  54 88 80 TLPLL1CLK2_TOP
  << in  54 88 80 TRBDCLK2_BOT_TOP
  << in  54 88 80 BRPLL0CLK3_TOP
  << in  54 88 80 TRPLL0CLK0_TOP
  << in  54 88 80 BLPLL0CLK2_TOP
  << in  54 88 80 TRPLL1CLK1_TOP
  << in  54 88 80 BLPLL0CLK1_TOP
  << in  54 88 80 PCLKL1_TOP
  << in  54 88 80 BRBDCLK3_BOT_TOP
  << in  54 88 80 TLPLL1CLK1_TOP
  << in  54 88 80 TRPLL1CLK2_TOP
  << in  54 88 80 TRPLL1CLK3_TOP
  << in  54 88 80 BLPLL0CLK3_TOP
54 88 80 SPINE17 BRIDGE CBRIDGEOUT_BOTTOM1
  << in  54 88 80 PCLKR0_TOP
  << in  54 88 80 BLPLL0CLK0_TOP
  << in  54 88 80 PCLKB0_TOP
  << in  54 88 80 TLPLL0CLK2_TOP
  << in  54 88 80 PCLKT0_TOP
  << in  54 88 80 TLMDCLK1_BOT_TOP
  << in  54 88 80 TLPLL1CLK0_TOP
  << in  54 88 80 BRPLL0CLK1_TOP
  << in  54 88 80 TLPLL0CLK1_TOP
  << in  54 88 80 TLPLL0CLK0_TOP
  << in  54 88 80 PCLKT1_TOP
  << in  54 88 80 TRPLL0CLK2_TOP
  << in  54 88 80 TLPLL1CLK3_TOP
  << in  54 88 80 TLBDCLK1_BOT_TOP
  << in  54 88 80 BRPLL0CLK0_TOP
  << in  54 88 80 PCLKL0_TOP
  << in  54 88 80 TRMDCLK1_BOT_TOP
  << in  54 88 80 TRPLL0CLK1_TOP
  << in  54 88 80 TRPLL0CLK3_TOP
  << in  54 88 80 BRMDCLK1_BOT_TOP
  << in  54 88 80 BLBDCLK2_BOT_TOP
  << in  54 88 80 BRPLL0CLK2_TOP
  << in  54 88 80 TRPLL1CLK0_TOP
  << in  54 88 80 PCLKR1_TOP
  << in  54 88 80 PCLKB1_TOP
  << in  54 88 80 TLPLL0CLK3_TOP
  << in  54 88 80 TLPLL1CLK2_TOP
  << in  54 88 80 TRBDCLK2_BOT_TOP
  << in  54 88 80 BRPLL0CLK3_TOP
  << in  54 88 80 TRPLL0CLK0_TOP
  << in  54 88 80 BLPLL0CLK2_TOP
  << in  54 88 80 TRPLL1CLK1_TOP
  << in  54 88 80 BLPLL0CLK1_TOP
  << in  54 88 80 PCLKL1_TOP
  << in  54 88 80 BRBDCLK3_BOT_TOP
  << in  54 88 80 TLPLL1CLK1_TOP
  << in  54 88 80 TRPLL1CLK2_TOP
  << in  54 88 80 TRPLL1CLK3_TOP
  << in  54 88 80 BLPLL0CLK3_TOP
54 88 80 SPINE18 BRIDGE CBRIDGEOUT_BOTTOM2
  << in  54 88 80 PCLKR0_TOP
  << in  54 88 80 BLPLL0CLK0_TOP
  << in  54 88 80 PCLKB0_TOP
  << in  54 88 80 TLPLL0CLK2_TOP
  << in  54 88 80 PCLKT0_TOP
  << in  54 88 80 TLMDCLK1_BOT_TOP
  << in  54 88 80 TLPLL1CLK0_TOP
  << in  54 88 80 BRPLL0CLK1_TOP
  << in  54 88 80 TLPLL0CLK1_TOP
  << in  54 88 80 TLPLL0CLK0_TOP
  << in  54 88 80 PCLKT1_TOP
  << in  54 88 80 TRPLL0CLK2_TOP
  << in  54 88 80 TLPLL1CLK3_TOP
  << in  54 88 80 TLBDCLK1_BOT_TOP
  << in  54 88 80 BRPLL0CLK0_TOP
  << in  54 88 80 PCLKL0_TOP
  << in  54 88 80 TRMDCLK1_BOT_TOP
  << in  54 88 80 TRPLL0CLK1_TOP
  << in  54 88 80 TRPLL0CLK3_TOP
  << in  54 88 80 BRMDCLK1_BOT_TOP
  << in  54 88 80 BLBDCLK2_BOT_TOP
  << in  54 88 80 BRPLL0CLK2_TOP
  << in  54 88 80 TRPLL1CLK0_TOP
  << in  54 88 80 PCLKR1_TOP
  << in  54 88 80 PCLKB1_TOP
  << in  54 88 80 TLPLL0CLK3_TOP
  << in  54 88 80 TLPLL1CLK2_TOP
  << in  54 88 80 TRBDCLK2_BOT_TOP
  << in  54 88 80 BRPLL0CLK3_TOP
  << in  54 88 80 TRPLL0CLK0_TOP
  << in  54 88 80 BLPLL0CLK2_TOP
  << in  54 88 80 TRPLL1CLK1_TOP
  << in  54 88 80 BLPLL0CLK1_TOP
  << in  54 88 80 PCLKL1_TOP
  << in  54 88 80 BRBDCLK3_BOT_TOP
  << in  54 88 80 TLPLL1CLK1_TOP
  << in  54 88 80 TRPLL1CLK2_TOP
  << in  54 88 80 TRPLL1CLK3_TOP
  << in  54 88 80 BLPLL0CLK3_TOP
54 88 80 SPINE19 BRIDGE CBRIDGEOUT_BOTTOM3
  << in  54 88 80 PCLKR0_TOP
  << in  54 88 80 BLPLL0CLK0_TOP
  << in  54 88 80 PCLKB0_TOP
  << in  54 88 80 TLPLL0CLK2_TOP
  << in  54 88 80 PCLKT0_TOP
  << in  54 88 80 TLMDCLK1_BOT_TOP
  << in  54 88 80 TLPLL1CLK0_TOP
  << in  54 88 80 BRPLL0CLK1_TOP
  << in  54 88 80 TLPLL0CLK1_TOP
  << in  54 88 80 TLPLL0CLK0_TOP
  << in  54 88 80 PCLKT1_TOP
  << in  54 88 80 TRPLL0CLK2_TOP
  << in  54 88 80 TLPLL1CLK3_TOP
  << in  54 88 80 TLBDCLK1_BOT_TOP
  << in  54 88 80 BRPLL0CLK0_TOP
  << in  54 88 80 PCLKL0_TOP
  << in  54 88 80 TRMDCLK1_BOT_TOP
  << in  54 88 80 TRPLL0CLK1_TOP
  << in  54 88 80 TRPLL0CLK3_TOP
  << in  54 88 80 BRMDCLK1_BOT_TOP
  << in  54 88 80 BLBDCLK2_BOT_TOP
  << in  54 88 80 BRPLL0CLK2_TOP
  << in  54 88 80 TRPLL1CLK0_TOP
  << in  54 88 80 PCLKR1_TOP
  << in  54 88 80 PCLKB1_TOP
  << in  54 88 80 TLPLL0CLK3_TOP
  << in  54 88 80 TLPLL1CLK2_TOP
  << in  54 88 80 TRBDCLK2_BOT_TOP
  << in  54 88 80 BRPLL0CLK3_TOP
  << in  54 88 80 TRPLL0CLK0_TOP
  << in  54 88 80 BLPLL0CLK2_TOP
  << in  54 88 80 TRPLL1CLK1_TOP
  << in  54 88 80 BLPLL0CLK1_TOP
  << in  54 88 80 PCLKL1_TOP
  << in  54 88 80 BRBDCLK3_BOT_TOP
  << in  54 88 80 TLPLL1CLK1_TOP
  << in  54 88 80 TRPLL1CLK2_TOP
  << in  54 88 80 TRPLL1CLK3_TOP
  << in  54 88 80 BLPLL0CLK3_TOP
54 88 80 SPINE20 BRIDGE CBRIDGEOUT_BOTTOM4
  << in  54 88 80 PCLKR0_TOP
  << in  54 88 80 BLPLL0CLK0_TOP
  << in  54 88 80 PCLKB0_TOP
  << in  54 88 80 TLPLL0CLK2_TOP
  << in  54 88 80 PCLKT0_TOP
  << in  54 88 80 TLMDCLK1_BOT_TOP
  << in  54 88 80 TLPLL1CLK0_TOP
  << in  54 88 80 BRPLL0CLK1_TOP
  << in  54 88 80 TLPLL0CLK1_TOP
  << in  54 88 80 TLPLL0CLK0_TOP
  << in  54 88 80 PCLKT1_TOP
  << in  54 88 80 TRPLL0CLK2_TOP
  << in  54 88 80 TLPLL1CLK3_TOP
  << in  54 88 80 TLBDCLK1_BOT_TOP
  << in  54 88 80 BRPLL0CLK0_TOP
  << in  54 88 80 PCLKL0_TOP
  << in  54 88 80 TRMDCLK1_BOT_TOP
  << in  54 88 80 TRPLL0CLK1_TOP
  << in  54 88 80 TRPLL0CLK3_TOP
  << in  54 88 80 BRMDCLK1_BOT_TOP
  << in  54 88 80 BLBDCLK2_BOT_TOP
  << in  54 88 80 BRPLL0CLK2_TOP
  << in  54 88 80 TRPLL1CLK0_TOP
  << in  54 88 80 PCLKR1_TOP
  << in  54 88 80 PCLKB1_TOP
  << in  54 88 80 TLPLL0CLK3_TOP
  << in  54 88 80 TLPLL1CLK2_TOP
  << in  54 88 80 TRBDCLK2_BOT_TOP
  << in  54 88 80 BRPLL0CLK3_TOP
  << in  54 88 80 TRPLL0CLK0_TOP
  << in  54 88 80 BLPLL0CLK2_TOP
  << in  54 88 80 TRPLL1CLK1_TOP
  << in  54 88 80 BLPLL0CLK1_TOP
  << in  54 88 80 PCLKL1_TOP
  << in  54 88 80 BRBDCLK3_BOT_TOP
  << in  54 88 80 TLPLL1CLK1_TOP
  << in  54 88 80 TRPLL1CLK2_TOP
  << in  54 88 80 TRPLL1CLK3_TOP
  << in  54 88 80 BLPLL0CLK3_TOP
54 88 80 SPINE21 BRIDGE CBRIDGEOUT_BOTTOM5
  << in  54 88 80 PCLKR0_TOP
  << in  54 88 80 BLPLL0CLK0_TOP
  << in  54 88 80 PCLKB0_TOP
  << in  54 88 80 TLPLL0CLK2_TOP
  << in  54 88 80 PCLKT0_TOP
  << in  54 88 80 TLMDCLK1_BOT_TOP
  << in  54 88 80 TLPLL1CLK0_TOP
  << in  54 88 80 BRPLL0CLK1_TOP
  << in  54 88 80 TLPLL0CLK1_TOP
  << in  54 88 80 TLPLL0CLK0_TOP
  << in  54 88 80 PCLKT1_TOP
  << in  54 88 80 TRPLL0CLK2_TOP
  << in  54 88 80 TLPLL1CLK3_TOP
  << in  54 88 80 TLBDCLK1_BOT_TOP
  << in  54 88 80 BRPLL0CLK0_TOP
  << in  54 88 80 PCLKL0_TOP
  << in  54 88 80 TRMDCLK1_BOT_TOP
  << in  54 88 80 TRPLL0CLK1_TOP
  << in  54 88 80 TRPLL0CLK3_TOP
  << in  54 88 80 BRMDCLK1_BOT_TOP
  << in  54 88 80 BLBDCLK2_BOT_TOP
  << in  54 88 80 BRPLL0CLK2_TOP
  << in  54 88 80 TRPLL1CLK0_TOP
  << in  54 88 80 PCLKR1_TOP
  << in  54 88 80 PCLKB1_TOP
  << in  54 88 80 TLPLL0CLK3_TOP
  << in  54 88 80 TLPLL1CLK2_TOP
  << in  54 88 80 TRBDCLK2_BOT_TOP
  << in  54 88 80 BRPLL0CLK3_TOP
  << in  54 88 80 TRPLL0CLK0_TOP
  << in  54 88 80 BLPLL0CLK2_TOP
  << in  54 88 80 TRPLL1CLK1_TOP
  << in  54 88 80 BLPLL0CLK1_TOP
  << in  54 88 80 PCLKL1_TOP
  << in  54 88 80 BRBDCLK3_BOT_TOP
  << in  54 88 80 TLPLL1CLK1_TOP
  << in  54 88 80 TRPLL1CLK2_TOP
  << in  54 88 80 TRPLL1CLK3_TOP
  << in  54 88 80 BLPLL0CLK3_TOP
54 93 85 SPINE8 BRIDGE CBRIDGEOUT_TOP0
  << in  54 93 85 BRBDCLK3_TOP_TOP
  << in  54 93 85 PCLKR0_TOP
  << in  54 93 85 BLPLL0CLK0_TOP
  << in  54 93 85 PCLKB0_TOP
  << in  54 93 85 TRBDCLK2_TOP_TOP
  << in  54 93 85 TLPLL0CLK2_TOP
  << in  54 93 85 PCLKT0_TOP
  << in  54 93 85 TLBDCLK1_TOP_TOP
  << in  54 93 85 TLPLL1CLK0_TOP
  << in  54 93 85 BRPLL0CLK1_TOP
  << in  54 93 85 TLPLL0CLK1_TOP
  << in  54 93 85 TLPLL0CLK0_TOP
  << in  54 93 85 PCLKT1_TOP
  << in  54 93 85 TRMDCLK1_TOP_TOP
  << in  54 93 85 TRPLL0CLK2_TOP
  << in  54 93 85 TLPLL1CLK3_TOP
  << in  54 93 85 BRPLL0CLK0_TOP
  << in  54 93 85 PCLKL0_TOP
  << in  54 93 85 BLMDCLK1_TOP_TOP
  << in  54 93 85 TRPLL0CLK1_TOP
  << in  54 93 85 TRPLL0CLK3_TOP
  << in  54 93 85 BLMDCLK1_BOT_TOP
  << in  54 93 85 BRPLL0CLK2_TOP
  << in  54 93 85 TRPLL1CLK0_TOP
  << in  54 93 85 PCLKR1_TOP
  << in  54 93 85 TLMDCLK1_TOP_TOP
  << in  54 93 85 PCLKB1_TOP
  << in  54 93 85 TLPLL0CLK3_TOP
  << in  54 93 85 TLPLL1CLK2_TOP
  << in  54 93 85 BRPLL0CLK3_TOP
  << in  54 93 85 TRPLL0CLK0_TOP
  << in  54 93 85 BLPLL0CLK2_TOP
  << in  54 93 85 TRPLL1CLK1_TOP
  << in  54 93 85 BLPLL0CLK1_TOP
  << in  54 93 85 PCLKL1_TOP
  << in  54 93 85 BRMDCLK1_TOP_TOP
  << in  54 93 85 BLBDCLK2_TOP_TOP
  << in  54 93 85 TLPLL1CLK1_TOP
  << in  54 93 85 TRPLL1CLK2_TOP
  << in  54 93 85 TRPLL1CLK3_TOP
  << in  54 93 85 BLPLL0CLK3_TOP
54 93 85 SPINE9 BRIDGE CBRIDGEOUT_TOP1
  << in  54 93 85 BRBDCLK3_TOP_TOP
  << in  54 93 85 PCLKR0_TOP
  << in  54 93 85 BLPLL0CLK0_TOP
  << in  54 93 85 PCLKB0_TOP
  << in  54 93 85 TRBDCLK2_TOP_TOP
  << in  54 93 85 TLPLL0CLK2_TOP
  << in  54 93 85 PCLKT0_TOP
  << in  54 93 85 TLBDCLK1_TOP_TOP
  << in  54 93 85 TLPLL1CLK0_TOP
  << in  54 93 85 BRPLL0CLK1_TOP
  << in  54 93 85 TLPLL0CLK1_TOP
  << in  54 93 85 TLPLL0CLK0_TOP
  << in  54 93 85 PCLKT1_TOP
  << in  54 93 85 TRMDCLK1_TOP_TOP
  << in  54 93 85 TRPLL0CLK2_TOP
  << in  54 93 85 TLPLL1CLK3_TOP
  << in  54 93 85 BRPLL0CLK0_TOP
  << in  54 93 85 PCLKL0_TOP
  << in  54 93 85 BLMDCLK1_TOP_TOP
  << in  54 93 85 TRPLL0CLK1_TOP
  << in  54 93 85 TRPLL0CLK3_TOP
  << in  54 93 85 BLMDCLK1_BOT_TOP
  << in  54 93 85 BRPLL0CLK2_TOP
  << in  54 93 85 TRPLL1CLK0_TOP
  << in  54 93 85 PCLKR1_TOP
  << in  54 93 85 TLMDCLK1_TOP_TOP
  << in  54 93 85 PCLKB1_TOP
  << in  54 93 85 TLPLL0CLK3_TOP
  << in  54 93 85 TLPLL1CLK2_TOP
  << in  54 93 85 BRPLL0CLK3_TOP
  << in  54 93 85 TRPLL0CLK0_TOP
  << in  54 93 85 BLPLL0CLK2_TOP
  << in  54 93 85 TRPLL1CLK1_TOP
  << in  54 93 85 BLPLL0CLK1_TOP
  << in  54 93 85 PCLKL1_TOP
  << in  54 93 85 BRMDCLK1_TOP_TOP
  << in  54 93 85 BLBDCLK2_TOP_TOP
  << in  54 93 85 TLPLL1CLK1_TOP
  << in  54 93 85 TRPLL1CLK2_TOP
  << in  54 93 85 TRPLL1CLK3_TOP
  << in  54 93 85 BLPLL0CLK3_TOP
54 93 85 SPINE10 BRIDGE CBRIDGEOUT_TOP2
  << in  54 93 85 BRBDCLK3_TOP_TOP
  << in  54 93 85 PCLKR0_TOP
  << in  54 93 85 BLPLL0CLK0_TOP
  << in  54 93 85 PCLKB0_TOP
  << in  54 93 85 TRBDCLK2_TOP_TOP
  << in  54 93 85 TLPLL0CLK2_TOP
  << in  54 93 85 PCLKT0_TOP
  << in  54 93 85 TLBDCLK1_TOP_TOP
  << in  54 93 85 TLPLL1CLK0_TOP
  << in  54 93 85 BRPLL0CLK1_TOP
  << in  54 93 85 TLPLL0CLK1_TOP
  << in  54 93 85 TLPLL0CLK0_TOP
  << in  54 93 85 PCLKT1_TOP
  << in  54 93 85 TRMDCLK1_TOP_TOP
  << in  54 93 85 TRPLL0CLK2_TOP
  << in  54 93 85 TLPLL1CLK3_TOP
  << in  54 93 85 BRPLL0CLK0_TOP
  << in  54 93 85 PCLKL0_TOP
  << in  54 93 85 BLMDCLK1_TOP_TOP
  << in  54 93 85 TRPLL0CLK1_TOP
  << in  54 93 85 TRPLL0CLK3_TOP
  << in  54 93 85 BLMDCLK1_BOT_TOP
  << in  54 93 85 BRPLL0CLK2_TOP
  << in  54 93 85 TRPLL1CLK0_TOP
  << in  54 93 85 PCLKR1_TOP
  << in  54 93 85 TLMDCLK1_TOP_TOP
  << in  54 93 85 PCLKB1_TOP
  << in  54 93 85 TLPLL0CLK3_TOP
  << in  54 93 85 TLPLL1CLK2_TOP
  << in  54 93 85 BRPLL0CLK3_TOP
  << in  54 93 85 TRPLL0CLK0_TOP
  << in  54 93 85 BLPLL0CLK2_TOP
  << in  54 93 85 TRPLL1CLK1_TOP
  << in  54 93 85 BLPLL0CLK1_TOP
  << in  54 93 85 PCLKL1_TOP
  << in  54 93 85 BRMDCLK1_TOP_TOP
  << in  54 93 85 BLBDCLK2_TOP_TOP
  << in  54 93 85 TLPLL1CLK1_TOP
  << in  54 93 85 TRPLL1CLK2_TOP
  << in  54 93 85 TRPLL1CLK3_TOP
  << in  54 93 85 BLPLL0CLK3_TOP
54 93 85 SPINE11 BRIDGE CBRIDGEOUT_TOP3
  << in  54 93 85 BRBDCLK3_TOP_TOP
  << in  54 93 85 PCLKR0_TOP
  << in  54 93 85 BLPLL0CLK0_TOP
  << in  54 93 85 PCLKB0_TOP
  << in  54 93 85 TRBDCLK2_TOP_TOP
  << in  54 93 85 TLPLL0CLK2_TOP
  << in  54 93 85 PCLKT0_TOP
  << in  54 93 85 TLBDCLK1_TOP_TOP
  << in  54 93 85 TLPLL1CLK0_TOP
  << in  54 93 85 BRPLL0CLK1_TOP
  << in  54 93 85 TLPLL0CLK1_TOP
  << in  54 93 85 TLPLL0CLK0_TOP
  << in  54 93 85 PCLKT1_TOP
  << in  54 93 85 TRMDCLK1_TOP_TOP
  << in  54 93 85 TRPLL0CLK2_TOP
  << in  54 93 85 TLPLL1CLK3_TOP
  << in  54 93 85 BRPLL0CLK0_TOP
  << in  54 93 85 PCLKL0_TOP
  << in  54 93 85 BLMDCLK1_TOP_TOP
  << in  54 93 85 TRPLL0CLK1_TOP
  << in  54 93 85 TRPLL0CLK3_TOP
  << in  54 93 85 BLMDCLK1_BOT_TOP
  << in  54 93 85 BRPLL0CLK2_TOP
  << in  54 93 85 TRPLL1CLK0_TOP
  << in  54 93 85 PCLKR1_TOP
  << in  54 93 85 TLMDCLK1_TOP_TOP
  << in  54 93 85 PCLKB1_TOP
  << in  54 93 85 TLPLL0CLK3_TOP
  << in  54 93 85 TLPLL1CLK2_TOP
  << in  54 93 85 BRPLL0CLK3_TOP
  << in  54 93 85 TRPLL0CLK0_TOP
  << in  54 93 85 BLPLL0CLK2_TOP
  << in  54 93 85 TRPLL1CLK1_TOP
  << in  54 93 85 BLPLL0CLK1_TOP
  << in  54 93 85 PCLKL1_TOP
  << in  54 93 85 BRMDCLK1_TOP_TOP
  << in  54 93 85 BLBDCLK2_TOP_TOP
  << in  54 93 85 TLPLL1CLK1_TOP
  << in  54 93 85 TRPLL1CLK2_TOP
  << in  54 93 85 TRPLL1CLK3_TOP
  << in  54 93 85 BLPLL0CLK3_TOP
54 93 85 SPINE12 BRIDGE CBRIDGEOUT_TOP4
  << in  54 93 85 BRBDCLK3_TOP_TOP
  << in  54 93 85 PCLKR0_TOP
  << in  54 93 85 BLPLL0CLK0_TOP
  << in  54 93 85 PCLKB0_TOP
  << in  54 93 85 TRBDCLK2_TOP_TOP
  << in  54 93 85 TLPLL0CLK2_TOP
  << in  54 93 85 PCLKT0_TOP
  << in  54 93 85 TLBDCLK1_TOP_TOP
  << in  54 93 85 TLPLL1CLK0_TOP
  << in  54 93 85 BRPLL0CLK1_TOP
  << in  54 93 85 TLPLL0CLK1_TOP
  << in  54 93 85 TLPLL0CLK0_TOP
  << in  54 93 85 PCLKT1_TOP
  << in  54 93 85 TRMDCLK1_TOP_TOP
  << in  54 93 85 TRPLL0CLK2_TOP
  << in  54 93 85 TLPLL1CLK3_TOP
  << in  54 93 85 BRPLL0CLK0_TOP
  << in  54 93 85 PCLKL0_TOP
  << in  54 93 85 BLMDCLK1_TOP_TOP
  << in  54 93 85 TRPLL0CLK1_TOP
  << in  54 93 85 TRPLL0CLK3_TOP
  << in  54 93 85 BLMDCLK1_BOT_TOP
  << in  54 93 85 BRPLL0CLK2_TOP
  << in  54 93 85 TRPLL1CLK0_TOP
  << in  54 93 85 PCLKR1_TOP
  << in  54 93 85 TLMDCLK1_TOP_TOP
  << in  54 93 85 PCLKB1_TOP
  << in  54 93 85 TLPLL0CLK3_TOP
  << in  54 93 85 TLPLL1CLK2_TOP
  << in  54 93 85 BRPLL0CLK3_TOP
  << in  54 93 85 TRPLL0CLK0_TOP
  << in  54 93 85 BLPLL0CLK2_TOP
  << in  54 93 85 TRPLL1CLK1_TOP
  << in  54 93 85 BLPLL0CLK1_TOP
  << in  54 93 85 PCLKL1_TOP
  << in  54 93 85 BRMDCLK1_TOP_TOP
  << in  54 93 85 BLBDCLK2_TOP_TOP
  << in  54 93 85 TLPLL1CLK1_TOP
  << in  54 93 85 TRPLL1CLK2_TOP
  << in  54 93 85 TRPLL1CLK3_TOP
  << in  54 93 85 BLPLL0CLK3_TOP
54 93 85 SPINE13 BRIDGE CBRIDGEOUT_TOP5
  << in  54 93 85 BRBDCLK3_TOP_TOP
  << in  54 93 85 PCLKR0_TOP
  << in  54 93 85 BLPLL0CLK0_TOP
  << in  54 93 85 PCLKB0_TOP
  << in  54 93 85 TRBDCLK2_TOP_TOP
  << in  54 93 85 TLPLL0CLK2_TOP
  << in  54 93 85 PCLKT0_TOP
  << in  54 93 85 TLBDCLK1_TOP_TOP
  << in  54 93 85 TLPLL1CLK0_TOP
  << in  54 93 85 BRPLL0CLK1_TOP
  << in  54 93 85 TLPLL0CLK1_TOP
  << in  54 93 85 TLPLL0CLK0_TOP
  << in  54 93 85 PCLKT1_TOP
  << in  54 93 85 TRMDCLK1_TOP_TOP
  << in  54 93 85 TRPLL0CLK2_TOP
  << in  54 93 85 TLPLL1CLK3_TOP
  << in  54 93 85 BRPLL0CLK0_TOP
  << in  54 93 85 PCLKL0_TOP
  << in  54 93 85 BLMDCLK1_TOP_TOP
  << in  54 93 85 TRPLL0CLK1_TOP
  << in  54 93 85 TRPLL0CLK3_TOP
  << in  54 93 85 BLMDCLK1_BOT_TOP
  << in  54 93 85 BRPLL0CLK2_TOP
  << in  54 93 85 TRPLL1CLK0_TOP
  << in  54 93 85 PCLKR1_TOP
  << in  54 93 85 TLMDCLK1_TOP_TOP
  << in  54 93 85 PCLKB1_TOP
  << in  54 93 85 TLPLL0CLK3_TOP
  << in  54 93 85 TLPLL1CLK2_TOP
  << in  54 93 85 BRPLL0CLK3_TOP
  << in  54 93 85 TRPLL0CLK0_TOP
  << in  54 93 85 BLPLL0CLK2_TOP
  << in  54 93 85 TRPLL1CLK1_TOP
  << in  54 93 85 BLPLL0CLK1_TOP
  << in  54 93 85 PCLKL1_TOP
  << in  54 93 85 BRMDCLK1_TOP_TOP
  << in  54 93 85 BLBDCLK2_TOP_TOP
  << in  54 93 85 TLPLL1CLK1_TOP
  << in  54 93 85 TRPLL1CLK2_TOP
  << in  54 93 85 TRPLL1CLK3_TOP
  << in  54 93 85 BLPLL0CLK3_TOP
Create clock wires. Half:1
81 85 208 SPINE8
  << in  81 85 208 CBRIDGEOUT_BOTTOM3_BOT
  << in  81 85 208 CBRIDGEOUT_TOP0_BOT
81 85 208 SPINE10
  << in  81 85 208 CBRIDGEOUT_BOTTOM2_BOT
  << in  81 85 208 CBRIDGEOUT_TOP1_BOT
81 85 208 SPINE9
  << in  81 85 208 CBRIDGEOUT_TOP2_BOT
  << in  81 85 208 CBRIDGEOUT_BOTTOM0_BOT
81 85 208 SPINE11
  << in  81 85 208 CBRIDGEOUT_TOP3_BOT
  << in  81 85 208 CBRIDGEOUT_BOTTOM1_BOT
81 85 208 SPINE13
  << in  81 85 208 CBRIDGEOUT_TOP5_BOT
  << in  81 85 208 CBRIDGEOUT_BOTTOM6_BOT
81 85 208 SPINE12
  << in  81 85 208 CBRIDGEOUT_BOTTOM4_BOT
  << in  81 85 208 CBRIDGEOUT_TOP6_BOT
81 85 208 SPINE6
  << in  81 85 208 CBRIDGEOUT_TOP7_BOT
81 85 208 SPINE14
  << in  81 85 208 CBRIDGEOUT_TOP7_BOT
81 85 208 SPINE22
  << in  81 85 208 CBRIDGEOUT_TOP7_BOT
81 85 208 SPINE30
  << in  81 85 208 CBRIDGEOUT_TOP7_BOT
81 86 209 SPINE14
  << in  81 86 209 CBRIDGEOUT_TOP7_BOT
81 87 210 SPINE0
  << in  81 87 210 CBRIDGEOUT_BOTTOM3_BOT
  << in  81 87 210 CBRIDGEOUT_TOP0_BOT
81 87 210 SPINE2
  << in  81 87 210 CBRIDGEOUT_BOTTOM2_BOT
  << in  81 87 210 CBRIDGEOUT_TOP1_BOT
81 87 210 SPINE1
  << in  81 87 210 CBRIDGEOUT_TOP2_BOT
  << in  81 87 210 CBRIDGEOUT_BOTTOM0_BOT
81 87 210 SPINE3
  << in  81 87 210 CBRIDGEOUT_TOP3_BOT
  << in  81 87 210 CBRIDGEOUT_BOTTOM1_BOT
81 87 210 SPINE5
  << in  81 87 210 CBRIDGEOUT_TOP5_BOT
  << in  81 87 210 CBRIDGEOUT_BOTTOM6_BOT
81 87 210 SPINE4
  << in  81 87 210 CBRIDGEOUT_BOTTOM4_BOT
  << in  81 87 210 CBRIDGEOUT_TOP6_BOT
81 87 210 SPINE15
  << in  81 87 210 CBRIDGEOUT_BOTTOM7_BOT
81 88 211 SPINE7
  << in  81 88 211 CBRIDGEOUT_BOTTOM7_BOT
81 94 217 SPINE16
  << in  81 94 217 CBRIDGEOUT_BOTTOM3_BOT
  << in  81 94 217 CBRIDGEOUT_TOP0_BOT
81 94 217 SPINE18
  << in  81 94 217 CBRIDGEOUT_BOTTOM2_BOT
  << in  81 94 217 CBRIDGEOUT_TOP1_BOT
81 94 217 SPINE17
  << in  81 94 217 CBRIDGEOUT_TOP2_BOT
  << in  81 94 217 CBRIDGEOUT_BOTTOM0_BOT
81 94 217 SPINE19
  << in  81 94 217 CBRIDGEOUT_TOP3_BOT
  << in  81 94 217 CBRIDGEOUT_BOTTOM1_BOT
81 94 217 SPINE21
  << in  81 94 217 CBRIDGEOUT_TOP5_BOT
  << in  81 94 217 CBRIDGEOUT_BOTTOM6_BOT
81 94 217 SPINE20
  << in  81 94 217 CBRIDGEOUT_BOTTOM4_BOT
  << in  81 94 217 CBRIDGEOUT_TOP6_BOT
81 94 217 SPINE31
  << in  81 94 217 CBRIDGEOUT_BOTTOM7_BOT
81 96 219 SPINE24
  << in  81 96 219 CBRIDGEOUT_BOTTOM3_BOT
  << in  81 96 219 CBRIDGEOUT_TOP0_BOT
81 96 219 SPINE26
  << in  81 96 219 CBRIDGEOUT_BOTTOM2_BOT
  << in  81 96 219 CBRIDGEOUT_TOP1_BOT
81 96 219 SPINE25
  << in  81 96 219 CBRIDGEOUT_TOP2_BOT
  << in  81 96 219 CBRIDGEOUT_BOTTOM0_BOT
81 96 219 SPINE27
  << in  81 96 219 CBRIDGEOUT_TOP3_BOT
  << in  81 96 219 CBRIDGEOUT_BOTTOM1_BOT
81 96 219 SPINE29
  << in  81 96 219 CBRIDGEOUT_TOP5_BOT
  << in  81 96 219 CBRIDGEOUT_BOTTOM6_BOT
81 96 219 SPINE28
  << in  81 96 219 CBRIDGEOUT_BOTTOM4_BOT
  << in  81 96 219 CBRIDGEOUT_TOP6_BOT
Create logic to clock gates. Half:0
Create logic to clock gates. Half:1
160 108 91 125 BRMDCLK1_BOT
No DHCEN for GW5AST-138C for now.
849f5bfe268ac74edba32d03860513ae08bc3b53eb442ab489c7a6cc180bd75a  apycula/GW5AST-138C.msgpack.xz
Traceback (most recent call last):
  File "<frozen runpy>", line 203, in _run_module_as_main
  File "<frozen runpy>", line 88, in _run_code
  File "/Users/alex/fine-line/.atelier/worktrees/2026-09-03-open-toolchain-gw5ast-7e84/apicula/apycula/chipdb_builder.py", line 475, in <module>
    main()
    ~~~~^^
  File "/Users/alex/fine-line/.atelier/worktrees/2026-09-03-open-toolchain-gw5ast-7e84/apicula/apycula/chipdb_builder.py", line 391, in main
    fse = fse_parser.read_fse(f, device)
  File "/Users/alex/fine-line/.atelier/worktrees/2026-09-03-open-toolchain-gw5ast-7e84/apicula/apycula/fse_parser.py", line 131, in read_fse
    tiles['header'] = read_one_file(f, ttyp, device, shape_ctx)
                      ~~~~~~~~~~~~~^^^^^^^^^^^^^^^^^^^^^^^^^^^^
  File "/Users/alex/fine-line/.atelier/worktrees/2026-09-03-open-toolchain-gw5ast-7e84/apicula/apycula/fse_parser.py", line 381, in read_one_file
    raise FseShapeError(
    ...<3 lines>...
        f"expected_row_width={expected} found_row_width={found}")
apycula.fse_parser.FseShapeError: unknown table type 0x472710 at 0x70c3ac: ide_version=1.9.12.03 shape_set=v1_9_11plus table=drpfuse expected_row_width=10 found_row_width=30
check 19199191
FAIL std GW5A-25A
shasum: apycula/GW5A-25A.msgpack.xz: No such file or directory
Traceback (most recent call last):
  File "<frozen runpy>", line 203, in _run_module_as_main
  File "<frozen runpy>", line 88, in _run_code
  File "/Users/alex/fine-line/.atelier/worktrees/2026-09-03-open-toolchain-gw5ast-7e84/apicula/apycula/chipdb_builder.py", line 475, in <module>
    main()
    ~~~~^^
  File "/Users/alex/fine-line/.atelier/worktrees/2026-09-03-open-toolchain-gw5ast-7e84/apicula/apycula/chipdb_builder.py", line 391, in main
    fse = fse_parser.read_fse(f, device)
  File "/Users/alex/fine-line/.atelier/worktrees/2026-09-03-open-toolchain-gw5ast-7e84/apicula/apycula/fse_parser.py", line 131, in read_fse
    tiles['header'] = read_one_file(f, ttyp, device, shape_ctx)
                      ~~~~~~~~~~~~~^^^^^^^^^^^^^^^^^^^^^^^^^^^^
  File "/Users/alex/fine-line/.atelier/worktrees/2026-09-03-open-toolchain-gw5ast-7e84/apicula/apycula/fse_parser.py", line 381, in read_one_file
    raise FseShapeError(
    ...<3 lines>...
        f"expected_row_width={expected} found_row_width={found}")
apycula.fse_parser.FseShapeError: unknown table type 0x27102710 at 0x8717ac: ide_version=1.9.12.03 shape_set=v1_9_11plus table=drpfuse expected_row_width=10 found_row_width=30
check 19199191
FAIL std GW5AT-60B
shasum: apycula/GW5AT-60B.msgpack.xz: No such file or directory
check 19199191
row too big 274 50 22 0 120 10000 2640
row too big 274 50 22 0 120 10000 2640
row too big 274 50 22 0 120 10000 2640
row too big 274 50 22 0 120 10000 2640
row too big 274 50 22 0 120 10000 2640
row too big 274 50 22 0 120 10000 2640
row too big 274 50 22 0 120 10000 2640
row too big 274 50 22 0 120 10000 2640
row too big 274 50 22 0 120 10000 2640
row too big 274 50 22 0 120 10000 2640
row too big 274 50 22 0 120 10000 2640
row too big 274 50 22 0 120 10000 2640
row too big 274 50 22 0 120 10000 2640
row too big 274 50 22 0 120 10000 2640
row too big 274 50 22 0 120 10000 2640
row too big 274 50 22 0 120 10000 2640
row too big 274 50 22 0 120 10000 2640
row too big 274 50 22 0 120 10000 2640
row too big 274 50 22 0 120 10000 2640
row too big 274 50 22 0 120 10000 2640
row too big 274 50 22 0 120 10000 2640
row too big 274 50 22 0 120 10000 2640
row too big 274 50 22 0 120 10000 2640
row too big 274 50 22 0 120 10000 2640
row too big 274 50 22 0 120 10000 2640
row too big 274 50 22 0 120 10000 2640
row too big 274 50 22 0 120 10000 2640
row too big 274 50 22 0 120 10000 2640
row too big 274 50 22 0 120 10000 2640
row too big 274 50 22 0 120 10000 2640
row too big 274 50 22 0 120 10000 2640
row too big 274 50 22 0 120 10000 2640
row too big 274 50 22 0 120 10000 2640
row too big 274 50 22 0 120 10000 2640
row too big 274 50 22 0 120 10000 2640
row too big 274 50 22 0 120 10000 2640
row too big 274 50 22 0 120 10000 2640
row too big 274 50 22 0 120 10000 2640
row too big 379 50 22 0 120 10000 2640
row too big 379 50 22 0 120 10000 2640
row too big 379 50 22 0 120 10000 2640
row too big 379 50 22 0 120 10000 2640
row too big 379 50 22 0 120 10000 2640
row too big 379 50 22 0 120 10000 2640
row too big 379 50 22 0 120 10000 2640
row too big 379 50 22 0 120 10000 2640
row too big 379 50 22 0 120 10000 2640
row too big 379 50 22 0 120 10000 2640
row too big 379 50 22 0 120 10000 2640
row too big 379 50 22 0 120 10000 2640
row too big 379 50 22 0 120 10000 2640
row too big 379 50 22 0 120 10000 2640
row too big 379 50 22 0 120 10000 2640
row too big 379 50 22 0 120 10000 2640
row too big 379 50 22 0 120 10000 2640
row too big 379 50 22 0 120 10000 2640
row too big 379 50 22 0 120 10000 2640
row too big 379 50 22 0 120 10000 2640
row too big 379 50 22 0 120 10000 2640
row too big 379 50 22 0 120 10000 2640
row too big 379 50 22 0 120 10000 2640
row too big 379 50 22 0 120 10000 2640
row too big 379 50 22 0 120 10000 2640
row too big 379 50 22 0 120 10000 2640
row too big 379 50 22 0 120 10000 2640
row too big 379 50 22 0 120 10000 2640
row too big 379 50 22 0 120 10000 2640
row too big 379 50 22 0 120 10000 2640
row too big 379 50 22 0 120 10000 2640
row too big 379 50 22 0 120 10000 2640
row too big 379 50 22 0 120 10000 2640
row too big 379 50 22 0 120 10000 2640
row too big 379 50 22 0 120 10000 2640
row too big 379 50 22 0 120 10000 2640
row too big 379 50 22 0 120 10000 2640
row too big 379 50 22 0 120 10000 2640
Create clock wires. Half:0
27 85 196 SPINE8
  << in  27 85 196 CBRIDGEOUT_BOTTOM3_TOP
  << in  27 85 196 CBRIDGEOUT_TOP0_TOP
27 85 196 SPINE10
  << in  27 85 196 CBRIDGEOUT_BOTTOM2_TOP
  << in  27 85 196 CBRIDGEOUT_TOP1_TOP
27 85 196 SPINE9
  << in  27 85 196 CBRIDGEOUT_TOP2_TOP
  << in  27 85 196 CBRIDGEOUT_BOTTOM0_TOP
27 85 196 SPINE11
  << in  27 85 196 CBRIDGEOUT_BOTTOM1_TOP
  << in  27 85 196 CBRIDGEOUT_TOP3_TOP
27 85 196 SPINE13
  << in  27 85 196 CBRIDGEOUT_BOTTOM6_TOP
  << in  27 85 196 CBRIDGEOUT_TOP5_TOP
27 85 196 SPINE12
  << in  27 85 196 CBRIDGEOUT_TOP6_TOP
  << in  27 85 196 CBRIDGEOUT_BOTTOM4_TOP
27 85 196 SPINE6
  << in  27 85 196 CBRIDGEOUT_TOP7_TOP
27 85 196 SPINE14
  << in  27 85 196 CBRIDGEOUT_TOP7_TOP
27 85 196 SPINE22
  << in  27 85 196 CBRIDGEOUT_TOP7_TOP
27 85 196 SPINE30
  << in  27 85 196 CBRIDGEOUT_TOP7_TOP
27 86 197 SPINE14
  << in  27 86 197 CBRIDGEOUT_TOP7_TOP
27 87 198 SPINE0
  << in  27 87 198 CBRIDGEOUT_BOTTOM3_TOP
  << in  27 87 198 CBRIDGEOUT_TOP0_TOP
27 87 198 SPINE2
  << in  27 87 198 CBRIDGEOUT_BOTTOM2_TOP
  << in  27 87 198 CBRIDGEOUT_TOP1_TOP
27 87 198 SPINE1
  << in  27 87 198 CBRIDGEOUT_TOP2_TOP
  << in  27 87 198 CBRIDGEOUT_BOTTOM0_TOP
27 87 198 SPINE3
  << in  27 87 198 CBRIDGEOUT_BOTTOM1_TOP
  << in  27 87 198 CBRIDGEOUT_TOP3_TOP
27 87 198 SPINE5
  << in  27 87 198 CBRIDGEOUT_BOTTOM6_TOP
  << in  27 87 198 CBRIDGEOUT_TOP5_TOP
27 87 198 SPINE4
  << in  27 87 198 CBRIDGEOUT_TOP6_TOP
  << in  27 87 198 CBRIDGEOUT_BOTTOM4_TOP
27 87 198 SPINE15
  << in  27 87 198 CBRIDGEOUT_BOTTOM7_TOP
27 88 199 SPINE7
  << in  27 88 199 CBRIDGEOUT_BOTTOM7_TOP
27 94 205 SPINE16
  << in  27 94 205 CBRIDGEOUT_BOTTOM3_TOP
  << in  27 94 205 CBRIDGEOUT_TOP0_TOP
27 94 205 SPINE18
  << in  27 94 205 CBRIDGEOUT_BOTTOM2_TOP
  << in  27 94 205 CBRIDGEOUT_TOP1_TOP
27 94 205 SPINE17
  << in  27 94 205 CBRIDGEOUT_TOP2_TOP
  << in  27 94 205 CBRIDGEOUT_BOTTOM0_TOP
27 94 205 SPINE19
  << in  27 94 205 CBRIDGEOUT_BOTTOM1_TOP
  << in  27 94 205 CBRIDGEOUT_TOP3_TOP
27 94 205 SPINE21
  << in  27 94 205 CBRIDGEOUT_BOTTOM6_TOP
  << in  27 94 205 CBRIDGEOUT_TOP5_TOP
27 94 205 SPINE20
  << in  27 94 205 CBRIDGEOUT_TOP6_TOP
  << in  27 94 205 CBRIDGEOUT_BOTTOM4_TOP
27 94 205 SPINE31
  << in  27 94 205 CBRIDGEOUT_BOTTOM7_TOP
27 96 207 SPINE24
  << in  27 96 207 CBRIDGEOUT_BOTTOM3_TOP
  << in  27 96 207 CBRIDGEOUT_TOP0_TOP
27 96 207 SPINE26
  << in  27 96 207 CBRIDGEOUT_BOTTOM2_TOP
  << in  27 96 207 CBRIDGEOUT_TOP1_TOP
27 96 207 SPINE25
  << in  27 96 207 CBRIDGEOUT_TOP2_TOP
  << in  27 96 207 CBRIDGEOUT_BOTTOM0_TOP
27 96 207 SPINE27
  << in  27 96 207 CBRIDGEOUT_BOTTOM1_TOP
  << in  27 96 207 CBRIDGEOUT_TOP3_TOP
27 96 207 SPINE29
  << in  27 96 207 CBRIDGEOUT_BOTTOM6_TOP
  << in  27 96 207 CBRIDGEOUT_TOP5_TOP
27 96 207 SPINE28
  << in  27 96 207 CBRIDGEOUT_TOP6_TOP
  << in  27 96 207 CBRIDGEOUT_BOTTOM4_TOP
54 88 80 SPINE16 BRIDGE CBRIDGEOUT_BOTTOM0
  << in  54 88 80 BRBDCLK3_BOT_TOP
  << in  54 88 80 TLMDCLK1_BOT_TOP
  << in  54 88 80 BLPLL0CLK0_TOP
  << in  54 88 80 PCLKR0_TOP
  << in  54 88 80 BLPLL0CLK1_TOP
  << in  54 88 80 TLPLL0CLK3_TOP
  << in  54 88 80 TLPLL0CLK0_TOP
  << in  54 88 80 TLPLL1CLK0_TOP
  << in  54 88 80 TRMDCLK1_BOT_TOP
  << in  54 88 80 TRPLL1CLK1_TOP
  << in  54 88 80 PCLKR1_TOP
  << in  54 88 80 PCLKT0_TOP
  << in  54 88 80 TLBDCLK1_BOT_TOP
  << in  54 88 80 PCLKB0_TOP
  << in  54 88 80 TRPLL0CLK0_TOP
  << in  54 88 80 TRPLL1CLK3_TOP
  << in  54 88 80 TRPLL0CLK3_TOP
  << in  54 88 80 TLPLL1CLK3_TOP
  << in  54 88 80 TLPLL0CLK2_TOP
  << in  54 88 80 TRPLL0CLK2_TOP
  << in  54 88 80 TRPLL1CLK0_TOP
  << in  54 88 80 BRPLL0CLK2_TOP
  << in  54 88 80 BRPLL0CLK0_TOP
  << in  54 88 80 TLPLL1CLK2_TOP
  << in  54 88 80 BRPLL0CLK1_TOP
  << in  54 88 80 BRPLL0CLK3_TOP
  << in  54 88 80 PCLKL0_TOP
  << in  54 88 80 BLPLL0CLK3_TOP
  << in  54 88 80 TRBDCLK2_BOT_TOP
  << in  54 88 80 BRMDCLK1_BOT_TOP
  << in  54 88 80 BLBDCLK2_BOT_TOP
  << in  54 88 80 TRPLL1CLK2_TOP
  << in  54 88 80 TLPLL1CLK1_TOP
  << in  54 88 80 TLPLL0CLK1_TOP
  << in  54 88 80 BLPLL0CLK2_TOP
  << in  54 88 80 TRPLL0CLK1_TOP
  << in  54 88 80 PCLKB1_TOP
  << in  54 88 80 PCLKL1_TOP
  << in  54 88 80 PCLKT1_TOP
54 88 80 SPINE17 BRIDGE CBRIDGEOUT_BOTTOM1
  << in  54 88 80 BRBDCLK3_BOT_TOP
  << in  54 88 80 TLMDCLK1_BOT_TOP
  << in  54 88 80 BLPLL0CLK0_TOP
  << in  54 88 80 PCLKR0_TOP
  << in  54 88 80 BLPLL0CLK1_TOP
  << in  54 88 80 TLPLL0CLK3_TOP
  << in  54 88 80 TLPLL0CLK0_TOP
  << in  54 88 80 TLPLL1CLK0_TOP
  << in  54 88 80 TRMDCLK1_BOT_TOP
  << in  54 88 80 TRPLL1CLK1_TOP
  << in  54 88 80 PCLKR1_TOP
  << in  54 88 80 PCLKT0_TOP
  << in  54 88 80 TLBDCLK1_BOT_TOP
  << in  54 88 80 PCLKB0_TOP
  << in  54 88 80 TRPLL0CLK0_TOP
  << in  54 88 80 TRPLL1CLK3_TOP
  << in  54 88 80 TRPLL0CLK3_TOP
  << in  54 88 80 TLPLL1CLK3_TOP
  << in  54 88 80 TLPLL0CLK2_TOP
  << in  54 88 80 TRPLL0CLK2_TOP
  << in  54 88 80 TRPLL1CLK0_TOP
  << in  54 88 80 BRPLL0CLK2_TOP
  << in  54 88 80 BRPLL0CLK0_TOP
  << in  54 88 80 TLPLL1CLK2_TOP
  << in  54 88 80 BRPLL0CLK1_TOP
  << in  54 88 80 BRPLL0CLK3_TOP
  << in  54 88 80 PCLKL0_TOP
  << in  54 88 80 BLPLL0CLK3_TOP
  << in  54 88 80 TRBDCLK2_BOT_TOP
  << in  54 88 80 BRMDCLK1_BOT_TOP
  << in  54 88 80 BLBDCLK2_BOT_TOP
  << in  54 88 80 TRPLL1CLK2_TOP
  << in  54 88 80 TLPLL1CLK1_TOP
  << in  54 88 80 TLPLL0CLK1_TOP
  << in  54 88 80 BLPLL0CLK2_TOP
  << in  54 88 80 TRPLL0CLK1_TOP
  << in  54 88 80 PCLKB1_TOP
  << in  54 88 80 PCLKL1_TOP
  << in  54 88 80 PCLKT1_TOP
54 88 80 SPINE18 BRIDGE CBRIDGEOUT_BOTTOM2
  << in  54 88 80 BRBDCLK3_BOT_TOP
  << in  54 88 80 TLMDCLK1_BOT_TOP
  << in  54 88 80 BLPLL0CLK0_TOP
  << in  54 88 80 PCLKR0_TOP
  << in  54 88 80 BLPLL0CLK1_TOP
  << in  54 88 80 TLPLL0CLK3_TOP
  << in  54 88 80 TLPLL0CLK0_TOP
  << in  54 88 80 TLPLL1CLK0_TOP
  << in  54 88 80 TRMDCLK1_BOT_TOP
  << in  54 88 80 TRPLL1CLK1_TOP
  << in  54 88 80 PCLKR1_TOP
  << in  54 88 80 PCLKT0_TOP
  << in  54 88 80 TLBDCLK1_BOT_TOP
  << in  54 88 80 PCLKB0_TOP
  << in  54 88 80 TRPLL0CLK0_TOP
  << in  54 88 80 TRPLL1CLK3_TOP
  << in  54 88 80 TRPLL0CLK3_TOP
  << in  54 88 80 TLPLL1CLK3_TOP
  << in  54 88 80 TLPLL0CLK2_TOP
  << in  54 88 80 TRPLL0CLK2_TOP
  << in  54 88 80 TRPLL1CLK0_TOP
  << in  54 88 80 BRPLL0CLK2_TOP
  << in  54 88 80 BRPLL0CLK0_TOP
  << in  54 88 80 TLPLL1CLK2_TOP
  << in  54 88 80 BRPLL0CLK1_TOP
  << in  54 88 80 BRPLL0CLK3_TOP
  << in  54 88 80 PCLKL0_TOP
  << in  54 88 80 BLPLL0CLK3_TOP
  << in  54 88 80 TRBDCLK2_BOT_TOP
  << in  54 88 80 BRMDCLK1_BOT_TOP
  << in  54 88 80 BLBDCLK2_BOT_TOP
  << in  54 88 80 TRPLL1CLK2_TOP
  << in  54 88 80 TLPLL1CLK1_TOP
  << in  54 88 80 TLPLL0CLK1_TOP
  << in  54 88 80 BLPLL0CLK2_TOP
  << in  54 88 80 TRPLL0CLK1_TOP
  << in  54 88 80 PCLKB1_TOP
  << in  54 88 80 PCLKL1_TOP
  << in  54 88 80 PCLKT1_TOP
54 88 80 SPINE19 BRIDGE CBRIDGEOUT_BOTTOM3
  << in  54 88 80 BRBDCLK3_BOT_TOP
  << in  54 88 80 TLMDCLK1_BOT_TOP
  << in  54 88 80 BLPLL0CLK0_TOP
  << in  54 88 80 PCLKR0_TOP
  << in  54 88 80 BLPLL0CLK1_TOP
  << in  54 88 80 TLPLL0CLK3_TOP
  << in  54 88 80 TLPLL0CLK0_TOP
  << in  54 88 80 TLPLL1CLK0_TOP
  << in  54 88 80 TRMDCLK1_BOT_TOP
  << in  54 88 80 TRPLL1CLK1_TOP
  << in  54 88 80 PCLKR1_TOP
  << in  54 88 80 PCLKT0_TOP
  << in  54 88 80 TLBDCLK1_BOT_TOP
  << in  54 88 80 PCLKB0_TOP
  << in  54 88 80 TRPLL0CLK0_TOP
  << in  54 88 80 TRPLL1CLK3_TOP
  << in  54 88 80 TRPLL0CLK3_TOP
  << in  54 88 80 TLPLL1CLK3_TOP
  << in  54 88 80 TLPLL0CLK2_TOP
  << in  54 88 80 TRPLL0CLK2_TOP
  << in  54 88 80 TRPLL1CLK0_TOP
  << in  54 88 80 BRPLL0CLK2_TOP
  << in  54 88 80 BRPLL0CLK0_TOP
  << in  54 88 80 TLPLL1CLK2_TOP
  << in  54 88 80 BRPLL0CLK1_TOP
  << in  54 88 80 BRPLL0CLK3_TOP
  << in  54 88 80 PCLKL0_TOP
  << in  54 88 80 BLPLL0CLK3_TOP
  << in  54 88 80 TRBDCLK2_BOT_TOP
  << in  54 88 80 BRMDCLK1_BOT_TOP
  << in  54 88 80 BLBDCLK2_BOT_TOP
  << in  54 88 80 TRPLL1CLK2_TOP
  << in  54 88 80 TLPLL1CLK1_TOP
  << in  54 88 80 TLPLL0CLK1_TOP
  << in  54 88 80 BLPLL0CLK2_TOP
  << in  54 88 80 TRPLL0CLK1_TOP
  << in  54 88 80 PCLKB1_TOP
  << in  54 88 80 PCLKL1_TOP
  << in  54 88 80 PCLKT1_TOP
54 88 80 SPINE20 BRIDGE CBRIDGEOUT_BOTTOM4
  << in  54 88 80 BRBDCLK3_BOT_TOP
  << in  54 88 80 TLMDCLK1_BOT_TOP
  << in  54 88 80 BLPLL0CLK0_TOP
  << in  54 88 80 PCLKR0_TOP
  << in  54 88 80 BLPLL0CLK1_TOP
  << in  54 88 80 TLPLL0CLK3_TOP
  << in  54 88 80 TLPLL0CLK0_TOP
  << in  54 88 80 TLPLL1CLK0_TOP
  << in  54 88 80 TRMDCLK1_BOT_TOP
  << in  54 88 80 TRPLL1CLK1_TOP
  << in  54 88 80 PCLKR1_TOP
  << in  54 88 80 PCLKT0_TOP
  << in  54 88 80 TLBDCLK1_BOT_TOP
  << in  54 88 80 PCLKB0_TOP
  << in  54 88 80 TRPLL0CLK0_TOP
  << in  54 88 80 TRPLL1CLK3_TOP
  << in  54 88 80 TRPLL0CLK3_TOP
  << in  54 88 80 TLPLL1CLK3_TOP
  << in  54 88 80 TLPLL0CLK2_TOP
  << in  54 88 80 TRPLL0CLK2_TOP
  << in  54 88 80 TRPLL1CLK0_TOP
  << in  54 88 80 BRPLL0CLK2_TOP
  << in  54 88 80 BRPLL0CLK0_TOP
  << in  54 88 80 TLPLL1CLK2_TOP
  << in  54 88 80 BRPLL0CLK1_TOP
  << in  54 88 80 BRPLL0CLK3_TOP
  << in  54 88 80 PCLKL0_TOP
  << in  54 88 80 BLPLL0CLK3_TOP
  << in  54 88 80 TRBDCLK2_BOT_TOP
  << in  54 88 80 BRMDCLK1_BOT_TOP
  << in  54 88 80 BLBDCLK2_BOT_TOP
  << in  54 88 80 TRPLL1CLK2_TOP
  << in  54 88 80 TLPLL1CLK1_TOP
  << in  54 88 80 TLPLL0CLK1_TOP
  << in  54 88 80 BLPLL0CLK2_TOP
  << in  54 88 80 TRPLL0CLK1_TOP
  << in  54 88 80 PCLKB1_TOP
  << in  54 88 80 PCLKL1_TOP
  << in  54 88 80 PCLKT1_TOP
54 88 80 SPINE21 BRIDGE CBRIDGEOUT_BOTTOM5
  << in  54 88 80 BRBDCLK3_BOT_TOP
  << in  54 88 80 TLMDCLK1_BOT_TOP
  << in  54 88 80 BLPLL0CLK0_TOP
  << in  54 88 80 PCLKR0_TOP
  << in  54 88 80 BLPLL0CLK1_TOP
  << in  54 88 80 TLPLL0CLK3_TOP
  << in  54 88 80 TLPLL0CLK0_TOP
  << in  54 88 80 TLPLL1CLK0_TOP
  << in  54 88 80 TRMDCLK1_BOT_TOP
  << in  54 88 80 TRPLL1CLK1_TOP
  << in  54 88 80 PCLKR1_TOP
  << in  54 88 80 PCLKT0_TOP
  << in  54 88 80 TLBDCLK1_BOT_TOP
  << in  54 88 80 PCLKB0_TOP
  << in  54 88 80 TRPLL0CLK0_TOP
  << in  54 88 80 TRPLL1CLK3_TOP
  << in  54 88 80 TRPLL0CLK3_TOP
  << in  54 88 80 TLPLL1CLK3_TOP
  << in  54 88 80 TLPLL0CLK2_TOP
  << in  54 88 80 TRPLL0CLK2_TOP
  << in  54 88 80 TRPLL1CLK0_TOP
  << in  54 88 80 BRPLL0CLK2_TOP
  << in  54 88 80 BRPLL0CLK0_TOP
  << in  54 88 80 TLPLL1CLK2_TOP
  << in  54 88 80 BRPLL0CLK1_TOP
  << in  54 88 80 BRPLL0CLK3_TOP
  << in  54 88 80 PCLKL0_TOP
  << in  54 88 80 BLPLL0CLK3_TOP
  << in  54 88 80 TRBDCLK2_BOT_TOP
  << in  54 88 80 BRMDCLK1_BOT_TOP
  << in  54 88 80 BLBDCLK2_BOT_TOP
  << in  54 88 80 TRPLL1CLK2_TOP
  << in  54 88 80 TLPLL1CLK1_TOP
  << in  54 88 80 TLPLL0CLK1_TOP
  << in  54 88 80 BLPLL0CLK2_TOP
  << in  54 88 80 TRPLL0CLK1_TOP
  << in  54 88 80 PCLKB1_TOP
  << in  54 88 80 PCLKL1_TOP
  << in  54 88 80 PCLKT1_TOP
54 93 85 SPINE8 BRIDGE CBRIDGEOUT_TOP0
  << in  54 93 85 BRMDCLK1_TOP_TOP
  << in  54 93 85 TRMDCLK1_TOP_TOP
  << in  54 93 85 BLPLL0CLK0_TOP
  << in  54 93 85 PCLKR0_TOP
  << in  54 93 85 BLPLL0CLK1_TOP
  << in  54 93 85 TLPLL0CLK3_TOP
  << in  54 93 85 TLPLL0CLK0_TOP
  << in  54 93 85 TLPLL1CLK0_TOP
  << in  54 93 85 TRPLL1CLK1_TOP
  << in  54 93 85 PCLKR1_TOP
  << in  54 93 85 PCLKT0_TOP
  << in  54 93 85 BRBDCLK3_TOP_TOP
  << in  54 93 85 PCLKB0_TOP
  << in  54 93 85 TRPLL0CLK0_TOP
  << in  54 93 85 TRPLL1CLK3_TOP
  << in  54 93 85 TRPLL0CLK3_TOP
  << in  54 93 85 TLPLL1CLK3_TOP
  << in  54 93 85 TLPLL0CLK2_TOP
  << in  54 93 85 TRPLL0CLK2_TOP
  << in  54 93 85 TRPLL1CLK0_TOP
  << in  54 93 85 BLMDCLK1_BOT_TOP
  << in  54 93 85 BRPLL0CLK2_TOP
  << in  54 93 85 BRPLL0CLK0_TOP
  << in  54 93 85 TLPLL1CLK2_TOP
  << in  54 93 85 TRBDCLK2_TOP_TOP
  << in  54 93 85 BRPLL0CLK1_TOP
  << in  54 93 85 BLMDCLK1_TOP_TOP
  << in  54 93 85 TLBDCLK1_TOP_TOP
  << in  54 93 85 BRPLL0CLK3_TOP
  << in  54 93 85 BLPLL0CLK3_TOP
  << in  54 93 85 PCLKL0_TOP
  << in  54 93 85 TRPLL1CLK2_TOP
  << in  54 93 85 BLBDCLK2_TOP_TOP
  << in  54 93 85 TLPLL1CLK1_TOP
  << in  54 93 85 TLPLL0CLK1_TOP
  << in  54 93 85 BLPLL0CLK2_TOP
  << in  54 93 85 TRPLL0CLK1_TOP
  << in  54 93 85 PCLKB1_TOP
  << in  54 93 85 PCLKL1_TOP
  << in  54 93 85 PCLKT1_TOP
  << in  54 93 85 TLMDCLK1_TOP_TOP
54 93 85 SPINE9 BRIDGE CBRIDGEOUT_TOP1
  << in  54 93 85 BRMDCLK1_TOP_TOP
  << in  54 93 85 TRMDCLK1_TOP_TOP
  << in  54 93 85 BLPLL0CLK0_TOP
  << in  54 93 85 PCLKR0_TOP
  << in  54 93 85 BLPLL0CLK1_TOP
  << in  54 93 85 TLPLL0CLK3_TOP
  << in  54 93 85 TLPLL0CLK0_TOP
  << in  54 93 85 TLPLL1CLK0_TOP
  << in  54 93 85 TRPLL1CLK1_TOP
  << in  54 93 85 PCLKR1_TOP
  << in  54 93 85 PCLKT0_TOP
  << in  54 93 85 BRBDCLK3_TOP_TOP
  << in  54 93 85 PCLKB0_TOP
  << in  54 93 85 TRPLL0CLK0_TOP
  << in  54 93 85 TRPLL1CLK3_TOP
  << in  54 93 85 TRPLL0CLK3_TOP
  << in  54 93 85 TLPLL1CLK3_TOP
  << in  54 93 85 TLPLL0CLK2_TOP
  << in  54 93 85 TRPLL0CLK2_TOP
  << in  54 93 85 TRPLL1CLK0_TOP
  << in  54 93 85 BLMDCLK1_BOT_TOP
  << in  54 93 85 BRPLL0CLK2_TOP
  << in  54 93 85 BRPLL0CLK0_TOP
  << in  54 93 85 TLPLL1CLK2_TOP
  << in  54 93 85 TRBDCLK2_TOP_TOP
  << in  54 93 85 BRPLL0CLK1_TOP
  << in  54 93 85 BLMDCLK1_TOP_TOP
  << in  54 93 85 TLBDCLK1_TOP_TOP
  << in  54 93 85 BRPLL0CLK3_TOP
  << in  54 93 85 BLPLL0CLK3_TOP
  << in  54 93 85 PCLKL0_TOP
  << in  54 93 85 TRPLL1CLK2_TOP
  << in  54 93 85 BLBDCLK2_TOP_TOP
  << in  54 93 85 TLPLL1CLK1_TOP
  << in  54 93 85 TLPLL0CLK1_TOP
  << in  54 93 85 BLPLL0CLK2_TOP
  << in  54 93 85 TRPLL0CLK1_TOP
  << in  54 93 85 PCLKB1_TOP
  << in  54 93 85 PCLKL1_TOP
  << in  54 93 85 PCLKT1_TOP
  << in  54 93 85 TLMDCLK1_TOP_TOP
54 93 85 SPINE10 BRIDGE CBRIDGEOUT_TOP2
  << in  54 93 85 BRMDCLK1_TOP_TOP
  << in  54 93 85 TRMDCLK1_TOP_TOP
  << in  54 93 85 BLPLL0CLK0_TOP
  << in  54 93 85 PCLKR0_TOP
  << in  54 93 85 BLPLL0CLK1_TOP
  << in  54 93 85 TLPLL0CLK3_TOP
  << in  54 93 85 TLPLL0CLK0_TOP
  << in  54 93 85 TLPLL1CLK0_TOP
  << in  54 93 85 TRPLL1CLK1_TOP
  << in  54 93 85 PCLKR1_TOP
  << in  54 93 85 PCLKT0_TOP
  << in  54 93 85 BRBDCLK3_TOP_TOP
  << in  54 93 85 PCLKB0_TOP
  << in  54 93 85 TRPLL0CLK0_TOP
  << in  54 93 85 TRPLL1CLK3_TOP
  << in  54 93 85 TRPLL0CLK3_TOP
  << in  54 93 85 TLPLL1CLK3_TOP
  << in  54 93 85 TLPLL0CLK2_TOP
  << in  54 93 85 TRPLL0CLK2_TOP
  << in  54 93 85 TRPLL1CLK0_TOP
  << in  54 93 85 BLMDCLK1_BOT_TOP
  << in  54 93 85 BRPLL0CLK2_TOP
  << in  54 93 85 BRPLL0CLK0_TOP
  << in  54 93 85 TLPLL1CLK2_TOP
  << in  54 93 85 TRBDCLK2_TOP_TOP
  << in  54 93 85 BRPLL0CLK1_TOP
  << in  54 93 85 BLMDCLK1_TOP_TOP
  << in  54 93 85 TLBDCLK1_TOP_TOP
  << in  54 93 85 BRPLL0CLK3_TOP
  << in  54 93 85 BLPLL0CLK3_TOP
  << in  54 93 85 PCLKL0_TOP
  << in  54 93 85 TRPLL1CLK2_TOP
  << in  54 93 85 BLBDCLK2_TOP_TOP
  << in  54 93 85 TLPLL1CLK1_TOP
  << in  54 93 85 TLPLL0CLK1_TOP
  << in  54 93 85 BLPLL0CLK2_TOP
  << in  54 93 85 TRPLL0CLK1_TOP
  << in  54 93 85 PCLKB1_TOP
  << in  54 93 85 PCLKL1_TOP
  << in  54 93 85 PCLKT1_TOP
  << in  54 93 85 TLMDCLK1_TOP_TOP
54 93 85 SPINE11 BRIDGE CBRIDGEOUT_TOP3
  << in  54 93 85 BRMDCLK1_TOP_TOP
  << in  54 93 85 TRMDCLK1_TOP_TOP
  << in  54 93 85 BLPLL0CLK0_TOP
  << in  54 93 85 PCLKR0_TOP
  << in  54 93 85 BLPLL0CLK1_TOP
  << in  54 93 85 TLPLL0CLK3_TOP
  << in  54 93 85 TLPLL0CLK0_TOP
  << in  54 93 85 TLPLL1CLK0_TOP
  << in  54 93 85 TRPLL1CLK1_TOP
  << in  54 93 85 PCLKR1_TOP
  << in  54 93 85 PCLKT0_TOP
  << in  54 93 85 BRBDCLK3_TOP_TOP
  << in  54 93 85 PCLKB0_TOP
  << in  54 93 85 TRPLL0CLK0_TOP
  << in  54 93 85 TRPLL1CLK3_TOP
  << in  54 93 85 TRPLL0CLK3_TOP
  << in  54 93 85 TLPLL1CLK3_TOP
  << in  54 93 85 TLPLL0CLK2_TOP
  << in  54 93 85 TRPLL0CLK2_TOP
  << in  54 93 85 TRPLL1CLK0_TOP
  << in  54 93 85 BLMDCLK1_BOT_TOP
  << in  54 93 85 BRPLL0CLK2_TOP
  << in  54 93 85 BRPLL0CLK0_TOP
  << in  54 93 85 TLPLL1CLK2_TOP
  << in  54 93 85 TRBDCLK2_TOP_TOP
  << in  54 93 85 BRPLL0CLK1_TOP
  << in  54 93 85 BLMDCLK1_TOP_TOP
  << in  54 93 85 TLBDCLK1_TOP_TOP
  << in  54 93 85 BRPLL0CLK3_TOP
  << in  54 93 85 BLPLL0CLK3_TOP
  << in  54 93 85 PCLKL0_TOP
  << in  54 93 85 TRPLL1CLK2_TOP
  << in  54 93 85 BLBDCLK2_TOP_TOP
  << in  54 93 85 TLPLL1CLK1_TOP
  << in  54 93 85 TLPLL0CLK1_TOP
  << in  54 93 85 BLPLL0CLK2_TOP
  << in  54 93 85 TRPLL0CLK1_TOP
  << in  54 93 85 PCLKB1_TOP
  << in  54 93 85 PCLKL1_TOP
  << in  54 93 85 PCLKT1_TOP
  << in  54 93 85 TLMDCLK1_TOP_TOP
54 93 85 SPINE12 BRIDGE CBRIDGEOUT_TOP4
  << in  54 93 85 BRMDCLK1_TOP_TOP
  << in  54 93 85 TRMDCLK1_TOP_TOP
  << in  54 93 85 BLPLL0CLK0_TOP
  << in  54 93 85 PCLKR0_TOP
  << in  54 93 85 BLPLL0CLK1_TOP
  << in  54 93 85 TLPLL0CLK3_TOP
  << in  54 93 85 TLPLL0CLK0_TOP
  << in  54 93 85 TLPLL1CLK0_TOP
  << in  54 93 85 TRPLL1CLK1_TOP
  << in  54 93 85 PCLKR1_TOP
  << in  54 93 85 PCLKT0_TOP
  << in  54 93 85 BRBDCLK3_TOP_TOP
  << in  54 93 85 PCLKB0_TOP
  << in  54 93 85 TRPLL0CLK0_TOP
  << in  54 93 85 TRPLL1CLK3_TOP
  << in  54 93 85 TRPLL0CLK3_TOP
  << in  54 93 85 TLPLL1CLK3_TOP
  << in  54 93 85 TLPLL0CLK2_TOP
  << in  54 93 85 TRPLL0CLK2_TOP
  << in  54 93 85 TRPLL1CLK0_TOP
  << in  54 93 85 BLMDCLK1_BOT_TOP
  << in  54 93 85 BRPLL0CLK2_TOP
  << in  54 93 85 BRPLL0CLK0_TOP
  << in  54 93 85 TLPLL1CLK2_TOP
  << in  54 93 85 TRBDCLK2_TOP_TOP
  << in  54 93 85 BRPLL0CLK1_TOP
  << in  54 93 85 BLMDCLK1_TOP_TOP
  << in  54 93 85 TLBDCLK1_TOP_TOP
  << in  54 93 85 BRPLL0CLK3_TOP
  << in  54 93 85 BLPLL0CLK3_TOP
  << in  54 93 85 PCLKL0_TOP
  << in  54 93 85 TRPLL1CLK2_TOP
  << in  54 93 85 BLBDCLK2_TOP_TOP
  << in  54 93 85 TLPLL1CLK1_TOP
  << in  54 93 85 TLPLL0CLK1_TOP
  << in  54 93 85 BLPLL0CLK2_TOP
  << in  54 93 85 TRPLL0CLK1_TOP
  << in  54 93 85 PCLKB1_TOP
  << in  54 93 85 PCLKL1_TOP
  << in  54 93 85 PCLKT1_TOP
  << in  54 93 85 TLMDCLK1_TOP_TOP
54 93 85 SPINE13 BRIDGE CBRIDGEOUT_TOP5
  << in  54 93 85 BRMDCLK1_TOP_TOP
  << in  54 93 85 TRMDCLK1_TOP_TOP
  << in  54 93 85 BLPLL0CLK0_TOP
  << in  54 93 85 PCLKR0_TOP
  << in  54 93 85 BLPLL0CLK1_TOP
  << in  54 93 85 TLPLL0CLK3_TOP
  << in  54 93 85 TLPLL0CLK0_TOP
  << in  54 93 85 TLPLL1CLK0_TOP
  << in  54 93 85 TRPLL1CLK1_TOP
  << in  54 93 85 PCLKR1_TOP
  << in  54 93 85 PCLKT0_TOP
  << in  54 93 85 BRBDCLK3_TOP_TOP
  << in  54 93 85 PCLKB0_TOP
  << in  54 93 85 TRPLL0CLK0_TOP
  << in  54 93 85 TRPLL1CLK3_TOP
  << in  54 93 85 TRPLL0CLK3_TOP
  << in  54 93 85 TLPLL1CLK3_TOP
  << in  54 93 85 TLPLL0CLK2_TOP
  << in  54 93 85 TRPLL0CLK2_TOP
  << in  54 93 85 TRPLL1CLK0_TOP
  << in  54 93 85 BLMDCLK1_BOT_TOP
  << in  54 93 85 BRPLL0CLK2_TOP
  << in  54 93 85 BRPLL0CLK0_TOP
  << in  54 93 85 TLPLL1CLK2_TOP
  << in  54 93 85 TRBDCLK2_TOP_TOP
  << in  54 93 85 BRPLL0CLK1_TOP
  << in  54 93 85 BLMDCLK1_TOP_TOP
  << in  54 93 85 TLBDCLK1_TOP_TOP
  << in  54 93 85 BRPLL0CLK3_TOP
  << in  54 93 85 BLPLL0CLK3_TOP
  << in  54 93 85 PCLKL0_TOP
  << in  54 93 85 TRPLL1CLK2_TOP
  << in  54 93 85 BLBDCLK2_TOP_TOP
  << in  54 93 85 TLPLL1CLK1_TOP
  << in  54 93 85 TLPLL0CLK1_TOP
  << in  54 93 85 BLPLL0CLK2_TOP
  << in  54 93 85 TRPLL0CLK1_TOP
  << in  54 93 85 PCLKB1_TOP
  << in  54 93 85 PCLKL1_TOP
  << in  54 93 85 PCLKT1_TOP
  << in  54 93 85 TLMDCLK1_TOP_TOP
Create clock wires. Half:1
81 85 208 SPINE8
  << in  81 85 208 CBRIDGEOUT_BOTTOM3_BOT
  << in  81 85 208 CBRIDGEOUT_TOP0_BOT
81 85 208 SPINE10
  << in  81 85 208 CBRIDGEOUT_BOTTOM2_BOT
  << in  81 85 208 CBRIDGEOUT_TOP1_BOT
81 85 208 SPINE9
  << in  81 85 208 CBRIDGEOUT_TOP2_BOT
  << in  81 85 208 CBRIDGEOUT_BOTTOM0_BOT
81 85 208 SPINE11
  << in  81 85 208 CBRIDGEOUT_BOTTOM1_BOT
  << in  81 85 208 CBRIDGEOUT_TOP3_BOT
81 85 208 SPINE13
  << in  81 85 208 CBRIDGEOUT_BOTTOM6_BOT
  << in  81 85 208 CBRIDGEOUT_TOP5_BOT
81 85 208 SPINE12
  << in  81 85 208 CBRIDGEOUT_TOP6_BOT
  << in  81 85 208 CBRIDGEOUT_BOTTOM4_BOT
81 85 208 SPINE6
  << in  81 85 208 CBRIDGEOUT_TOP7_BOT
81 85 208 SPINE14
  << in  81 85 208 CBRIDGEOUT_TOP7_BOT
81 85 208 SPINE22
  << in  81 85 208 CBRIDGEOUT_TOP7_BOT
81 85 208 SPINE30
  << in  81 85 208 CBRIDGEOUT_TOP7_BOT
81 86 209 SPINE14
  << in  81 86 209 CBRIDGEOUT_TOP7_BOT
81 87 210 SPINE0
  << in  81 87 210 CBRIDGEOUT_BOTTOM3_BOT
  << in  81 87 210 CBRIDGEOUT_TOP0_BOT
81 87 210 SPINE2
  << in  81 87 210 CBRIDGEOUT_BOTTOM2_BOT
  << in  81 87 210 CBRIDGEOUT_TOP1_BOT
81 87 210 SPINE1
  << in  81 87 210 CBRIDGEOUT_TOP2_BOT
  << in  81 87 210 CBRIDGEOUT_BOTTOM0_BOT
81 87 210 SPINE3
  << in  81 87 210 CBRIDGEOUT_BOTTOM1_BOT
  << in  81 87 210 CBRIDGEOUT_TOP3_BOT
81 87 210 SPINE5
  << in  81 87 210 CBRIDGEOUT_BOTTOM6_BOT
  << in  81 87 210 CBRIDGEOUT_TOP5_BOT
81 87 210 SPINE4
  << in  81 87 210 CBRIDGEOUT_TOP6_BOT
  << in  81 87 210 CBRIDGEOUT_BOTTOM4_BOT
81 87 210 SPINE15
  << in  81 87 210 CBRIDGEOUT_BOTTOM7_BOT
81 88 211 SPINE7
  << in  81 88 211 CBRIDGEOUT_BOTTOM7_BOT
81 94 217 SPINE16
  << in  81 94 217 CBRIDGEOUT_BOTTOM3_BOT
  << in  81 94 217 CBRIDGEOUT_TOP0_BOT
81 94 217 SPINE18
  << in  81 94 217 CBRIDGEOUT_BOTTOM2_BOT
  << in  81 94 217 CBRIDGEOUT_TOP1_BOT
81 94 217 SPINE17
  << in  81 94 217 CBRIDGEOUT_TOP2_BOT
  << in  81 94 217 CBRIDGEOUT_BOTTOM0_BOT
81 94 217 SPINE19
  << in  81 94 217 CBRIDGEOUT_BOTTOM1_BOT
  << in  81 94 217 CBRIDGEOUT_TOP3_BOT
81 94 217 SPINE21
  << in  81 94 217 CBRIDGEOUT_BOTTOM6_BOT
  << in  81 94 217 CBRIDGEOUT_TOP5_BOT
81 94 217 SPINE20
  << in  81 94 217 CBRIDGEOUT_TOP6_BOT
  << in  81 94 217 CBRIDGEOUT_BOTTOM4_BOT
81 94 217 SPINE31
  << in  81 94 217 CBRIDGEOUT_BOTTOM7_BOT
81 96 219 SPINE24
  << in  81 96 219 CBRIDGEOUT_BOTTOM3_BOT
  << in  81 96 219 CBRIDGEOUT_TOP0_BOT
81 96 219 SPINE26
  << in  81 96 219 CBRIDGEOUT_BOTTOM2_BOT
  << in  81 96 219 CBRIDGEOUT_TOP1_BOT
81 96 219 SPINE25
  << in  81 96 219 CBRIDGEOUT_TOP2_BOT
  << in  81 96 219 CBRIDGEOUT_BOTTOM0_BOT
81 96 219 SPINE27
  << in  81 96 219 CBRIDGEOUT_BOTTOM1_BOT
  << in  81 96 219 CBRIDGEOUT_TOP3_BOT
81 96 219 SPINE29
  << in  81 96 219 CBRIDGEOUT_BOTTOM6_BOT
  << in  81 96 219 CBRIDGEOUT_TOP5_BOT
81 96 219 SPINE28
  << in  81 96 219 CBRIDGEOUT_TOP6_BOT
  << in  81 96 219 CBRIDGEOUT_BOTTOM4_BOT
Create logic to clock gates. Half:0
Create logic to clock gates. Half:1
160 108 91 125 BRMDCLK1_BOT
No DHCEN for GW5AST-138C for now.
70f263c67bf464adc0c1c75f564aee8c39cf62f7d637a31cf7e7abf6dc00eddb  apycula/GW5AST-138C.msgpack.xz
Traceback (most recent call last):
  File "<frozen runpy>", line 203, in _run_module_as_main
  File "<frozen runpy>", line 88, in _run_code
  File "/Users/alex/fine-line/.atelier/worktrees/2026-09-03-open-toolchain-gw5ast-7e84/apicula/apycula/chipdb_builder.py", line 475, in <module>
    main()
    ~~~~^^
  File "/Users/alex/fine-line/.atelier/worktrees/2026-09-03-open-toolchain-gw5ast-7e84/apicula/apycula/chipdb_builder.py", line 405, in main
    db = chipdb.from_fse(device, fse, dat)
  File "/Users/alex/fine-line/.atelier/worktrees/2026-09-03-open-toolchain-gw5ast-7e84/apicula/apycula/chipdb.py", line 4152, in from_fse
    fse_create_adc(dev, device, fse, dat)
    ~~~~~~~~~~~~~~^^^^^^^^^^^^^^^^^^^^^^^
  File "/Users/alex/fine-line/.atelier/worktrees/2026-09-03-open-toolchain-gw5ast-7e84/apicula/apycula/chipdb.py", line 2150, in fse_create_adc
    wire = wnames.wirenames[wire_idx]
           ~~~~~~~~~~~~~~~~^^^^^^^^^^
KeyError: -1
check 19199191
row too big 60 50 32 0 120 10000 3840
row too big 60 50 32 0 120 10000 3840
row too big 60 50 32 0 120 10000 3840
row too big 60 50 32 0 120 10000 3840
row too big 60 50 32 0 120 10000 3840
row too big 60 50 32 0 120 10000 3840
row too big 60 50 32 0 120 10000 3840
row too big 60 50 32 0 120 10000 3840
row too big 60 50 32 0 120 10000 3840
row too big 60 50 32 0 120 10000 3840
row too big 60 50 32 0 120 10000 3840
row too big 60 50 32 0 120 10000 3840
row too big 60 50 32 0 120 10000 3840
row too big 60 50 32 0 120 10000 3840
row too big 60 50 32 0 120 10000 3840
row too big 60 50 32 0 120 10000 3840
row too big 60 50 32 0 120 10000 3840
row too big 60 50 32 0 120 10000 3840
row too big 60 50 32 0 120 10000 3840
row too big 60 50 32 0 120 10000 3840
row too big 60 50 32 0 120 10000 3840
row too big 60 50 32 0 120 10000 3840
row too big 60 50 32 0 120 10000 3840
row too big 60 50 32 0 120 10000 3840
row too big 60 50 32 0 120 10000 3840
row too big 60 50 32 0 120 10000 3840
row too big 60 50 32 0 120 10000 3840
row too big 60 50 32 0 120 10000 3840
row too big 60 50 32 0 120 10000 3840
row too big 60 50 32 0 120 10000 3840
row too big 60 50 32 0 120 10000 3840
row too big 60 50 32 0 120 10000 3840
row too big 60 50 32 0 120 10000 3840
row too big 60 50 32 0 120 10000 3840
row too big 60 50 32 0 120 10000 3840
row too big 60 50 32 0 120 10000 3840
row too big 60 50 32 0 120 10000 3840
row too big 60 50 32 0 120 10000 3840
row too big 60 50 32 0 120 10000 3840
row too big 60 50 32 0 120 10000 3840
row too big 60 50 32 0 120 10000 3840
row too big 60 50 32 0 120 10000 3840
row too big 60 50 32 0 120 10000 3840
row too big 60 50 32 0 120 10000 3840
row too big 60 50 32 0 120 10000 3840
row too big 60 50 32 0 120 10000 3840
row too big 60 50 32 0 120 10000 3840
row too big 60 50 32 0 120 10000 3840
row too big 60 50 32 0 120 10000 3840
row too big 60 50 32 0 120 10000 3840
row too big 60 50 32 0 120 10000 3840
row too big 60 50 32 0 120 10000 3840
row too big 220 50 12 0 136 10000 1632
row too big 220 50 12 0 136 10000 1632
row too big 220 50 12 0 136 10000 1632
row too big 220 50 12 0 136 10000 1632
row too big 220 50 12 0 136 10000 1632
row too big 220 50 12 0 136 10000 1632
row too big 220 50 12 0 136 10000 1632
row too big 220 50 12 0 136 10000 1632
row too big 220 50 12 0 136 10000 1632
row too big 220 50 12 0 136 10000 1632
row too big 220 50 12 0 136 10000 1632
row too big 220 50 12 0 136 10000 1632
row too big 220 50 12 0 136 10000 1632
row too big 220 50 12 0 136 10000 1632
row too big 220 50 12 0 136 10000 1632
row too big 220 50 12 0 136 10000 1632
row too big 220 50 12 0 136 10000 1632
row too big 220 50 12 0 136 10000 1632
row too big 220 50 12 0 136 10000 1632
row too big 220 50 12 0 136 10000 1632
row too big 220 50 12 0 136 10000 1632
row too big 220 50 12 0 136 10000 1632
row too big 220 50 12 0 136 10000 1632
row too big 220 50 12 0 136 10000 1632
row too big 220 50 12 0 136 10000 1632
row too big 220 50 12 0 136 10000 1632
row too big 220 50 12 0 136 10000 1632
row too big 220 50 12 0 136 10000 1632
row too big 220 50 12 0 136 10000 1632
row too big 220 50 12 0 136 10000 1632
row too big 220 50 12 0 136 10000 1632
row too big 220 50 12 0 136 10000 1632
row too big 220 50 12 0 136 10000 1632
row too big 220 50 12 0 136 10000 1632
row too big 220 50 12 0 136 10000 1632
row too big 220 50 12 0 136 10000 1632
row too big 220 50 12 0 136 10000 1632
row too big 220 50 12 0 136 10000 1632
row too big 220 50 12 0 136 10000 1632
row too big 220 50 12 0 136 10000 1632
row too big 220 50 12 0 136 10000 1632
row too big 220 50 12 0 136 10000 1632
row too big 220 50 12 0 136 10000 1632
row too big 220 50 12 0 136 10000 1632
row too big 220 50 12 0 136 10000 1632
row too big 220 50 12 0 136 10000 1632
row too big 220 50 12 0 136 10000 1632
row too big 220 50 12 0 136 10000 1632
row too big 220 50 12 0 136 10000 1632
row too big 220 50 12 0 136 10000 1632
row too big 242 50 14 0 120 10000 1680
row too big 242 50 14 0 120 10000 1680
row too big 242 50 14 0 120 10000 1680
row too big 242 50 14 0 120 10000 1680
row too big 242 50 14 0 120 10000 1680
row too big 242 50 14 0 120 10000 1680
row too big 242 50 14 0 120 10000 1680
row too big 242 50 14 0 120 10000 1680
row too big 242 50 14 0 120 10000 1680
row too big 242 50 14 0 120 10000 1680
row too big 242 50 14 0 120 10000 1680
row too big 242 50 14 0 120 10000 1680
row too big 242 50 14 0 120 10000 1680
row too big 242 50 14 0 120 10000 1680
row too big 242 50 14 0 120 10000 1680
row too big 242 50 14 0 120 10000 1680
row too big 242 50 14 0 120 10000 1680
row too big 242 50 14 0 120 10000 1680
row too big 242 50 14 0 120 10000 1680
row too big 242 50 14 0 120 10000 1680
row too big 242 50 14 0 120 10000 1680
row too big 242 50 14 0 120 10000 1680
row too big 242 50 14 0 120 10000 1680
row too big 242 50 14 0 120 10000 1680
row too big 242 50 14 0 120 10000 1680
row too big 242 50 14 0 120 10000 1680
row too big 242 50 14 0 120 10000 1680
row too big 242 50 14 0 120 10000 1680
row too big 242 50 14 0 120 10000 1680
row too big 242 50 14 0 120 10000 1680
row too big 242 50 14 0 120 10000 1680
row too big 242 50 14 0 120 10000 1680
row too big 242 50 14 0 120 10000 1680
row too big 242 50 14 0 120 10000 1680
row too big 242 50 14 0 120 10000 1680
row too big 242 50 14 0 120 10000 1680
row too big 242 50 14 0 120 10000 1680
row too big 242 50 14 0 120 10000 1680
row too big 242 50 14 0 120 10000 1680
row too big 242 50 14 0 120 10000 1680
row too big 242 50 14 0 120 10000 1680
row too big 242 50 14 0 120 10000 1680
row too big 242 50 14 0 120 10000 1680
row too big 242 50 14 0 120 10000 1680
row too big 242 50 14 0 120 10000 1680
row too big 242 50 14 0 120 10000 1680
row too big 242 50 14 0 120 10000 1680
row too big 242 50 14 0 120 10000 1680
row too big 242 50 14 0 120 10000 1680
row too big 242 50 14 0 120 10000 1680
row too big 242 50 14 0 120 10000 1680
row too big 242 50 14 0 120 10000 1680
row too big 272 50 12 0 136 10000 1632
row too big 272 50 12 0 136 10000 1632
row too big 272 50 12 0 136 10000 1632
row too big 272 50 12 0 136 10000 1632
row too big 272 50 12 0 136 10000 1632
row too big 272 50 12 0 136 10000 1632
row too big 272 50 12 0 136 10000 1632
row too big 272 50 12 0 136 10000 1632
row too big 272 50 12 0 136 10000 1632
row too big 272 50 12 0 136 10000 1632
row too big 272 50 12 0 136 10000 1632
row too big 272 50 12 0 136 10000 1632
row too big 272 50 12 0 136 10000 1632
row too big 272 50 12 0 136 10000 1632
row too big 272 50 12 0 136 10000 1632
row too big 272 50 12 0 136 10000 1632
row too big 272 50 12 0 136 10000 1632
row too big 272 50 12 0 136 10000 1632
row too big 272 50 12 0 136 10000 1632
row too big 272 50 12 0 136 10000 1632
row too big 272 50 12 0 136 10000 1632
row too big 272 50 12 0 136 10000 1632
row too big 272 50 12 0 136 10000 1632
row too big 272 50 12 0 136 10000 1632
row too big 272 50 12 0 136 10000 1632
row too big 272 50 12 0 136 10000 1632
row too big 272 50 12 0 136 10000 1632
row too big 272 50 12 0 136 10000 1632
row too big 272 50 12 0 136 10000 1632
row too big 272 50 12 0 136 10000 1632
row too big 272 50 12 0 136 10000 1632
row too big 272 50 12 0 136 10000 1632
row too big 272 50 12 0 136 10000 1632
row too big 272 50 12 0 136 10000 1632
row too big 272 50 12 0 136 10000 1632
row too big 272 50 12 0 136 10000 1632
row too big 272 50 12 0 136 10000 1632
row too big 272 50 12 0 136 10000 1632
row too big 272 50 12 0 136 10000 1632
row too big 272 50 12 0 136 10000 1632
row too big 272 50 12 0 136 10000 1632
row too big 272 50 12 0 136 10000 1632
row too big 272 50 12 0 136 10000 1632
row too big 272 50 12 0 136 10000 1632
row too big 272 50 12 0 136 10000 1632
row too big 272 50 12 0 136 10000 1632
row too big 392 50 12 0 136 10000 1632
row too big 392 50 12 0 136 10000 1632
FAIL edu GW5A-25A
shasum: apycula/GW5A-25A.msgpack.xz: No such file or directory
check 19199191
440 dict_keys(['height', 'width', 'wiresearch'])
441 dict_keys(['height', 'width', 'wiresearch'])
row too big 272 50 13 0 136 10000 1768
row too big 272 50 13 0 136 10000 1768
row too big 272 50 13 0 136 10000 1768
row too big 272 50 13 0 136 10000 1768
row too big 272 50 13 0 136 10000 1768
row too big 272 50 13 0 136 10000 1768
row too big 272 50 13 0 136 10000 1768
row too big 272 50 13 0 136 10000 1768
row too big 272 50 13 0 136 10000 1768
row too big 272 50 13 0 136 10000 1768
row too big 272 50 13 0 136 10000 1768
row too big 272 50 13 0 136 10000 1768
row too big 272 50 13 0 136 10000 1768
row too big 272 50 13 0 136 10000 1768
row too big 272 50 13 0 136 10000 1768
row too big 272 50 13 0 136 10000 1768
row too big 272 50 13 0 136 10000 1768
row too big 272 50 13 0 136 10000 1768
row too big 272 50 13 0 136 10000 1768
row too big 272 50 13 0 136 10000 1768
row too big 272 50 13 0 136 10000 1768
row too big 272 50 13 0 136 10000 1768
row too big 272 50 13 0 136 10000 1768
row too big 272 50 13 0 136 10000 1768
row too big 272 50 13 0 136 10000 1768
row too big 272 50 13 0 136 10000 1768
row too big 272 50 13 0 136 10000 1768
row too big 272 50 13 0 136 10000 1768
row too big 272 50 13 0 136 10000 1768
row too big 272 50 13 0 136 10000 1768
row too big 272 50 13 0 136 10000 1768
row too big 272 50 13 0 136 10000 1768
row too big 272 50 13 0 136 10000 1768
row too big 272 50 13 0 136 10000 1768
row too big 272 50 13 0 136 10000 1768
row too big 272 50 13 0 136 10000 1768
row too big 272 50 13 0 136 10000 1768
row too big 272 50 13 0 136 10000 1768
row too big 272 50 13 0 136 10000 1768
row too big 272 50 13 0 136 10000 1768
row too big 272 50 13 0 136 10000 1768
row too big 272 50 13 0 136 10000 1768
row too big 272 50 13 0 136 10000 1768
row too big 272 50 13 0 136 10000 1768
row too big 272 50 13 0 136 10000 1768
row too big 272 50 13 0 136 10000 1768
row too big 272 50 13 0 136 10000 1768
row too big 272 50 13 0 136 10000 1768
row too big 272 50 13 0 136 10000 1768
row too big 272 50 13 0 136 10000 1768
row too big 272 50 13 0 136 10000 1768
row too big 272 50 13 0 136 10000 1768
row too big 273 50 13 0 136 10000 1768
row too big 273 50 13 0 136 10000 1768
row too big 273 50 13 0 136 10000 1768
row too big 273 50 13 0 136 10000 1768
row too big 273 50 13 0 136 10000 1768
row too big 273 50 13 0 136 10000 1768
row too big 273 50 13 0 136 10000 1768
row too big 273 50 13 0 136 10000 1768
row too big 273 50 13 0 136 10000 1768
row too big 273 50 13 0 136 10000 1768
row too big 273 50 13 0 136 10000 1768
row too big 273 50 13 0 136 10000 1768
row too big 273 50 13 0 136 10000 1768
row too big 273 50 13 0 136 10000 1768
row too big 273 50 13 0 136 10000 1768
row too big 273 50 13 0 136 10000 1768
row too big 273 50 13 0 136 10000 1768
row too big 273 50 13 0 136 10000 1768
row too big 273 50 13 0 136 10000 1768
row too big 273 50 13 0 136 10000 1768
row too big 273 50 13 0 136 10000 1768
row too big 273 50 13 0 136 10000 1768
row too big 273 50 13 0 136 10000 1768
row too big 273 50 13 0 136 10000 1768
row too big 273 50 13 0 136 10000 1768
row too big 273 50 13 0 136 10000 1768
row too big 273 50 13 0 136 10000 1768
row too big 273 50 13 0 136 10000 1768
row too big 273 50 13 0 136 10000 1768
row too big 273 50 13 0 136 10000 1768
row too big 273 50 13 0 136 10000 1768
row too big 273 50 13 0 136 10000 1768
row too big 273 50 13 0 136 10000 1768
row too big 273 50 13 0 136 10000 1768
row too big 273 50 13 0 136 10000 1768
row too big 273 50 13 0 136 10000 1768
row too big 273 50 13 0 136 10000 1768
row too big 273 50 13 0 136 10000 1768
row too big 273 50 13 0 136 10000 1768
row too big 273 50 13 0 136 10000 1768
row too big 273 50 13 0 136 10000 1768
row too big 273 50 13 0 136 10000 1768
row too big 273 50 13 0 136 10000 1768
row too big 273 50 13 0 136 10000 1768
row too big 273 50 13 0 136 10000 1768
row too big 273 50 13 0 136 10000 1768
row too big 273 50 13 0 136 10000 1768
row too big 273 50 13 0 136 10000 1768
row too big 273 50 13 0 136 10000 1768
row too big 273 50 13 0 136 10000 1768
row too big 273 50 13 0 136 10000 1768
row too big 273 50 13 0 136 10000 1768
row too big 277 50 34 0 120 10000 4080
row too big 277 50 34 0 120 10000 4080
row too big 277 50 34 0 120 10000 4080
row too big 277 50 34 0 120 10000 4080
row too big 277 50 34 0 120 10000 4080
row too big 277 50 34 0 120 10000 4080
row too big 277 50 34 0 120 10000 4080
row too big 277 50 34 0 120 10000 4080
row too big 277 50 34 0 120 10000 4080
row too big 277 50 34 0 120 10000 4080
row too big 277 50 34 0 120 10000 4080
row too big 277 50 34 0 120 10000 4080
row too big 277 50 34 0 120 10000 4080
row too big 277 50 34 0 120 10000 4080
row too big 277 50 34 0 120 10000 4080
row too big 277 50 34 0 120 10000 4080
row too big 277 50 34 0 120 10000 4080
row too big 277 50 34 0 120 10000 4080
row too big 277 50 34 0 120 10000 4080
row too big 277 50 34 0 120 10000 4080
row too big 277 50 34 0 120 10000 4080
row too big 277 50 34 0 120 10000 4080
row too big 277 50 34 0 120 10000 4080
row too big 277 50 34 0 120 10000 4080
row too big 277 50 34 0 120 10000 4080
row too big 277 50 34 0 120 10000 4080
row too big 277 50 34 0 120 10000 4080
row too big 277 50 34 0 120 10000 4080
row too big 277 50 34 0 120 10000 4080
row too big 277 50 34 0 120 10000 4080
row too big 277 50 34 0 120 10000 4080
row too big 277 50 34 0 120 10000 4080
row too big 277 50 34 0 120 10000 4080
row too big 277 50 34 0 120 10000 4080
row too big 277 50 34 0 120 10000 4080
row too big 277 50 34 0 120 10000 4080
row too big 277 50 34 0 120 10000 4080
row too big 277 50 34 0 120 10000 4080
row too big 277 50 34 0 120 10000 4080
row too big 277 50 34 0 120 10000 4080
row too big 277 50 34 0 120 10000 4080
row too big 277 50 34 0 120 10000 4080
row too big 277 50 34 0 120 10000 4080
row too big 277 50 34 0 120 10000 4080
row too big 277 50 34 0 120 10000 4080
row too big 277 50 34 0 120 10000 4080
row too big 277 50 34 0 120 10000 4080
row too big 277 50 34 0 120 10000 4080
row too big 277 50 34 0 120 10000 4080
row too big 277 50 34 0 120 10000 4080
row too big 277 50 34 0 120 10000 4080
row too big 277 50 34 0 120 10000 4080
row too big 466 50 14 0 120 10000 1680
row too big 466 50 14 0 120 10000 1680
row too big 466 50 14 0 120 10000 1680
row too big 466 50 14 0 120 10000 1680
row too big 466 50 14 0 120 10000 1680
row too big 466 50 14 0 120 10000 1680
row too big 466 50 14 0 120 10000 1680
row too big 466 50 14 0 120 10000 1680
row too big 466 50 14 0 120 10000 1680
row too big 466 50 14 0 120 10000 1680
row too big 466 50 14 0 120 10000 1680
row too big 466 50 14 0 120 10000 1680
row too big 466 50 14 0 120 10000 1680
row too big 466 50 14 0 120 10000 1680
row too big 466 50 14 0 120 10000 1680
row too big 466 50 14 0 120 10000 1680
row too big 466 50 14 0 120 10000 1680
row too big 466 50 14 0 120 10000 1680
row too big 466 50 14 0 120 10000 1680
row too big 466 50 14 0 120 10000 1680
row too big 466 50 14 0 120 10000 1680
row too big 466 50 14 0 120 10000 1680
row too big 466 50 14 0 120 10000 1680
row too big 466 50 14 0 120 10000 1680
row too big 466 50 14 0 120 10000 1680
row too big 466 50 14 0 120 10000 1680
row too big 466 50 14 0 120 10000 1680
row too big 466 50 14 0 120 10000 1680
row too big 466 50 14 0 120 10000 1680
row too big 466 50 14 0 120 10000 1680
row too big 466 50 14 0 120 10000 1680
row too big 466 50 14 0 120 10000 1680
row too big 466 50 14 0 120 10000 1680
row too big 466 50 14 0 120 10000 1680
row too big 466 50 14 0 120 10000 1680
row too big 466 50 14 0 120 10000 1680
row too big 466 50 14 0 120 10000 1680
row too big 466 50 14 0 120 10000 1680
row too big 466 50 14 0 120 10000 1680
row too big 466 50 14 0 120 10000 1680
row too big 466 50 14 0 120 10000 1680
row too big 466 50 14 0 120 10000 1680
row too big 466 50 14 0 120 10000 1680
row too big 466 50 14 0 120 10000 1680
row too big 466 50 14 0 120 10000 1680
row too big 466 50 14 0 120 10000 1680
row too big 466 50 14 0 120 10000 1680
row too big 466 50 14 0 120 10000 1680
row too big 466 50 14 0 120 10000 1680
row too big 466 50 14 0 120 10000 1680
row too big 466 50 14 0 120 10000 1680
row too big 466 50 14 0 120 10000 1680
row too big 472 50 34 0 120 10000 4080
row too big 472 50 34 0 120 10000 4080
row too big 472 50 34 0 120 10000 4080
row too big 472 50 34 0 120 10000 4080
row too big 472 50 34 0 120 10000 4080
row too big 472 50 34 0 120 10000 4080
row too big 472 50 34 0 120 10000 4080
row too big 472 50 34 0 120 10000 4080
row too big 472 50 34 0 120 10000 4080
row too big 472 50 34 0 120 10000 4080
row too big 472 50 34 0 120 10000 4080
row too big 472 50 34 0 120 10000 4080
row too big 472 50 34 0 120 10000 4080
row too big 472 50 34 0 120 10000 4080
row too big 472 50 34 0 120 10000 4080
row too big 472 50 34 0 120 10000 4080
row too big 472 50 34 0 120 10000 4080
row too big 472 50 34 0 120 10000 4080
row too big 472 50 34 0 120 10000 4080
row too big 472 50 34 0 120 10000 4080
row too big 472 50 34 0 120 10000 4080
row too big 472 50 34 0 120 10000 4080
row too big 472 50 34 0 120 10000 4080
row too big 472 50 34 0 120 10000 4080
row too big 472 50 34 0 120 10000 4080
row too big 472 50 34 0 120 10000 4080
row too big 472 50 34 0 120 10000 4080
row too big 472 50 34 0 120 10000 4080
row too big 472 50 34 0 120 10000 4080
row too big 472 50 34 0 120 10000 4080
row too big 472 50 34 0 120 10000 4080
row too big 472 50 34 0 120 10000 4080
row too big 472 50 34 0 120 10000 4080
row too big 472 50 34 0 120 10000 4080
row too big 472 50 34 0 120 10000 4080
row too big 472 50 34 0 120 10000 4080
row too big 472 50 34 0 120 10000 4080
row too big 472 50 34 0 120 10000 4080
row too big 472 50 34 0 120 10000 4080
row too big 472 50 34 0 120 10000 4080
row too big 472 50 34 0 120 10000 4080
row too big 472 50 34 0 120 10000 4080
row too big 472 50 34 0 120 10000 4080
row too big 472 50 34 0 120 10000 4080
row too big 472 50 34 0 120 10000 4080
row too big 472 50 34 0 120 10000 4080
row too big 472 50 34 0 120 10000 4080
row too big 472 50 34 0 120 10000 4080
row too big 472 50 34 0 120 10000 4080
row too big 472 50 34 0 120 10000 4080
row too big 472 50 34 0 120 10000 4080
row too big 472 50 34 0 120 10000 4080
No clocks for GW5AT-60B for now.
Create logic to clock gates. Half:0
No DHCEN for GW5AT-60B for now.
6a22ef4167234abca6f26feee9159c29ec0117b0bbbf7406b03f1e91a057b0c0  apycula/GW5AT-60B.msgpack.xz
