=== edu GW5A-25A build (Fri Sep  4 10:04:01 UTC 2026) ===
Traceback (most recent call last):
  File "<frozen runpy>", line 203, in _run_module_as_main
  File "<frozen runpy>", line 88, in _run_code
  File "/Users/alex/fine-line/.atelier/worktrees/2026-09-03-open-toolchain-gw5ast-7e84/apicula/apycula/chipdb_builder.py", line 475, in <module>
    main()
    ~~~~^^
  File "/Users/alex/fine-line/.atelier/worktrees/2026-09-03-open-toolchain-gw5ast-7e84/apicula/apycula/chipdb_builder.py", line 405, in main
    db = chipdb.from_fse(device, fse, dat)
  File "/Users/alex/fine-line/.atelier/worktrees/2026-09-03-open-toolchain-gw5ast-7e84/apicula/apycula/chipdb.py", line 4152, in from_fse
    fse_create_adc(dev, device, fse, dat)
    ~~~~~~~~~~~~~~^^^^^^^^^^^^^^^^^^^^^^^
  File "/Users/alex/fine-line/.atelier/worktrees/2026-09-03-open-toolchain-gw5ast-7e84/apicula/apycula/chipdb.py", line 2150, in fse_create_adc
    wire = wnames.wirenames[wire_idx]
           ~~~~~~~~~~~~~~~~^^^^^^^^^^
KeyError: -1
check 19199191
row too big 60 50 32 0 120 10000 3840
row too big 60 50 32 0 120 10000 3840
row too big 60 50 32 0 120 10000 3840
row too big 60 50 32 0 120 10000 3840
row too big 60 50 32 0 120 10000 3840
row too big 60 50 32 0 120 10000 3840
row too big 60 50 32 0 120 10000 3840
row too big 60 50 32 0 120 10000 3840
row too big 60 50 32 0 120 10000 3840
row too big 60 50 32 0 120 10000 3840
row too big 60 50 32 0 120 10000 3840
row too big 60 50 32 0 120 10000 3840
row too big 60 50 32 0 120 10000 3840
row too big 60 50 32 0 120 10000 3840
row too big 60 50 32 0 120 10000 3840
row too big 60 50 32 0 120 10000 3840
row too big 60 50 32 0 120 10000 3840
row too big 60 50 32 0 120 10000 3840
row too big 60 50 32 0 120 10000 3840
row too big 60 50 32 0 120 10000 3840
row too big 60 50 32 0 120 10000 3840
row too big 60 50 32 0 120 10000 3840
row too big 60 50 32 0 120 10000 3840
row too big 60 50 32 0 120 10000 3840
row too big 60 50 32 0 120 10000 3840
row too big 60 50 32 0 120 10000 3840
row too big 60 50 32 0 120 10000 3840
row too big 60 50 32 0 120 10000 3840
row too big 60 50 32 0 120 10000 3840
row too big 60 50 32 0 120 10000 3840
row too big 60 50 32 0 120 10000 3840
row too big 60 50 32 0 120 10000 3840
row too big 60 50 32 0 120 10000 3840
row too big 60 50 32 0 120 10000 3840
row too big 60 50 32 0 120 10000 3840
row too big 60 50 32 0 120 10000 3840
row too big 60 50 32 0 120 10000 3840
row too big 60 50 32 0 120 10000 3840
row too big 60 50 32 0 120 10000 3840
row too big 60 50 32 0 120 10000 3840
row too big 60 50 32 0 120 10000 3840
row too big 60 50 32 0 120 10000 3840
row too big 60 50 32 0 120 10000 3840
row too big 60 50 32 0 120 10000 3840
row too big 60 50 32 0 120 10000 3840
row too big 60 50 32 0 120 10000 3840
row too big 60 50 32 0 120 10000 3840
row too big 60 50 32 0 120 10000 3840
row too big 60 50 32 0 120 10000 3840
row too big 60 50 32 0 120 10000 3840
row too big 60 50 32 0 120 10000 3840
row too big 60 50 32 0 120 10000 3840
row too big 220 50 12 0 136 10000 1632
row too big 220 50 12 0 136 10000 1632
row too big 220 50 12 0 136 10000 1632
row too big 220 50 12 0 136 10000 1632
row too big 220 50 12 0 136 10000 1632
row too big 220 50 12 0 136 10000 1632
row too big 220 50 12 0 136 10000 1632
row too big 220 50 12 0 136 10000 1632
row too big 220 50 12 0 136 10000 1632
row too big 220 50 12 0 136 10000 1632
row too big 220 50 12 0 136 10000 1632
row too big 220 50 12 0 136 10000 1632
row too big 220 50 12 0 136 10000 1632
row too big 220 50 12 0 136 10000 1632
row too big 220 50 12 0 136 10000 1632
row too big 220 50 12 0 136 10000 1632
row too big 220 50 12 0 136 10000 1632
row too big 220 50 12 0 136 10000 1632
row too big 220 50 12 0 136 10000 1632
row too big 220 50 12 0 136 10000 1632
row too big 220 50 12 0 136 10000 1632
row too big 220 50 12 0 136 10000 1632
row too big 220 50 12 0 136 10000 1632
row too big 220 50 12 0 136 10000 1632
row too big 220 50 12 0 136 10000 1632
row too big 220 50 12 0 136 10000 1632
row too big 220 50 12 0 136 10000 1632
row too big 220 50 12 0 136 10000 1632
row too big 220 50 12 0 136 10000 1632
row too big 220 50 12 0 136 10000 1632
row too big 220 50 12 0 136 10000 1632
row too big 220 50 12 0 136 10000 1632
row too big 220 50 12 0 136 10000 1632
row too big 220 50 12 0 136 10000 1632
row too big 220 50 12 0 136 10000 1632
row too big 220 50 12 0 136 10000 1632
row too big 220 50 12 0 136 10000 1632
row too big 220 50 12 0 136 10000 1632
row too big 220 50 12 0 136 10000 1632
row too big 220 50 12 0 136 10000 1632
row too big 220 50 12 0 136 10000 1632
row too big 220 50 12 0 136 10000 1632
row too big 220 50 12 0 136 10000 1632
row too big 220 50 12 0 136 10000 1632
row too big 220 50 12 0 136 10000 1632
row too big 220 50 12 0 136 10000 1632
row too big 220 50 12 0 136 10000 1632
row too big 220 50 12 0 136 10000 1632
row too big 220 50 12 0 136 10000 1632
row too big 220 50 12 0 136 10000 1632
row too big 242 50 14 0 120 10000 1680
row too big 242 50 14 0 120 10000 1680
row too big 242 50 14 0 120 10000 1680
row too big 242 50 14 0 120 10000 1680
row too big 242 50 14 0 120 10000 1680
row too big 242 50 14 0 120 10000 1680
row too big 242 50 14 0 120 10000 1680
row too big 242 50 14 0 120 10000 1680
row too big 242 50 14 0 120 10000 1680
row too big 242 50 14 0 120 10000 1680
row too big 242 50 14 0 120 10000 1680
row too big 242 50 14 0 120 10000 1680
row too big 242 50 14 0 120 10000 1680
row too big 242 50 14 0 120 10000 1680
row too big 242 50 14 0 120 10000 1680
row too big 242 50 14 0 120 10000 1680
row too big 242 50 14 0 120 10000 1680
row too big 242 50 14 0 120 10000 1680
row too big 242 50 14 0 120 10000 1680
row too big 242 50 14 0 120 10000 1680
row too big 242 50 14 0 120 10000 1680
row too big 242 50 14 0 120 10000 1680
row too big 242 50 14 0 120 10000 1680
row too big 242 50 14 0 120 10000 1680
row too big 242 50 14 0 120 10000 1680
row too big 242 50 14 0 120 10000 1680
row too big 242 50 14 0 120 10000 1680
row too big 242 50 14 0 120 10000 1680
row too big 242 50 14 0 120 10000 1680
row too big 242 50 14 0 120 10000 1680
row too big 242 50 14 0 120 10000 1680
row too big 242 50 14 0 120 10000 1680
row too big 242 50 14 0 120 10000 1680
row too big 242 50 14 0 120 10000 1680
row too big 242 50 14 0 120 10000 1680
row too big 242 50 14 0 120 10000 1680
row too big 242 50 14 0 120 10000 1680
row too big 242 50 14 0 120 10000 1680
row too big 242 50 14 0 120 10000 1680
row too big 242 50 14 0 120 10000 1680
row too big 242 50 14 0 120 10000 1680
row too big 242 50 14 0 120 10000 1680
row too big 242 50 14 0 120 10000 1680
row too big 242 50 14 0 120 10000 1680
row too big 242 50 14 0 120 10000 1680
row too big 242 50 14 0 120 10000 1680
row too big 242 50 14 0 120 10000 1680
row too big 242 50 14 0 120 10000 1680
row too big 242 50 14 0 120 10000 1680
row too big 242 50 14 0 120 10000 1680
row too big 242 50 14 0 120 10000 1680
row too big 242 50 14 0 120 10000 1680
row too big 272 50 12 0 136 10000 1632
row too big 272 50 12 0 136 10000 1632
row too big 272 50 12 0 136 10000 1632
row too big 272 50 12 0 136 10000 1632
row too big 272 50 12 0 136 10000 1632
row too big 272 50 12 0 136 10000 1632
row too big 272 50 12 0 136 10000 1632
row too big 272 50 12 0 136 10000 1632
row too big 272 50 12 0 136 10000 1632
row too big 272 50 12 0 136 10000 1632
row too big 272 50 12 0 136 10000 1632
row too big 272 50 12 0 136 10000 1632
row too big 272 50 12 0 136 10000 1632
row too big 272 50 12 0 136 10000 1632
row too big 272 50 12 0 136 10000 1632
row too big 272 50 12 0 136 10000 1632
row too big 272 50 12 0 136 10000 1632
row too big 272 50 12 0 136 10000 1632
row too big 272 50 12 0 136 10000 1632
row too big 272 50 12 0 136 10000 1632
row too big 272 50 12 0 136 10000 1632
row too big 272 50 12 0 136 10000 1632
row too big 272 50 12 0 136 10000 1632
row too big 272 50 12 0 136 10000 1632
row too big 272 50 12 0 136 10000 1632
row too big 272 50 12 0 136 10000 1632
row too big 272 50 12 0 136 10000 1632
row too big 272 50 12 0 136 10000 1632
row too big 272 50 12 0 136 10000 1632
row too big 272 50 12 0 136 10000 1632
row too big 272 50 12 0 136 10000 1632
row too big 272 50 12 0 136 10000 1632
row too big 272 50 12 0 136 10000 1632
row too big 272 50 12 0 136 10000 1632
row too big 272 50 12 0 136 10000 1632
row too big 272 50 12 0 136 10000 1632
row too big 272 50 12 0 136 10000 1632
row too big 272 50 12 0 136 10000 1632
row too big 272 50 12 0 136 10000 1632
row too big 272 50 12 0 136 10000 1632
row too big 272 50 12 0 136 10000 1632
row too big 272 50 12 0 136 10000 1632
row too big 272 50 12 0 136 10000 1632
row too big 272 50 12 0 136 10000 1632
row too big 272 50 12 0 136 10000 1632
row too big 272 50 12 0 136 10000 1632
row too big 392 50 12 0 136 10000 1632
row too big 392 50 12 0 136 10000 1632
exit=1
