check 19199191
440 dict_keys(['height', 'width', 'wiresearch'])
441 dict_keys(['height', 'width', 'wiresearch'])
row too big 272 50 13 0 136 10000 1768
row too big 272 50 13 0 136 10000 1768
row too big 272 50 13 0 136 10000 1768
row too big 272 50 13 0 136 10000 1768
row too big 272 50 13 0 136 10000 1768
row too big 272 50 13 0 136 10000 1768
row too big 272 50 13 0 136 10000 1768
row too big 272 50 13 0 136 10000 1768
row too big 272 50 13 0 136 10000 1768
row too big 272 50 13 0 136 10000 1768
row too big 272 50 13 0 136 10000 1768
row too big 272 50 13 0 136 10000 1768
row too big 272 50 13 0 136 10000 1768
row too big 272 50 13 0 136 10000 1768
row too big 272 50 13 0 136 10000 1768
row too big 272 50 13 0 136 10000 1768
row too big 272 50 13 0 136 10000 1768
row too big 272 50 13 0 136 10000 1768
row too big 272 50 13 0 136 10000 1768
row too big 272 50 13 0 136 10000 1768
row too big 272 50 13 0 136 10000 1768
row too big 272 50 13 0 136 10000 1768
row too big 272 50 13 0 136 10000 1768
row too big 272 50 13 0 136 10000 1768
row too big 272 50 13 0 136 10000 1768
row too big 272 50 13 0 136 10000 1768
row too big 272 50 13 0 136 10000 1768
row too big 272 50 13 0 136 10000 1768
row too big 272 50 13 0 136 10000 1768
row too big 272 50 13 0 136 10000 1768
row too big 272 50 13 0 136 10000 1768
row too big 272 50 13 0 136 10000 1768
row too big 272 50 13 0 136 10000 1768
row too big 272 50 13 0 136 10000 1768
row too big 272 50 13 0 136 10000 1768
row too big 272 50 13 0 136 10000 1768
row too big 272 50 13 0 136 10000 1768
row too big 272 50 13 0 136 10000 1768
row too big 272 50 13 0 136 10000 1768
row too big 272 50 13 0 136 10000 1768
row too big 272 50 13 0 136 10000 1768
row too big 272 50 13 0 136 10000 1768
row too big 272 50 13 0 136 10000 1768
row too big 272 50 13 0 136 10000 1768
row too big 272 50 13 0 136 10000 1768
row too big 272 50 13 0 136 10000 1768
row too big 272 50 13 0 136 10000 1768
row too big 272 50 13 0 136 10000 1768
row too big 272 50 13 0 136 10000 1768
row too big 272 50 13 0 136 10000 1768
row too big 272 50 13 0 136 10000 1768
row too big 272 50 13 0 136 10000 1768
row too big 273 50 13 0 136 10000 1768
row too big 273 50 13 0 136 10000 1768
row too big 273 50 13 0 136 10000 1768
row too big 273 50 13 0 136 10000 1768
row too big 273 50 13 0 136 10000 1768
row too big 273 50 13 0 136 10000 1768
row too big 273 50 13 0 136 10000 1768
row too big 273 50 13 0 136 10000 1768
row too big 273 50 13 0 136 10000 1768
row too big 273 50 13 0 136 10000 1768
row too big 273 50 13 0 136 10000 1768
row too big 273 50 13 0 136 10000 1768
row too big 273 50 13 0 136 10000 1768
row too big 273 50 13 0 136 10000 1768
row too big 273 50 13 0 136 10000 1768
row too big 273 50 13 0 136 10000 1768
row too big 273 50 13 0 136 10000 1768
row too big 273 50 13 0 136 10000 1768
row too big 273 50 13 0 136 10000 1768
row too big 273 50 13 0 136 10000 1768
row too big 273 50 13 0 136 10000 1768
row too big 273 50 13 0 136 10000 1768
row too big 273 50 13 0 136 10000 1768
row too big 273 50 13 0 136 10000 1768
row too big 273 50 13 0 136 10000 1768
row too big 273 50 13 0 136 10000 1768
row too big 273 50 13 0 136 10000 1768
row too big 273 50 13 0 136 10000 1768
row too big 273 50 13 0 136 10000 1768
row too big 273 50 13 0 136 10000 1768
row too big 273 50 13 0 136 10000 1768
row too big 273 50 13 0 136 10000 1768
row too big 273 50 13 0 136 10000 1768
row too big 273 50 13 0 136 10000 1768
row too big 273 50 13 0 136 10000 1768
row too big 273 50 13 0 136 10000 1768
row too big 273 50 13 0 136 10000 1768
row too big 273 50 13 0 136 10000 1768
row too big 273 50 13 0 136 10000 1768
row too big 273 50 13 0 136 10000 1768
row too big 273 50 13 0 136 10000 1768
row too big 273 50 13 0 136 10000 1768
row too big 273 50 13 0 136 10000 1768
row too big 273 50 13 0 136 10000 1768
row too big 273 50 13 0 136 10000 1768
row too big 273 50 13 0 136 10000 1768
row too big 273 50 13 0 136 10000 1768
row too big 273 50 13 0 136 10000 1768
row too big 273 50 13 0 136 10000 1768
row too big 273 50 13 0 136 10000 1768
row too big 273 50 13 0 136 10000 1768
row too big 273 50 13 0 136 10000 1768
row too big 277 50 34 0 120 10000 4080
row too big 277 50 34 0 120 10000 4080
row too big 277 50 34 0 120 10000 4080
row too big 277 50 34 0 120 10000 4080
row too big 277 50 34 0 120 10000 4080
row too big 277 50 34 0 120 10000 4080
row too big 277 50 34 0 120 10000 4080
row too big 277 50 34 0 120 10000 4080
row too big 277 50 34 0 120 10000 4080
row too big 277 50 34 0 120 10000 4080
row too big 277 50 34 0 120 10000 4080
row too big 277 50 34 0 120 10000 4080
row too big 277 50 34 0 120 10000 4080
row too big 277 50 34 0 120 10000 4080
row too big 277 50 34 0 120 10000 4080
row too big 277 50 34 0 120 10000 4080
row too big 277 50 34 0 120 10000 4080
row too big 277 50 34 0 120 10000 4080
row too big 277 50 34 0 120 10000 4080
row too big 277 50 34 0 120 10000 4080
row too big 277 50 34 0 120 10000 4080
row too big 277 50 34 0 120 10000 4080
row too big 277 50 34 0 120 10000 4080
row too big 277 50 34 0 120 10000 4080
row too big 277 50 34 0 120 10000 4080
row too big 277 50 34 0 120 10000 4080
row too big 277 50 34 0 120 10000 4080
row too big 277 50 34 0 120 10000 4080
row too big 277 50 34 0 120 10000 4080
row too big 277 50 34 0 120 10000 4080
row too big 277 50 34 0 120 10000 4080
row too big 277 50 34 0 120 10000 4080
row too big 277 50 34 0 120 10000 4080
row too big 277 50 34 0 120 10000 4080
row too big 277 50 34 0 120 10000 4080
row too big 277 50 34 0 120 10000 4080
row too big 277 50 34 0 120 10000 4080
row too big 277 50 34 0 120 10000 4080
row too big 277 50 34 0 120 10000 4080
row too big 277 50 34 0 120 10000 4080
row too big 277 50 34 0 120 10000 4080
row too big 277 50 34 0 120 10000 4080
row too big 277 50 34 0 120 10000 4080
row too big 277 50 34 0 120 10000 4080
row too big 277 50 34 0 120 10000 4080
row too big 277 50 34 0 120 10000 4080
row too big 277 50 34 0 120 10000 4080
row too big 277 50 34 0 120 10000 4080
row too big 277 50 34 0 120 10000 4080
row too big 277 50 34 0 120 10000 4080
row too big 277 50 34 0 120 10000 4080
row too big 277 50 34 0 120 10000 4080
row too big 466 50 14 0 120 10000 1680
row too big 466 50 14 0 120 10000 1680
row too big 466 50 14 0 120 10000 1680
row too big 466 50 14 0 120 10000 1680
row too big 466 50 14 0 120 10000 1680
row too big 466 50 14 0 120 10000 1680
row too big 466 50 14 0 120 10000 1680
row too big 466 50 14 0 120 10000 1680
row too big 466 50 14 0 120 10000 1680
row too big 466 50 14 0 120 10000 1680
row too big 466 50 14 0 120 10000 1680
row too big 466 50 14 0 120 10000 1680
row too big 466 50 14 0 120 10000 1680
row too big 466 50 14 0 120 10000 1680
row too big 466 50 14 0 120 10000 1680
row too big 466 50 14 0 120 10000 1680
row too big 466 50 14 0 120 10000 1680
row too big 466 50 14 0 120 10000 1680
row too big 466 50 14 0 120 10000 1680
row too big 466 50 14 0 120 10000 1680
row too big 466 50 14 0 120 10000 1680
row too big 466 50 14 0 120 10000 1680
row too big 466 50 14 0 120 10000 1680
row too big 466 50 14 0 120 10000 1680
row too big 466 50 14 0 120 10000 1680
row too big 466 50 14 0 120 10000 1680
row too big 466 50 14 0 120 10000 1680
row too big 466 50 14 0 120 10000 1680
row too big 466 50 14 0 120 10000 1680
row too big 466 50 14 0 120 10000 1680
row too big 466 50 14 0 120 10000 1680
row too big 466 50 14 0 120 10000 1680
row too big 466 50 14 0 120 10000 1680
row too big 466 50 14 0 120 10000 1680
row too big 466 50 14 0 120 10000 1680
row too big 466 50 14 0 120 10000 1680
row too big 466 50 14 0 120 10000 1680
row too big 466 50 14 0 120 10000 1680
row too big 466 50 14 0 120 10000 1680
row too big 466 50 14 0 120 10000 1680
row too big 466 50 14 0 120 10000 1680
row too big 466 50 14 0 120 10000 1680
row too big 466 50 14 0 120 10000 1680
row too big 466 50 14 0 120 10000 1680
row too big 466 50 14 0 120 10000 1680
row too big 466 50 14 0 120 10000 1680
row too big 466 50 14 0 120 10000 1680
row too big 466 50 14 0 120 10000 1680
row too big 466 50 14 0 120 10000 1680
row too big 466 50 14 0 120 10000 1680
row too big 466 50 14 0 120 10000 1680
row too big 466 50 14 0 120 10000 1680
row too big 472 50 34 0 120 10000 4080
row too big 472 50 34 0 120 10000 4080
row too big 472 50 34 0 120 10000 4080
row too big 472 50 34 0 120 10000 4080
row too big 472 50 34 0 120 10000 4080
row too big 472 50 34 0 120 10000 4080
row too big 472 50 34 0 120 10000 4080
row too big 472 50 34 0 120 10000 4080
row too big 472 50 34 0 120 10000 4080
row too big 472 50 34 0 120 10000 4080
row too big 472 50 34 0 120 10000 4080
row too big 472 50 34 0 120 10000 4080
row too big 472 50 34 0 120 10000 4080
row too big 472 50 34 0 120 10000 4080
row too big 472 50 34 0 120 10000 4080
row too big 472 50 34 0 120 10000 4080
row too big 472 50 34 0 120 10000 4080
row too big 472 50 34 0 120 10000 4080
row too big 472 50 34 0 120 10000 4080
row too big 472 50 34 0 120 10000 4080
row too big 472 50 34 0 120 10000 4080
row too big 472 50 34 0 120 10000 4080
row too big 472 50 34 0 120 10000 4080
row too big 472 50 34 0 120 10000 4080
row too big 472 50 34 0 120 10000 4080
row too big 472 50 34 0 120 10000 4080
row too big 472 50 34 0 120 10000 4080
row too big 472 50 34 0 120 10000 4080
row too big 472 50 34 0 120 10000 4080
row too big 472 50 34 0 120 10000 4080
row too big 472 50 34 0 120 10000 4080
row too big 472 50 34 0 120 10000 4080
row too big 472 50 34 0 120 10000 4080
row too big 472 50 34 0 120 10000 4080
row too big 472 50 34 0 120 10000 4080
row too big 472 50 34 0 120 10000 4080
row too big 472 50 34 0 120 10000 4080
row too big 472 50 34 0 120 10000 4080
row too big 472 50 34 0 120 10000 4080
row too big 472 50 34 0 120 10000 4080
row too big 472 50 34 0 120 10000 4080
row too big 472 50 34 0 120 10000 4080
row too big 472 50 34 0 120 10000 4080
row too big 472 50 34 0 120 10000 4080
row too big 472 50 34 0 120 10000 4080
row too big 472 50 34 0 120 10000 4080
row too big 472 50 34 0 120 10000 4080
row too big 472 50 34 0 120 10000 4080
row too big 472 50 34 0 120 10000 4080
row too big 472 50 34 0 120 10000 4080
row too big 472 50 34 0 120 10000 4080
row too big 472 50 34 0 120 10000 4080
No clocks for GW5AT-60B for now.
Create logic to clock gates. Half:0
No DHCEN for GW5AT-60B for now.
