check 19199191
row too big 274 50 22 0 120 10000 2640
row too big 274 50 22 0 120 10000 2640
row too big 274 50 22 0 120 10000 2640
row too big 274 50 22 0 120 10000 2640
row too big 274 50 22 0 120 10000 2640
row too big 274 50 22 0 120 10000 2640
row too big 274 50 22 0 120 10000 2640
row too big 274 50 22 0 120 10000 2640
row too big 274 50 22 0 120 10000 2640
row too big 274 50 22 0 120 10000 2640
row too big 274 50 22 0 120 10000 2640
row too big 274 50 22 0 120 10000 2640
row too big 274 50 22 0 120 10000 2640
row too big 274 50 22 0 120 10000 2640
row too big 274 50 22 0 120 10000 2640
row too big 274 50 22 0 120 10000 2640
row too big 274 50 22 0 120 10000 2640
row too big 274 50 22 0 120 10000 2640
row too big 274 50 22 0 120 10000 2640
row too big 274 50 22 0 120 10000 2640
row too big 274 50 22 0 120 10000 2640
row too big 274 50 22 0 120 10000 2640
row too big 274 50 22 0 120 10000 2640
row too big 274 50 22 0 120 10000 2640
row too big 274 50 22 0 120 10000 2640
row too big 274 50 22 0 120 10000 2640
row too big 274 50 22 0 120 10000 2640
row too big 274 50 22 0 120 10000 2640
row too big 274 50 22 0 120 10000 2640
row too big 274 50 22 0 120 10000 2640
row too big 274 50 22 0 120 10000 2640
row too big 274 50 22 0 120 10000 2640
row too big 274 50 22 0 120 10000 2640
row too big 274 50 22 0 120 10000 2640
row too big 274 50 22 0 120 10000 2640
row too big 274 50 22 0 120 10000 2640
row too big 274 50 22 0 120 10000 2640
row too big 274 50 22 0 120 10000 2640
row too big 379 50 22 0 120 10000 2640
row too big 379 50 22 0 120 10000 2640
row too big 379 50 22 0 120 10000 2640
row too big 379 50 22 0 120 10000 2640
row too big 379 50 22 0 120 10000 2640
row too big 379 50 22 0 120 10000 2640
row too big 379 50 22 0 120 10000 2640
row too big 379 50 22 0 120 10000 2640
row too big 379 50 22 0 120 10000 2640
row too big 379 50 22 0 120 10000 2640
row too big 379 50 22 0 120 10000 2640
row too big 379 50 22 0 120 10000 2640
row too big 379 50 22 0 120 10000 2640
row too big 379 50 22 0 120 10000 2640
row too big 379 50 22 0 120 10000 2640
row too big 379 50 22 0 120 10000 2640
row too big 379 50 22 0 120 10000 2640
row too big 379 50 22 0 120 10000 2640
row too big 379 50 22 0 120 10000 2640
row too big 379 50 22 0 120 10000 2640
row too big 379 50 22 0 120 10000 2640
row too big 379 50 22 0 120 10000 2640
row too big 379 50 22 0 120 10000 2640
row too big 379 50 22 0 120 10000 2640
row too big 379 50 22 0 120 10000 2640
row too big 379 50 22 0 120 10000 2640
row too big 379 50 22 0 120 10000 2640
row too big 379 50 22 0 120 10000 2640
row too big 379 50 22 0 120 10000 2640
row too big 379 50 22 0 120 10000 2640
row too big 379 50 22 0 120 10000 2640
row too big 379 50 22 0 120 10000 2640
row too big 379 50 22 0 120 10000 2640
row too big 379 50 22 0 120 10000 2640
row too big 379 50 22 0 120 10000 2640
row too big 379 50 22 0 120 10000 2640
row too big 379 50 22 0 120 10000 2640
row too big 379 50 22 0 120 10000 2640
Create clock wires. Half:0
27 85 196 SPINE8
  << in  27 85 196 CBRIDGEOUT_TOP0_TOP
  << in  27 85 196 CBRIDGEOUT_BOTTOM3_TOP
27 85 196 SPINE10
  << in  27 85 196 CBRIDGEOUT_BOTTOM2_TOP
  << in  27 85 196 CBRIDGEOUT_TOP1_TOP
27 85 196 SPINE9
  << in  27 85 196 CBRIDGEOUT_TOP2_TOP
  << in  27 85 196 CBRIDGEOUT_BOTTOM0_TOP
27 85 196 SPINE11
  << in  27 85 196 CBRIDGEOUT_TOP3_TOP
  << in  27 85 196 CBRIDGEOUT_BOTTOM1_TOP
27 85 196 SPINE13
  << in  27 85 196 CBRIDGEOUT_TOP5_TOP
  << in  27 85 196 CBRIDGEOUT_BOTTOM6_TOP
27 85 196 SPINE12
  << in  27 85 196 CBRIDGEOUT_BOTTOM4_TOP
  << in  27 85 196 CBRIDGEOUT_TOP6_TOP
27 85 196 SPINE6
  << in  27 85 196 CBRIDGEOUT_TOP7_TOP
27 85 196 SPINE14
  << in  27 85 196 CBRIDGEOUT_TOP7_TOP
27 85 196 SPINE22
  << in  27 85 196 CBRIDGEOUT_TOP7_TOP
27 85 196 SPINE30
  << in  27 85 196 CBRIDGEOUT_TOP7_TOP
27 86 197 SPINE14
  << in  27 86 197 CBRIDGEOUT_TOP7_TOP
27 87 198 SPINE0
  << in  27 87 198 CBRIDGEOUT_TOP0_TOP
  << in  27 87 198 CBRIDGEOUT_BOTTOM3_TOP
27 87 198 SPINE2
  << in  27 87 198 CBRIDGEOUT_BOTTOM2_TOP
  << in  27 87 198 CBRIDGEOUT_TOP1_TOP
27 87 198 SPINE1
  << in  27 87 198 CBRIDGEOUT_TOP2_TOP
  << in  27 87 198 CBRIDGEOUT_BOTTOM0_TOP
27 87 198 SPINE3
  << in  27 87 198 CBRIDGEOUT_TOP3_TOP
  << in  27 87 198 CBRIDGEOUT_BOTTOM1_TOP
27 87 198 SPINE5
  << in  27 87 198 CBRIDGEOUT_TOP5_TOP
  << in  27 87 198 CBRIDGEOUT_BOTTOM6_TOP
27 87 198 SPINE4
  << in  27 87 198 CBRIDGEOUT_BOTTOM4_TOP
  << in  27 87 198 CBRIDGEOUT_TOP6_TOP
27 87 198 SPINE15
  << in  27 87 198 CBRIDGEOUT_BOTTOM7_TOP
27 88 199 SPINE7
  << in  27 88 199 CBRIDGEOUT_BOTTOM7_TOP
27 94 205 SPINE16
  << in  27 94 205 CBRIDGEOUT_TOP0_TOP
  << in  27 94 205 CBRIDGEOUT_BOTTOM3_TOP
27 94 205 SPINE18
  << in  27 94 205 CBRIDGEOUT_BOTTOM2_TOP
  << in  27 94 205 CBRIDGEOUT_TOP1_TOP
27 94 205 SPINE17
  << in  27 94 205 CBRIDGEOUT_TOP2_TOP
  << in  27 94 205 CBRIDGEOUT_BOTTOM0_TOP
27 94 205 SPINE19
  << in  27 94 205 CBRIDGEOUT_TOP3_TOP
  << in  27 94 205 CBRIDGEOUT_BOTTOM1_TOP
27 94 205 SPINE21
  << in  27 94 205 CBRIDGEOUT_TOP5_TOP
  << in  27 94 205 CBRIDGEOUT_BOTTOM6_TOP
27 94 205 SPINE20
  << in  27 94 205 CBRIDGEOUT_BOTTOM4_TOP
  << in  27 94 205 CBRIDGEOUT_TOP6_TOP
27 94 205 SPINE31
  << in  27 94 205 CBRIDGEOUT_BOTTOM7_TOP
27 96 207 SPINE24
  << in  27 96 207 CBRIDGEOUT_TOP0_TOP
  << in  27 96 207 CBRIDGEOUT_BOTTOM3_TOP
27 96 207 SPINE26
  << in  27 96 207 CBRIDGEOUT_BOTTOM2_TOP
  << in  27 96 207 CBRIDGEOUT_TOP1_TOP
27 96 207 SPINE25
  << in  27 96 207 CBRIDGEOUT_TOP2_TOP
  << in  27 96 207 CBRIDGEOUT_BOTTOM0_TOP
27 96 207 SPINE27
  << in  27 96 207 CBRIDGEOUT_TOP3_TOP
  << in  27 96 207 CBRIDGEOUT_BOTTOM1_TOP
27 96 207 SPINE29
  << in  27 96 207 CBRIDGEOUT_TOP5_TOP
  << in  27 96 207 CBRIDGEOUT_BOTTOM6_TOP
27 96 207 SPINE28
  << in  27 96 207 CBRIDGEOUT_BOTTOM4_TOP
  << in  27 96 207 CBRIDGEOUT_TOP6_TOP
54 88 80 SPINE16 BRIDGE CBRIDGEOUT_BOTTOM0
  << in  54 88 80 TRPLL1CLK2_TOP
  << in  54 88 80 BRPLL0CLK0_TOP
  << in  54 88 80 TLBDCLK1_BOT_TOP
  << in  54 88 80 TRPLL1CLK3_TOP
  << in  54 88 80 BRPLL0CLK3_TOP
  << in  54 88 80 TRPLL0CLK1_TOP
  << in  54 88 80 PCLKT1_TOP
  << in  54 88 80 TRPLL1CLK1_TOP
  << in  54 88 80 BRMDCLK1_BOT_TOP
  << in  54 88 80 TLMDCLK1_BOT_TOP
  << in  54 88 80 PCLKR1_TOP
  << in  54 88 80 TLPLL0CLK3_TOP
  << in  54 88 80 BLPLL0CLK2_TOP
  << in  54 88 80 TRPLL0CLK2_TOP
  << in  54 88 80 BLPLL0CLK0_TOP
  << in  54 88 80 TRPLL1CLK0_TOP
  << in  54 88 80 PCLKB1_TOP
  << in  54 88 80 TLPLL1CLK0_TOP
  << in  54 88 80 PCLKR0_TOP
  << in  54 88 80 TRPLL0CLK0_TOP
  << in  54 88 80 PCLKB0_TOP
  << in  54 88 80 BLPLL0CLK1_TOP
  << in  54 88 80 TRBDCLK2_BOT_TOP
  << in  54 88 80 TRMDCLK1_BOT_TOP
  << in  54 88 80 TLPLL1CLK3_TOP
  << in  54 88 80 TLPLL0CLK2_TOP
  << in  54 88 80 TLPLL1CLK1_TOP
  << in  54 88 80 PCLKT0_TOP
  << in  54 88 80 BRPLL0CLK1_TOP
  << in  54 88 80 BRBDCLK3_BOT_TOP
  << in  54 88 80 TLPLL0CLK1_TOP
  << in  54 88 80 TLPLL1CLK2_TOP
  << in  54 88 80 BLPLL0CLK3_TOP
  << in  54 88 80 BLBDCLK2_BOT_TOP
  << in  54 88 80 TLPLL0CLK0_TOP
  << in  54 88 80 TRPLL0CLK3_TOP
  << in  54 88 80 PCLKL0_TOP
  << in  54 88 80 BRPLL0CLK2_TOP
  << in  54 88 80 PCLKL1_TOP
54 88 80 SPINE17 BRIDGE CBRIDGEOUT_BOTTOM1
  << in  54 88 80 TRPLL1CLK2_TOP
  << in  54 88 80 BRPLL0CLK0_TOP
  << in  54 88 80 TLBDCLK1_BOT_TOP
  << in  54 88 80 TRPLL1CLK3_TOP
  << in  54 88 80 BRPLL0CLK3_TOP
  << in  54 88 80 TRPLL0CLK1_TOP
  << in  54 88 80 PCLKT1_TOP
  << in  54 88 80 TRPLL1CLK1_TOP
  << in  54 88 80 BRMDCLK1_BOT_TOP
  << in  54 88 80 TLMDCLK1_BOT_TOP
  << in  54 88 80 PCLKR1_TOP
  << in  54 88 80 TLPLL0CLK3_TOP
  << in  54 88 80 BLPLL0CLK2_TOP
  << in  54 88 80 TRPLL0CLK2_TOP
  << in  54 88 80 BLPLL0CLK0_TOP
  << in  54 88 80 TRPLL1CLK0_TOP
  << in  54 88 80 PCLKB1_TOP
  << in  54 88 80 TLPLL1CLK0_TOP
  << in  54 88 80 PCLKR0_TOP
  << in  54 88 80 TRPLL0CLK0_TOP
  << in  54 88 80 PCLKB0_TOP
  << in  54 88 80 BLPLL0CLK1_TOP
  << in  54 88 80 TRBDCLK2_BOT_TOP
  << in  54 88 80 TRMDCLK1_BOT_TOP
  << in  54 88 80 TLPLL1CLK3_TOP
  << in  54 88 80 TLPLL0CLK2_TOP
  << in  54 88 80 TLPLL1CLK1_TOP
  << in  54 88 80 PCLKT0_TOP
  << in  54 88 80 BRPLL0CLK1_TOP
  << in  54 88 80 BRBDCLK3_BOT_TOP
  << in  54 88 80 TLPLL0CLK1_TOP
  << in  54 88 80 TLPLL1CLK2_TOP
  << in  54 88 80 BLPLL0CLK3_TOP
  << in  54 88 80 BLBDCLK2_BOT_TOP
  << in  54 88 80 TLPLL0CLK0_TOP
  << in  54 88 80 TRPLL0CLK3_TOP
  << in  54 88 80 PCLKL0_TOP
  << in  54 88 80 BRPLL0CLK2_TOP
  << in  54 88 80 PCLKL1_TOP
54 88 80 SPINE18 BRIDGE CBRIDGEOUT_BOTTOM2
  << in  54 88 80 TRPLL1CLK2_TOP
  << in  54 88 80 BRPLL0CLK0_TOP
  << in  54 88 80 TLBDCLK1_BOT_TOP
  << in  54 88 80 TRPLL1CLK3_TOP
  << in  54 88 80 BRPLL0CLK3_TOP
  << in  54 88 80 TRPLL0CLK1_TOP
  << in  54 88 80 PCLKT1_TOP
  << in  54 88 80 TRPLL1CLK1_TOP
  << in  54 88 80 BRMDCLK1_BOT_TOP
  << in  54 88 80 TLMDCLK1_BOT_TOP
  << in  54 88 80 PCLKR1_TOP
  << in  54 88 80 TLPLL0CLK3_TOP
  << in  54 88 80 BLPLL0CLK2_TOP
  << in  54 88 80 TRPLL0CLK2_TOP
  << in  54 88 80 BLPLL0CLK0_TOP
  << in  54 88 80 TRPLL1CLK0_TOP
  << in  54 88 80 PCLKB1_TOP
  << in  54 88 80 TLPLL1CLK0_TOP
  << in  54 88 80 PCLKR0_TOP
  << in  54 88 80 TRPLL0CLK0_TOP
  << in  54 88 80 PCLKB0_TOP
  << in  54 88 80 BLPLL0CLK1_TOP
  << in  54 88 80 TRBDCLK2_BOT_TOP
  << in  54 88 80 TRMDCLK1_BOT_TOP
  << in  54 88 80 TLPLL1CLK3_TOP
  << in  54 88 80 TLPLL0CLK2_TOP
  << in  54 88 80 TLPLL1CLK1_TOP
  << in  54 88 80 PCLKT0_TOP
  << in  54 88 80 BRPLL0CLK1_TOP
  << in  54 88 80 BRBDCLK3_BOT_TOP
  << in  54 88 80 TLPLL0CLK1_TOP
  << in  54 88 80 TLPLL1CLK2_TOP
  << in  54 88 80 BLPLL0CLK3_TOP
  << in  54 88 80 BLBDCLK2_BOT_TOP
  << in  54 88 80 TLPLL0CLK0_TOP
  << in  54 88 80 TRPLL0CLK3_TOP
  << in  54 88 80 PCLKL0_TOP
  << in  54 88 80 BRPLL0CLK2_TOP
  << in  54 88 80 PCLKL1_TOP
54 88 80 SPINE19 BRIDGE CBRIDGEOUT_BOTTOM3
  << in  54 88 80 TRPLL1CLK2_TOP
  << in  54 88 80 BRPLL0CLK0_TOP
  << in  54 88 80 TLBDCLK1_BOT_TOP
  << in  54 88 80 TRPLL1CLK3_TOP
  << in  54 88 80 BRPLL0CLK3_TOP
  << in  54 88 80 TRPLL0CLK1_TOP
  << in  54 88 80 PCLKT1_TOP
  << in  54 88 80 TRPLL1CLK1_TOP
  << in  54 88 80 BRMDCLK1_BOT_TOP
  << in  54 88 80 TLMDCLK1_BOT_TOP
  << in  54 88 80 PCLKR1_TOP
  << in  54 88 80 TLPLL0CLK3_TOP
  << in  54 88 80 BLPLL0CLK2_TOP
  << in  54 88 80 TRPLL0CLK2_TOP
  << in  54 88 80 BLPLL0CLK0_TOP
  << in  54 88 80 TRPLL1CLK0_TOP
  << in  54 88 80 PCLKB1_TOP
  << in  54 88 80 TLPLL1CLK0_TOP
  << in  54 88 80 PCLKR0_TOP
  << in  54 88 80 TRPLL0CLK0_TOP
  << in  54 88 80 PCLKB0_TOP
  << in  54 88 80 BLPLL0CLK1_TOP
  << in  54 88 80 TRBDCLK2_BOT_TOP
  << in  54 88 80 TRMDCLK1_BOT_TOP
  << in  54 88 80 TLPLL1CLK3_TOP
  << in  54 88 80 TLPLL0CLK2_TOP
  << in  54 88 80 TLPLL1CLK1_TOP
  << in  54 88 80 PCLKT0_TOP
  << in  54 88 80 BRPLL0CLK1_TOP
  << in  54 88 80 BRBDCLK3_BOT_TOP
  << in  54 88 80 TLPLL0CLK1_TOP
  << in  54 88 80 TLPLL1CLK2_TOP
  << in  54 88 80 BLPLL0CLK3_TOP
  << in  54 88 80 BLBDCLK2_BOT_TOP
  << in  54 88 80 TLPLL0CLK0_TOP
  << in  54 88 80 TRPLL0CLK3_TOP
  << in  54 88 80 PCLKL0_TOP
  << in  54 88 80 BRPLL0CLK2_TOP
  << in  54 88 80 PCLKL1_TOP
54 88 80 SPINE20 BRIDGE CBRIDGEOUT_BOTTOM4
  << in  54 88 80 TRPLL1CLK2_TOP
  << in  54 88 80 BRPLL0CLK0_TOP
  << in  54 88 80 TLBDCLK1_BOT_TOP
  << in  54 88 80 TRPLL1CLK3_TOP
  << in  54 88 80 BRPLL0CLK3_TOP
  << in  54 88 80 TRPLL0CLK1_TOP
  << in  54 88 80 PCLKT1_TOP
  << in  54 88 80 TRPLL1CLK1_TOP
  << in  54 88 80 BRMDCLK1_BOT_TOP
  << in  54 88 80 TLMDCLK1_BOT_TOP
  << in  54 88 80 PCLKR1_TOP
  << in  54 88 80 TLPLL0CLK3_TOP
  << in  54 88 80 BLPLL0CLK2_TOP
  << in  54 88 80 TRPLL0CLK2_TOP
  << in  54 88 80 BLPLL0CLK0_TOP
  << in  54 88 80 TRPLL1CLK0_TOP
  << in  54 88 80 PCLKB1_TOP
  << in  54 88 80 TLPLL1CLK0_TOP
  << in  54 88 80 PCLKR0_TOP
  << in  54 88 80 TRPLL0CLK0_TOP
  << in  54 88 80 PCLKB0_TOP
  << in  54 88 80 BLPLL0CLK1_TOP
  << in  54 88 80 TRBDCLK2_BOT_TOP
  << in  54 88 80 TRMDCLK1_BOT_TOP
  << in  54 88 80 TLPLL1CLK3_TOP
  << in  54 88 80 TLPLL0CLK2_TOP
  << in  54 88 80 TLPLL1CLK1_TOP
  << in  54 88 80 PCLKT0_TOP
  << in  54 88 80 BRPLL0CLK1_TOP
  << in  54 88 80 BRBDCLK3_BOT_TOP
  << in  54 88 80 TLPLL0CLK1_TOP
  << in  54 88 80 TLPLL1CLK2_TOP
  << in  54 88 80 BLPLL0CLK3_TOP
  << in  54 88 80 BLBDCLK2_BOT_TOP
  << in  54 88 80 TLPLL0CLK0_TOP
  << in  54 88 80 TRPLL0CLK3_TOP
  << in  54 88 80 PCLKL0_TOP
  << in  54 88 80 BRPLL0CLK2_TOP
  << in  54 88 80 PCLKL1_TOP
54 88 80 SPINE21 BRIDGE CBRIDGEOUT_BOTTOM5
  << in  54 88 80 TRPLL1CLK2_TOP
  << in  54 88 80 BRPLL0CLK0_TOP
  << in  54 88 80 TLBDCLK1_BOT_TOP
  << in  54 88 80 TRPLL1CLK3_TOP
  << in  54 88 80 BRPLL0CLK3_TOP
  << in  54 88 80 TRPLL0CLK1_TOP
  << in  54 88 80 PCLKT1_TOP
  << in  54 88 80 TRPLL1CLK1_TOP
  << in  54 88 80 BRMDCLK1_BOT_TOP
  << in  54 88 80 TLMDCLK1_BOT_TOP
  << in  54 88 80 PCLKR1_TOP
  << in  54 88 80 TLPLL0CLK3_TOP
  << in  54 88 80 BLPLL0CLK2_TOP
  << in  54 88 80 TRPLL0CLK2_TOP
  << in  54 88 80 BLPLL0CLK0_TOP
  << in  54 88 80 TRPLL1CLK0_TOP
  << in  54 88 80 PCLKB1_TOP
  << in  54 88 80 TLPLL1CLK0_TOP
  << in  54 88 80 PCLKR0_TOP
  << in  54 88 80 TRPLL0CLK0_TOP
  << in  54 88 80 PCLKB0_TOP
  << in  54 88 80 BLPLL0CLK1_TOP
  << in  54 88 80 TRBDCLK2_BOT_TOP
  << in  54 88 80 TRMDCLK1_BOT_TOP
  << in  54 88 80 TLPLL1CLK3_TOP
  << in  54 88 80 TLPLL0CLK2_TOP
  << in  54 88 80 TLPLL1CLK1_TOP
  << in  54 88 80 PCLKT0_TOP
  << in  54 88 80 BRPLL0CLK1_TOP
  << in  54 88 80 BRBDCLK3_BOT_TOP
  << in  54 88 80 TLPLL0CLK1_TOP
  << in  54 88 80 TLPLL1CLK2_TOP
  << in  54 88 80 BLPLL0CLK3_TOP
  << in  54 88 80 BLBDCLK2_BOT_TOP
  << in  54 88 80 TLPLL0CLK0_TOP
  << in  54 88 80 TRPLL0CLK3_TOP
  << in  54 88 80 PCLKL0_TOP
  << in  54 88 80 BRPLL0CLK2_TOP
  << in  54 88 80 PCLKL1_TOP
54 93 85 SPINE8 BRIDGE CBRIDGEOUT_TOP0
  << in  54 93 85 TRPLL1CLK2_TOP
  << in  54 93 85 BRPLL0CLK0_TOP
  << in  54 93 85 TRPLL1CLK3_TOP
  << in  54 93 85 BRPLL0CLK3_TOP
  << in  54 93 85 TRPLL0CLK1_TOP
  << in  54 93 85 TLBDCLK1_TOP_TOP
  << in  54 93 85 PCLKT1_TOP
  << in  54 93 85 TRPLL1CLK1_TOP
  << in  54 93 85 PCLKR1_TOP
  << in  54 93 85 TLPLL0CLK3_TOP
  << in  54 93 85 BLPLL0CLK2_TOP
  << in  54 93 85 TRMDCLK1_TOP_TOP
  << in  54 93 85 TRPLL0CLK2_TOP
  << in  54 93 85 BLPLL0CLK0_TOP
  << in  54 93 85 BLMDCLK1_TOP_TOP
  << in  54 93 85 TRPLL1CLK0_TOP
  << in  54 93 85 TLPLL1CLK0_TOP
  << in  54 93 85 PCLKB1_TOP
  << in  54 93 85 PCLKR0_TOP
  << in  54 93 85 TRPLL0CLK0_TOP
  << in  54 93 85 PCLKB0_TOP
  << in  54 93 85 BLPLL0CLK1_TOP
  << in  54 93 85 TLPLL1CLK3_TOP
  << in  54 93 85 TLPLL0CLK2_TOP
  << in  54 93 85 BRMDCLK1_TOP_TOP
  << in  54 93 85 TLPLL1CLK1_TOP
  << in  54 93 85 BRBDCLK3_TOP_TOP
  << in  54 93 85 BLMDCLK1_BOT_TOP
  << in  54 93 85 PCLKT0_TOP
  << in  54 93 85 BRPLL0CLK1_TOP
  << in  54 93 85 BLBDCLK2_TOP_TOP
  << in  54 93 85 TLPLL0CLK1_TOP
  << in  54 93 85 TRBDCLK2_TOP_TOP
  << in  54 93 85 TLPLL1CLK2_TOP
  << in  54 93 85 BLPLL0CLK3_TOP
  << in  54 93 85 TLMDCLK1_TOP_TOP
  << in  54 93 85 TLPLL0CLK0_TOP
  << in  54 93 85 TRPLL0CLK3_TOP
  << in  54 93 85 PCLKL0_TOP
  << in  54 93 85 BRPLL0CLK2_TOP
  << in  54 93 85 PCLKL1_TOP
54 93 85 SPINE9 BRIDGE CBRIDGEOUT_TOP1
  << in  54 93 85 TRPLL1CLK2_TOP
  << in  54 93 85 BRPLL0CLK0_TOP
  << in  54 93 85 TRPLL1CLK3_TOP
  << in  54 93 85 BRPLL0CLK3_TOP
  << in  54 93 85 TRPLL0CLK1_TOP
  << in  54 93 85 TLBDCLK1_TOP_TOP
  << in  54 93 85 PCLKT1_TOP
  << in  54 93 85 TRPLL1CLK1_TOP
  << in  54 93 85 PCLKR1_TOP
  << in  54 93 85 TLPLL0CLK3_TOP
  << in  54 93 85 BLPLL0CLK2_TOP
  << in  54 93 85 TRMDCLK1_TOP_TOP
  << in  54 93 85 TRPLL0CLK2_TOP
  << in  54 93 85 BLPLL0CLK0_TOP
  << in  54 93 85 BLMDCLK1_TOP_TOP
  << in  54 93 85 TRPLL1CLK0_TOP
  << in  54 93 85 TLPLL1CLK0_TOP
  << in  54 93 85 PCLKB1_TOP
  << in  54 93 85 PCLKR0_TOP
  << in  54 93 85 TRPLL0CLK0_TOP
  << in  54 93 85 PCLKB0_TOP
  << in  54 93 85 BLPLL0CLK1_TOP
  << in  54 93 85 TLPLL1CLK3_TOP
  << in  54 93 85 TLPLL0CLK2_TOP
  << in  54 93 85 BRMDCLK1_TOP_TOP
  << in  54 93 85 TLPLL1CLK1_TOP
  << in  54 93 85 BRBDCLK3_TOP_TOP
  << in  54 93 85 BLMDCLK1_BOT_TOP
  << in  54 93 85 PCLKT0_TOP
  << in  54 93 85 BRPLL0CLK1_TOP
  << in  54 93 85 BLBDCLK2_TOP_TOP
  << in  54 93 85 TLPLL0CLK1_TOP
  << in  54 93 85 TRBDCLK2_TOP_TOP
  << in  54 93 85 TLPLL1CLK2_TOP
  << in  54 93 85 BLPLL0CLK3_TOP
  << in  54 93 85 TLMDCLK1_TOP_TOP
  << in  54 93 85 TLPLL0CLK0_TOP
  << in  54 93 85 TRPLL0CLK3_TOP
  << in  54 93 85 PCLKL0_TOP
  << in  54 93 85 BRPLL0CLK2_TOP
  << in  54 93 85 PCLKL1_TOP
54 93 85 SPINE10 BRIDGE CBRIDGEOUT_TOP2
  << in  54 93 85 TRPLL1CLK2_TOP
  << in  54 93 85 BRPLL0CLK0_TOP
  << in  54 93 85 TRPLL1CLK3_TOP
  << in  54 93 85 BRPLL0CLK3_TOP
  << in  54 93 85 TRPLL0CLK1_TOP
  << in  54 93 85 TLBDCLK1_TOP_TOP
  << in  54 93 85 PCLKT1_TOP
  << in  54 93 85 TRPLL1CLK1_TOP
  << in  54 93 85 PCLKR1_TOP
  << in  54 93 85 TLPLL0CLK3_TOP
  << in  54 93 85 BLPLL0CLK2_TOP
  << in  54 93 85 TRMDCLK1_TOP_TOP
  << in  54 93 85 TRPLL0CLK2_TOP
  << in  54 93 85 BLPLL0CLK0_TOP
  << in  54 93 85 BLMDCLK1_TOP_TOP
  << in  54 93 85 TRPLL1CLK0_TOP
  << in  54 93 85 TLPLL1CLK0_TOP
  << in  54 93 85 PCLKB1_TOP
  << in  54 93 85 PCLKR0_TOP
  << in  54 93 85 TRPLL0CLK0_TOP
  << in  54 93 85 PCLKB0_TOP
  << in  54 93 85 BLPLL0CLK1_TOP
  << in  54 93 85 TLPLL1CLK3_TOP
  << in  54 93 85 TLPLL0CLK2_TOP
  << in  54 93 85 BRMDCLK1_TOP_TOP
  << in  54 93 85 TLPLL1CLK1_TOP
  << in  54 93 85 BRBDCLK3_TOP_TOP
  << in  54 93 85 BLMDCLK1_BOT_TOP
  << in  54 93 85 PCLKT0_TOP
  << in  54 93 85 BRPLL0CLK1_TOP
  << in  54 93 85 BLBDCLK2_TOP_TOP
  << in  54 93 85 TLPLL0CLK1_TOP
  << in  54 93 85 TRBDCLK2_TOP_TOP
  << in  54 93 85 TLPLL1CLK2_TOP
  << in  54 93 85 BLPLL0CLK3_TOP
  << in  54 93 85 TLMDCLK1_TOP_TOP
  << in  54 93 85 TLPLL0CLK0_TOP
  << in  54 93 85 TRPLL0CLK3_TOP
  << in  54 93 85 PCLKL0_TOP
  << in  54 93 85 BRPLL0CLK2_TOP
  << in  54 93 85 PCLKL1_TOP
54 93 85 SPINE11 BRIDGE CBRIDGEOUT_TOP3
  << in  54 93 85 TRPLL1CLK2_TOP
  << in  54 93 85 BRPLL0CLK0_TOP
  << in  54 93 85 TRPLL1CLK3_TOP
  << in  54 93 85 BRPLL0CLK3_TOP
  << in  54 93 85 TRPLL0CLK1_TOP
  << in  54 93 85 TLBDCLK1_TOP_TOP
  << in  54 93 85 PCLKT1_TOP
  << in  54 93 85 TRPLL1CLK1_TOP
  << in  54 93 85 PCLKR1_TOP
  << in  54 93 85 TLPLL0CLK3_TOP
  << in  54 93 85 BLPLL0CLK2_TOP
  << in  54 93 85 TRMDCLK1_TOP_TOP
  << in  54 93 85 TRPLL0CLK2_TOP
  << in  54 93 85 BLPLL0CLK0_TOP
  << in  54 93 85 BLMDCLK1_TOP_TOP
  << in  54 93 85 TRPLL1CLK0_TOP
  << in  54 93 85 TLPLL1CLK0_TOP
  << in  54 93 85 PCLKB1_TOP
  << in  54 93 85 PCLKR0_TOP
  << in  54 93 85 TRPLL0CLK0_TOP
  << in  54 93 85 PCLKB0_TOP
  << in  54 93 85 BLPLL0CLK1_TOP
  << in  54 93 85 TLPLL1CLK3_TOP
  << in  54 93 85 TLPLL0CLK2_TOP
  << in  54 93 85 BRMDCLK1_TOP_TOP
  << in  54 93 85 TLPLL1CLK1_TOP
  << in  54 93 85 BRBDCLK3_TOP_TOP
  << in  54 93 85 BLMDCLK1_BOT_TOP
  << in  54 93 85 PCLKT0_TOP
  << in  54 93 85 BRPLL0CLK1_TOP
  << in  54 93 85 BLBDCLK2_TOP_TOP
  << in  54 93 85 TLPLL0CLK1_TOP
  << in  54 93 85 TRBDCLK2_TOP_TOP
  << in  54 93 85 TLPLL1CLK2_TOP
  << in  54 93 85 BLPLL0CLK3_TOP
  << in  54 93 85 TLMDCLK1_TOP_TOP
  << in  54 93 85 TLPLL0CLK0_TOP
  << in  54 93 85 TRPLL0CLK3_TOP
  << in  54 93 85 PCLKL0_TOP
  << in  54 93 85 BRPLL0CLK2_TOP
  << in  54 93 85 PCLKL1_TOP
54 93 85 SPINE12 BRIDGE CBRIDGEOUT_TOP4
  << in  54 93 85 TRPLL1CLK2_TOP
  << in  54 93 85 BRPLL0CLK0_TOP
  << in  54 93 85 TRPLL1CLK3_TOP
  << in  54 93 85 BRPLL0CLK3_TOP
  << in  54 93 85 TRPLL0CLK1_TOP
  << in  54 93 85 TLBDCLK1_TOP_TOP
  << in  54 93 85 PCLKT1_TOP
  << in  54 93 85 TRPLL1CLK1_TOP
  << in  54 93 85 PCLKR1_TOP
  << in  54 93 85 TLPLL0CLK3_TOP
  << in  54 93 85 BLPLL0CLK2_TOP
  << in  54 93 85 TRMDCLK1_TOP_TOP
  << in  54 93 85 TRPLL0CLK2_TOP
  << in  54 93 85 BLPLL0CLK0_TOP
  << in  54 93 85 BLMDCLK1_TOP_TOP
  << in  54 93 85 TRPLL1CLK0_TOP
  << in  54 93 85 TLPLL1CLK0_TOP
  << in  54 93 85 PCLKB1_TOP
  << in  54 93 85 PCLKR0_TOP
  << in  54 93 85 TRPLL0CLK0_TOP
  << in  54 93 85 PCLKB0_TOP
  << in  54 93 85 BLPLL0CLK1_TOP
  << in  54 93 85 TLPLL1CLK3_TOP
  << in  54 93 85 TLPLL0CLK2_TOP
  << in  54 93 85 BRMDCLK1_TOP_TOP
  << in  54 93 85 TLPLL1CLK1_TOP
  << in  54 93 85 BRBDCLK3_TOP_TOP
  << in  54 93 85 BLMDCLK1_BOT_TOP
  << in  54 93 85 PCLKT0_TOP
  << in  54 93 85 BRPLL0CLK1_TOP
  << in  54 93 85 BLBDCLK2_TOP_TOP
  << in  54 93 85 TLPLL0CLK1_TOP
  << in  54 93 85 TRBDCLK2_TOP_TOP
  << in  54 93 85 TLPLL1CLK2_TOP
  << in  54 93 85 BLPLL0CLK3_TOP
  << in  54 93 85 TLMDCLK1_TOP_TOP
  << in  54 93 85 TLPLL0CLK0_TOP
  << in  54 93 85 TRPLL0CLK3_TOP
  << in  54 93 85 PCLKL0_TOP
  << in  54 93 85 BRPLL0CLK2_TOP
  << in  54 93 85 PCLKL1_TOP
54 93 85 SPINE13 BRIDGE CBRIDGEOUT_TOP5
  << in  54 93 85 TRPLL1CLK2_TOP
  << in  54 93 85 BRPLL0CLK0_TOP
  << in  54 93 85 TRPLL1CLK3_TOP
  << in  54 93 85 BRPLL0CLK3_TOP
  << in  54 93 85 TRPLL0CLK1_TOP
  << in  54 93 85 TLBDCLK1_TOP_TOP
  << in  54 93 85 PCLKT1_TOP
  << in  54 93 85 TRPLL1CLK1_TOP
  << in  54 93 85 PCLKR1_TOP
  << in  54 93 85 TLPLL0CLK3_TOP
  << in  54 93 85 BLPLL0CLK2_TOP
  << in  54 93 85 TRMDCLK1_TOP_TOP
  << in  54 93 85 TRPLL0CLK2_TOP
  << in  54 93 85 BLPLL0CLK0_TOP
  << in  54 93 85 BLMDCLK1_TOP_TOP
  << in  54 93 85 TRPLL1CLK0_TOP
  << in  54 93 85 TLPLL1CLK0_TOP
  << in  54 93 85 PCLKB1_TOP
  << in  54 93 85 PCLKR0_TOP
  << in  54 93 85 TRPLL0CLK0_TOP
  << in  54 93 85 PCLKB0_TOP
  << in  54 93 85 BLPLL0CLK1_TOP
  << in  54 93 85 TLPLL1CLK3_TOP
  << in  54 93 85 TLPLL0CLK2_TOP
  << in  54 93 85 BRMDCLK1_TOP_TOP
  << in  54 93 85 TLPLL1CLK1_TOP
  << in  54 93 85 BRBDCLK3_TOP_TOP
  << in  54 93 85 BLMDCLK1_BOT_TOP
  << in  54 93 85 PCLKT0_TOP
  << in  54 93 85 BRPLL0CLK1_TOP
  << in  54 93 85 BLBDCLK2_TOP_TOP
  << in  54 93 85 TLPLL0CLK1_TOP
  << in  54 93 85 TRBDCLK2_TOP_TOP
  << in  54 93 85 TLPLL1CLK2_TOP
  << in  54 93 85 BLPLL0CLK3_TOP
  << in  54 93 85 TLMDCLK1_TOP_TOP
  << in  54 93 85 TLPLL0CLK0_TOP
  << in  54 93 85 TRPLL0CLK3_TOP
  << in  54 93 85 PCLKL0_TOP
  << in  54 93 85 BRPLL0CLK2_TOP
  << in  54 93 85 PCLKL1_TOP
Create clock wires. Half:1
81 85 208 SPINE8
  << in  81 85 208 CBRIDGEOUT_TOP0_BOT
  << in  81 85 208 CBRIDGEOUT_BOTTOM3_BOT
81 85 208 SPINE10
  << in  81 85 208 CBRIDGEOUT_BOTTOM2_BOT
  << in  81 85 208 CBRIDGEOUT_TOP1_BOT
81 85 208 SPINE9
  << in  81 85 208 CBRIDGEOUT_TOP2_BOT
  << in  81 85 208 CBRIDGEOUT_BOTTOM0_BOT
81 85 208 SPINE11
  << in  81 85 208 CBRIDGEOUT_TOP3_BOT
  << in  81 85 208 CBRIDGEOUT_BOTTOM1_BOT
81 85 208 SPINE13
  << in  81 85 208 CBRIDGEOUT_TOP5_BOT
  << in  81 85 208 CBRIDGEOUT_BOTTOM6_BOT
81 85 208 SPINE12
  << in  81 85 208 CBRIDGEOUT_BOTTOM4_BOT
  << in  81 85 208 CBRIDGEOUT_TOP6_BOT
81 85 208 SPINE6
  << in  81 85 208 CBRIDGEOUT_TOP7_BOT
81 85 208 SPINE14
  << in  81 85 208 CBRIDGEOUT_TOP7_BOT
81 85 208 SPINE22
  << in  81 85 208 CBRIDGEOUT_TOP7_BOT
81 85 208 SPINE30
  << in  81 85 208 CBRIDGEOUT_TOP7_BOT
81 86 209 SPINE14
  << in  81 86 209 CBRIDGEOUT_TOP7_BOT
81 87 210 SPINE0
  << in  81 87 210 CBRIDGEOUT_TOP0_BOT
  << in  81 87 210 CBRIDGEOUT_BOTTOM3_BOT
81 87 210 SPINE2
  << in  81 87 210 CBRIDGEOUT_BOTTOM2_BOT
  << in  81 87 210 CBRIDGEOUT_TOP1_BOT
81 87 210 SPINE1
  << in  81 87 210 CBRIDGEOUT_TOP2_BOT
  << in  81 87 210 CBRIDGEOUT_BOTTOM0_BOT
81 87 210 SPINE3
  << in  81 87 210 CBRIDGEOUT_TOP3_BOT
  << in  81 87 210 CBRIDGEOUT_BOTTOM1_BOT
81 87 210 SPINE5
  << in  81 87 210 CBRIDGEOUT_TOP5_BOT
  << in  81 87 210 CBRIDGEOUT_BOTTOM6_BOT
81 87 210 SPINE4
  << in  81 87 210 CBRIDGEOUT_BOTTOM4_BOT
  << in  81 87 210 CBRIDGEOUT_TOP6_BOT
81 87 210 SPINE15
  << in  81 87 210 CBRIDGEOUT_BOTTOM7_BOT
81 88 211 SPINE7
  << in  81 88 211 CBRIDGEOUT_BOTTOM7_BOT
81 94 217 SPINE16
  << in  81 94 217 CBRIDGEOUT_TOP0_BOT
  << in  81 94 217 CBRIDGEOUT_BOTTOM3_BOT
81 94 217 SPINE18
  << in  81 94 217 CBRIDGEOUT_BOTTOM2_BOT
  << in  81 94 217 CBRIDGEOUT_TOP1_BOT
81 94 217 SPINE17
  << in  81 94 217 CBRIDGEOUT_TOP2_BOT
  << in  81 94 217 CBRIDGEOUT_BOTTOM0_BOT
81 94 217 SPINE19
  << in  81 94 217 CBRIDGEOUT_TOP3_BOT
  << in  81 94 217 CBRIDGEOUT_BOTTOM1_BOT
81 94 217 SPINE21
  << in  81 94 217 CBRIDGEOUT_TOP5_BOT
  << in  81 94 217 CBRIDGEOUT_BOTTOM6_BOT
81 94 217 SPINE20
  << in  81 94 217 CBRIDGEOUT_BOTTOM4_BOT
  << in  81 94 217 CBRIDGEOUT_TOP6_BOT
81 94 217 SPINE31
  << in  81 94 217 CBRIDGEOUT_BOTTOM7_BOT
81 96 219 SPINE24
  << in  81 96 219 CBRIDGEOUT_TOP0_BOT
  << in  81 96 219 CBRIDGEOUT_BOTTOM3_BOT
81 96 219 SPINE26
  << in  81 96 219 CBRIDGEOUT_BOTTOM2_BOT
  << in  81 96 219 CBRIDGEOUT_TOP1_BOT
81 96 219 SPINE25
  << in  81 96 219 CBRIDGEOUT_TOP2_BOT
  << in  81 96 219 CBRIDGEOUT_BOTTOM0_BOT
81 96 219 SPINE27
  << in  81 96 219 CBRIDGEOUT_TOP3_BOT
  << in  81 96 219 CBRIDGEOUT_BOTTOM1_BOT
81 96 219 SPINE29
  << in  81 96 219 CBRIDGEOUT_TOP5_BOT
  << in  81 96 219 CBRIDGEOUT_BOTTOM6_BOT
81 96 219 SPINE28
  << in  81 96 219 CBRIDGEOUT_BOTTOM4_BOT
  << in  81 96 219 CBRIDGEOUT_TOP6_BOT
Create logic to clock gates. Half:0
Create logic to clock gates. Half:1
160 108 91 125 BRMDCLK1_BOT
No DHCEN for GW5AST-138C for now.
