warning: GW5A-25A: the device data of Gowin IDE 1.9.12.03 at /Applications/GowinIDE.app/Contents/Resources/Gowin_EDA carries no ADC description (Adc25kIns is absent or all -1); skipping ADC bel creation.
check 19199191
row too big 60 50 32 0 120 10000 3840
row too big 60 50 32 0 120 10000 3840
row too big 60 50 32 0 120 10000 3840
row too big 60 50 32 0 120 10000 3840
row too big 60 50 32 0 120 10000 3840
row too big 60 50 32 0 120 10000 3840
row too big 60 50 32 0 120 10000 3840
row too big 60 50 32 0 120 10000 3840
row too big 60 50 32 0 120 10000 3840
row too big 60 50 32 0 120 10000 3840
row too big 60 50 32 0 120 10000 3840
row too big 60 50 32 0 120 10000 3840
row too big 60 50 32 0 120 10000 3840
row too big 60 50 32 0 120 10000 3840
row too big 60 50 32 0 120 10000 3840
row too big 60 50 32 0 120 10000 3840
row too big 60 50 32 0 120 10000 3840
row too big 60 50 32 0 120 10000 3840
row too big 60 50 32 0 120 10000 3840
row too big 60 50 32 0 120 10000 3840
row too big 60 50 32 0 120 10000 3840
row too big 60 50 32 0 120 10000 3840
row too big 60 50 32 0 120 10000 3840
row too big 60 50 32 0 120 10000 3840
row too big 60 50 32 0 120 10000 3840
row too big 60 50 32 0 120 10000 3840
row too big 60 50 32 0 120 10000 3840
row too big 60 50 32 0 120 10000 3840
row too big 60 50 32 0 120 10000 3840
row too big 60 50 32 0 120 10000 3840
row too big 60 50 32 0 120 10000 3840
row too big 60 50 32 0 120 10000 3840
row too big 60 50 32 0 120 10000 3840
row too big 60 50 32 0 120 10000 3840
row too big 60 50 32 0 120 10000 3840
row too big 60 50 32 0 120 10000 3840
row too big 60 50 32 0 120 10000 3840
row too big 60 50 32 0 120 10000 3840
row too big 60 50 32 0 120 10000 3840
row too big 60 50 32 0 120 10000 3840
row too big 60 50 32 0 120 10000 3840
row too big 60 50 32 0 120 10000 3840
row too big 60 50 32 0 120 10000 3840
row too big 60 50 32 0 120 10000 3840
row too big 60 50 32 0 120 10000 3840
row too big 60 50 32 0 120 10000 3840
row too big 60 50 32 0 120 10000 3840
row too big 60 50 32 0 120 10000 3840
row too big 60 50 32 0 120 10000 3840
row too big 60 50 32 0 120 10000 3840
row too big 60 50 32 0 120 10000 3840
row too big 60 50 32 0 120 10000 3840
row too big 220 50 12 0 136 10000 1632
row too big 220 50 12 0 136 10000 1632
row too big 220 50 12 0 136 10000 1632
row too big 220 50 12 0 136 10000 1632
row too big 220 50 12 0 136 10000 1632
row too big 220 50 12 0 136 10000 1632
row too big 220 50 12 0 136 10000 1632
row too big 220 50 12 0 136 10000 1632
row too big 220 50 12 0 136 10000 1632
row too big 220 50 12 0 136 10000 1632
row too big 220 50 12 0 136 10000 1632
row too big 220 50 12 0 136 10000 1632
row too big 220 50 12 0 136 10000 1632
row too big 220 50 12 0 136 10000 1632
row too big 220 50 12 0 136 10000 1632
row too big 220 50 12 0 136 10000 1632
row too big 220 50 12 0 136 10000 1632
row too big 220 50 12 0 136 10000 1632
row too big 220 50 12 0 136 10000 1632
row too big 220 50 12 0 136 10000 1632
row too big 220 50 12 0 136 10000 1632
row too big 220 50 12 0 136 10000 1632
row too big 220 50 12 0 136 10000 1632
row too big 220 50 12 0 136 10000 1632
row too big 220 50 12 0 136 10000 1632
row too big 220 50 12 0 136 10000 1632
row too big 220 50 12 0 136 10000 1632
row too big 220 50 12 0 136 10000 1632
row too big 220 50 12 0 136 10000 1632
row too big 220 50 12 0 136 10000 1632
row too big 220 50 12 0 136 10000 1632
row too big 220 50 12 0 136 10000 1632
row too big 220 50 12 0 136 10000 1632
row too big 220 50 12 0 136 10000 1632
row too big 220 50 12 0 136 10000 1632
row too big 220 50 12 0 136 10000 1632
row too big 220 50 12 0 136 10000 1632
row too big 220 50 12 0 136 10000 1632
row too big 220 50 12 0 136 10000 1632
row too big 220 50 12 0 136 10000 1632
row too big 220 50 12 0 136 10000 1632
row too big 220 50 12 0 136 10000 1632
row too big 220 50 12 0 136 10000 1632
row too big 220 50 12 0 136 10000 1632
row too big 220 50 12 0 136 10000 1632
row too big 220 50 12 0 136 10000 1632
row too big 220 50 12 0 136 10000 1632
row too big 220 50 12 0 136 10000 1632
row too big 220 50 12 0 136 10000 1632
row too big 220 50 12 0 136 10000 1632
row too big 242 50 14 0 120 10000 1680
row too big 242 50 14 0 120 10000 1680
row too big 242 50 14 0 120 10000 1680
row too big 242 50 14 0 120 10000 1680
row too big 242 50 14 0 120 10000 1680
row too big 242 50 14 0 120 10000 1680
row too big 242 50 14 0 120 10000 1680
row too big 242 50 14 0 120 10000 1680
row too big 242 50 14 0 120 10000 1680
row too big 242 50 14 0 120 10000 1680
row too big 242 50 14 0 120 10000 1680
row too big 242 50 14 0 120 10000 1680
row too big 242 50 14 0 120 10000 1680
row too big 242 50 14 0 120 10000 1680
row too big 242 50 14 0 120 10000 1680
row too big 242 50 14 0 120 10000 1680
row too big 242 50 14 0 120 10000 1680
row too big 242 50 14 0 120 10000 1680
row too big 242 50 14 0 120 10000 1680
row too big 242 50 14 0 120 10000 1680
row too big 242 50 14 0 120 10000 1680
row too big 242 50 14 0 120 10000 1680
row too big 242 50 14 0 120 10000 1680
row too big 242 50 14 0 120 10000 1680
row too big 242 50 14 0 120 10000 1680
row too big 242 50 14 0 120 10000 1680
row too big 242 50 14 0 120 10000 1680
row too big 242 50 14 0 120 10000 1680
row too big 242 50 14 0 120 10000 1680
row too big 242 50 14 0 120 10000 1680
row too big 242 50 14 0 120 10000 1680
row too big 242 50 14 0 120 10000 1680
row too big 242 50 14 0 120 10000 1680
row too big 242 50 14 0 120 10000 1680
row too big 242 50 14 0 120 10000 1680
row too big 242 50 14 0 120 10000 1680
row too big 242 50 14 0 120 10000 1680
row too big 242 50 14 0 120 10000 1680
row too big 242 50 14 0 120 10000 1680
row too big 242 50 14 0 120 10000 1680
row too big 242 50 14 0 120 10000 1680
row too big 242 50 14 0 120 10000 1680
row too big 242 50 14 0 120 10000 1680
row too big 242 50 14 0 120 10000 1680
row too big 242 50 14 0 120 10000 1680
row too big 242 50 14 0 120 10000 1680
row too big 242 50 14 0 120 10000 1680
row too big 242 50 14 0 120 10000 1680
row too big 242 50 14 0 120 10000 1680
row too big 242 50 14 0 120 10000 1680
row too big 242 50 14 0 120 10000 1680
row too big 242 50 14 0 120 10000 1680
row too big 272 50 12 0 136 10000 1632
row too big 272 50 12 0 136 10000 1632
row too big 272 50 12 0 136 10000 1632
row too big 272 50 12 0 136 10000 1632
row too big 272 50 12 0 136 10000 1632
row too big 272 50 12 0 136 10000 1632
row too big 272 50 12 0 136 10000 1632
row too big 272 50 12 0 136 10000 1632
row too big 272 50 12 0 136 10000 1632
row too big 272 50 12 0 136 10000 1632
row too big 272 50 12 0 136 10000 1632
row too big 272 50 12 0 136 10000 1632
row too big 272 50 12 0 136 10000 1632
row too big 272 50 12 0 136 10000 1632
row too big 272 50 12 0 136 10000 1632
row too big 272 50 12 0 136 10000 1632
row too big 272 50 12 0 136 10000 1632
row too big 272 50 12 0 136 10000 1632
row too big 272 50 12 0 136 10000 1632
row too big 272 50 12 0 136 10000 1632
row too big 272 50 12 0 136 10000 1632
row too big 272 50 12 0 136 10000 1632
row too big 272 50 12 0 136 10000 1632
row too big 272 50 12 0 136 10000 1632
row too big 272 50 12 0 136 10000 1632
row too big 272 50 12 0 136 10000 1632
row too big 272 50 12 0 136 10000 1632
row too big 272 50 12 0 136 10000 1632
row too big 272 50 12 0 136 10000 1632
row too big 272 50 12 0 136 10000 1632
row too big 272 50 12 0 136 10000 1632
row too big 272 50 12 0 136 10000 1632
row too big 272 50 12 0 136 10000 1632
row too big 272 50 12 0 136 10000 1632
row too big 272 50 12 0 136 10000 1632
row too big 272 50 12 0 136 10000 1632
row too big 272 50 12 0 136 10000 1632
row too big 272 50 12 0 136 10000 1632
row too big 272 50 12 0 136 10000 1632
row too big 272 50 12 0 136 10000 1632
row too big 272 50 12 0 136 10000 1632
row too big 272 50 12 0 136 10000 1632
row too big 272 50 12 0 136 10000 1632
row too big 272 50 12 0 136 10000 1632
row too big 272 50 12 0 136 10000 1632
row too big 272 50 12 0 136 10000 1632
row too big 392 50 12 0 136 10000 1632
row too big 392 50 12 0 136 10000 1632
Create logic to clock gates. Half:0
139 20 91 125 BRBDCLK2
145 9 46 125 TRMDCLK0
142 20 0 126 BLBDCLK1
134 17 0 125 TLBDCLK1
140 21 91 125 BRBDCLK3
141 36 45 126 BLBDCLK0
144 21 0 125 BLBDCLK3
133 0 45 126 TLBDCLK0
132 18 91 126 TRBDCLK3
146 18 46 125 TRMDCLK1
136 18 0 126 TLBDCLK3
129 0 46 126 TRBDCLK0
131 18 91 125 TRBDCLK2
137 36 46 126 BRBDCLK0
143 20 0 125 BLBDCLK2
138 20 91 126 BRBDCLK1
135 18 0 125 TLBDCLK2
130 17 91 125 TRBDCLK1
No DHCEN for GW5A-25A for now.
