BATCH_START batch=p1-pll-sweep-a shape=clocking_pll level=E1 pid=56101 design_dir=/Users/alex/fine-line-data/open-toolchain-gw5ast/clocking/pll/sweep-a
BATCH_START batch=p1-pll-sweep-a shape=clocking_pll level=E1 pid=72614 design_dir=/Users/alex/fine-line-data/open-toolchain-gw5ast/clocking/pll/sweep-a
SELFTEST ok: 1 difference reported, 0 spurious
BATCH_HEAD selftest --inject-one-fuse: ok
COMPLETENESS ok: 0 unattributed tiles, 0 missing cells
BATCH_HEAD selftest --unpacker-completeness: ok
MASKPROBE ok: 6 classes probed, 6 reported
BATCH_HEAD selftest --probe-mask-classes: ok
BATCH_HEAD gw_sh pre-flight: ok
BATCH_SIZE batch_runs=867 source=/Users/alex/fine-line/.atelier/worktrees/2026-09-03-open-toolchain-gw5ast-7e84/open-toolchain/evidence/calibration/measured-budget.md parallelism=1 (this batch: 20 run ids)
BATCH_RESUME batch=p1-pll-sweep-a planned=20 already_terminal=0
RUN_START p1-pll-sweep-a-clocking_pll-0000 sweep='idiv_013'
RUN_DONE p1-pll-sweep-a-clocking_pll-0000 verdict=aborted
RUN_START p1-pll-sweep-a-clocking_pll-0001 sweep='idiv_012'
RUN_DONE p1-pll-sweep-a-clocking_pll-0001 verdict=aborted
RUN_START p1-pll-sweep-a-clocking_pll-0002 sweep='idiv_015'
RUN_DONE p1-pll-sweep-a-clocking_pll-0002 verdict=aborted
RUN_START p1-pll-sweep-a-clocking_pll-0003 sweep='idiv_014'
RUN_DONE p1-pll-sweep-a-clocking_pll-0003 verdict=aborted
RUN_START p1-pll-sweep-a-clocking_pll-0004 sweep='idiv_010'
RUN_DONE p1-pll-sweep-a-clocking_pll-0004 verdict=aborted
RUN_START p1-pll-sweep-a-clocking_pll-0005 sweep='idiv_011'
RUN_DONE p1-pll-sweep-a-clocking_pll-0005 verdict=aborted
RUN_START p1-pll-sweep-a-clocking_pll-0006 sweep='idiv_009'
RUN_DONE p1-pll-sweep-a-clocking_pll-0006 verdict=aborted
RUN_START p1-pll-sweep-a-clocking_pll-0007 sweep='idiv_017'
RUN_DONE p1-pll-sweep-a-clocking_pll-0007 verdict=aborted
RUN_START p1-pll-sweep-a-clocking_pll-0008 sweep='idiv_016'
RUN_DONE p1-pll-sweep-a-clocking_pll-0008 verdict=aborted
RUN_START p1-pll-sweep-a-clocking_pll-0009 sweep='fbdiv_018'
RUN_DONE p1-pll-sweep-a-clocking_pll-0009 verdict=aborted
RUN_START p1-pll-sweep-a-clocking_pll-0010 sweep='fbdiv_013'
RUN_DONE p1-pll-sweep-a-clocking_pll-0010 verdict=aborted
RUN_START p1-pll-sweep-a-clocking_pll-0011 sweep='fbdiv_015'
RUN_DONE p1-pll-sweep-a-clocking_pll-0011 verdict=aborted
RUN_START p1-pll-sweep-a-clocking_pll-0012 sweep='fbdiv_014'
RUN_DONE p1-pll-sweep-a-clocking_pll-0012 verdict=aborted
RUN_START p1-pll-sweep-a-clocking_pll-0013 sweep='fbdiv_020'
RUN_DONE p1-pll-sweep-a-clocking_pll-0013 verdict=aborted
RUN_START p1-pll-sweep-a-clocking_pll-0014 sweep='fbdiv_021'
RUN_DONE p1-pll-sweep-a-clocking_pll-0014 verdict=aborted
RUN_START p1-pll-sweep-a-clocking_pll-0015 sweep='fbdiv_023'
RUN_DONE p1-pll-sweep-a-clocking_pll-0015 verdict=aborted
RUN_START p1-pll-sweep-a-clocking_pll-0016 sweep='fbdiv_022'
RUN_DONE p1-pll-sweep-a-clocking_pll-0016 verdict=aborted
RUN_START p1-pll-sweep-a-clocking_pll-0017 sweep='fbdiv_019'
RUN_DONE p1-pll-sweep-a-clocking_pll-0017 verdict=aborted
RUN_START p1-pll-sweep-a-clocking_pll-0018 sweep='fbdiv_017'
RUN_DONE p1-pll-sweep-a-clocking_pll-0018 verdict=aborted
RUN_START p1-pll-sweep-a-clocking_pll-0019 sweep='fbdiv_016'
RUN_DONE p1-pll-sweep-a-clocking_pll-0019 verdict=aborted
BATCH_SKIPPED batch=p1-pll-sweep-a n=0 refused=0 rows=/Users/alex/fine-line/.atelier/worktrees/2026-09-03-open-toolchain-gw5ast-7e84/open-toolchain/evidence/_runs/p1-pll-sweep-a.rows.jsonl
BATCH_COMPLETE p1-pll-sweep-a runs=20 ok=0 diff=0 aborted=20
