BATCH_START batch=p1-pll-attrmap shape=clocking_pll_attrmap level=E1 pid=2259 design_dir=/Users/alex/fine-line-data/open-toolchain-gw5ast/clocking/pll/attrmap
BATCH_HEAD selftest --inject-one-fuse: FAILED — FileNotFoundError(2, 'No such file or directory')
BATCH_HEAD selftest --unpacker-completeness: FAILED — FileNotFoundError(2, 'No such file or directory')
BATCH_HEAD selftest --probe-mask-classes: FAILED — FileNotFoundError(2, 'No such file or directory')
BATCH_HEAD gw_sh pre-flight: ok
BATCH_HEAD_BLOCKED batch=p1-pll-attrmap — no row is produced by this batch
BATCH_COMPLETE p1-pll-attrmap runs=0 ok=0 diff=0 aborted=0
BATCH_START batch=p1-pll-attrmap shape=clocking_pll_attrmap level=E1 pid=29885 design_dir=/Users/alex/fine-line-data/open-toolchain-gw5ast/clocking/pll/attrmap
SELFTEST ok: 1 difference reported, 0 spurious
BATCH_HEAD selftest --inject-one-fuse: ok
COMPLETENESS ok: 0 unattributed tiles, 0 missing cells
BATCH_HEAD selftest --unpacker-completeness: ok
MASKPROBE ok: 6 classes probed, 6 reported
BATCH_HEAD selftest --probe-mask-classes: ok
BATCH_HEAD gw_sh pre-flight: ok
BATCH_SIZE batch_runs=867 source=/Users/alex/fine-line/.atelier/worktrees/2026-09-03-open-toolchain-gw5ast-7e84/open-toolchain/evidence/calibration/measured-budget.md parallelism=1 (this batch: 12 run ids)
BATCH_RESUME batch=p1-pll-attrmap planned=12 already_terminal=0
RUN_START p1-pll-attrmap-clocking_pll_attrmap-0000 sweep='p00_baseline'
RUN_DONE p1-pll-attrmap-clocking_pll_attrmap-0000 verdict=aborted
RUN_START p1-pll-attrmap-clocking_pll_attrmap-0001 sweep='p01_idiv3'
RUN_DONE p1-pll-attrmap-clocking_pll_attrmap-0001 verdict=aborted
RUN_START p1-pll-attrmap-clocking_pll_attrmap-0002 sweep='p02_idiv4'
RUN_DONE p1-pll-attrmap-clocking_pll_attrmap-0002 verdict=aborted
RUN_START p1-pll-attrmap-clocking_pll_attrmap-0003 sweep='p03_fbdiv1'
RUN_DONE p1-pll-attrmap-clocking_pll_attrmap-0003 verdict=aborted
RUN_START p1-pll-attrmap-clocking_pll_attrmap-0004 sweep='p04_mdiv7'
RUN_DONE p1-pll-attrmap-clocking_pll_attrmap-0004 verdict=aborted
RUN_START p1-pll-attrmap-clocking_pll_attrmap-0005 sweep='p05_mdiv10'
RUN_DONE p1-pll-attrmap-clocking_pll_attrmap-0005 verdict=aborted
RUN_START p1-pll-attrmap-clocking_pll_attrmap-0006 sweep='p06_odiv0_4'
RUN_DONE p1-pll-attrmap-clocking_pll_attrmap-0006 verdict=aborted
RUN_START p1-pll-attrmap-clocking_pll_attrmap-0007 sweep='p07_odiv0_16'
RUN_DONE p1-pll-attrmap-clocking_pll_attrmap-0007 verdict=aborted
RUN_START p1-pll-attrmap-clocking_pll_attrmap-0008 sweep='p08_odiv0_64'
RUN_DONE p1-pll-attrmap-clocking_pll_attrmap-0008 verdict=aborted
RUN_START p1-pll-attrmap-clocking_pll_attrmap-0009 sweep='p09_dyn_idiv'
RUN_DONE p1-pll-attrmap-clocking_pll_attrmap-0009 verdict=aborted
RUN_START p1-pll-attrmap-clocking_pll_attrmap-0010 sweep='p10_dyn_odiv0'
RUN_DONE p1-pll-attrmap-clocking_pll_attrmap-0010 verdict=aborted
RUN_START p1-pll-attrmap-clocking_pll_attrmap-0011 sweep='p11_clkout1_en'
RUN_DONE p1-pll-attrmap-clocking_pll_attrmap-0011 verdict=aborted
BATCH_SKIPPED batch=p1-pll-attrmap n=0 refused=0 rows=/Users/alex/fine-line/.atelier/worktrees/2026-09-03-open-toolchain-gw5ast-7e84/open-toolchain/evidence/_runs/p1-pll-attrmap.rows.jsonl
BATCH_COMPLETE p1-pll-attrmap runs=12 ok=0 diff=0 aborted=12
