BATCH_START batch=p1-pll-sweep-b shape=clocking_pll level=E1 pid=78700 design_dir=/Users/alex/fine-line-data/open-toolchain-gw5ast/clocking/pll/sweep-b
SELFTEST ok: 1 difference reported, 0 spurious
BATCH_HEAD selftest --inject-one-fuse: ok
COMPLETENESS ok: 0 unattributed tiles, 0 missing cells
BATCH_HEAD selftest --unpacker-completeness: ok
MASKPROBE ok: 6 classes probed, 6 reported
BATCH_HEAD selftest --probe-mask-classes: ok
BATCH_HEAD gw_sh pre-flight: ok
BATCH_CHIPDB batch=p1-pll-sweep-b sha256=2a741df710c33f3c11ebeff5917a1492efc815dec01f3fa1744eea3cb6970740
BATCH_SIZE batch_runs=867 source=/Users/alex/fine-line/.atelier/worktrees/2026-09-03-open-toolchain-gw5ast-7e84/open-toolchain/evidence/calibration/measured-budget.md parallelism=1 (this batch: 20 run ids)
BATCH_RESUME batch=p1-pll-sweep-b planned=20 already_terminal=0
RUN_START p1-pll-sweep-b-clocking_pll-0000 sweep='odiv0_008'
RUN_DONE p1-pll-sweep-b-clocking_pll-0000 verdict=aborted
RUN_START p1-pll-sweep-b-clocking_pll-0001 sweep='odiv0_001'
RUN_DONE p1-pll-sweep-b-clocking_pll-0001 verdict=aborted
RUN_START p1-pll-sweep-b-clocking_pll-0002 sweep='odiv0_003'
RUN_DONE p1-pll-sweep-b-clocking_pll-0002 verdict=aborted
RUN_START p1-pll-sweep-b-clocking_pll-0003 sweep='odiv0_002'
RUN_DONE p1-pll-sweep-b-clocking_pll-0003 verdict=aborted
RUN_START p1-pll-sweep-b-clocking_pll-0004 sweep='odiv0_004'
RUN_DONE p1-pll-sweep-b-clocking_pll-0004 verdict=aborted
RUN_START p1-pll-sweep-b-clocking_pll-0005 sweep='odiv0_016'
RUN_DONE p1-pll-sweep-b-clocking_pll-0005 verdict=aborted
RUN_START p1-pll-sweep-b-clocking_pll-0006 sweep='odiv0_064'
RUN_DONE p1-pll-sweep-b-clocking_pll-0006 verdict=aborted
RUN_START p1-pll-sweep-b-clocking_pll-0007 sweep='odiv1_008'
RUN_DONE p1-pll-sweep-b-clocking_pll-0007 verdict=aborted
RUN_START p1-pll-sweep-b-clocking_pll-0008 sweep='odiv1_002'
RUN_DONE p1-pll-sweep-b-clocking_pll-0008 verdict=aborted
RUN_START p1-pll-sweep-b-clocking_pll-0009 sweep='odiv1_004'
RUN_DONE p1-pll-sweep-b-clocking_pll-0009 verdict=aborted
RUN_START p1-pll-sweep-b-clocking_pll-0010 sweep='odiv1_016'
RUN_DONE p1-pll-sweep-b-clocking_pll-0010 verdict=aborted
RUN_START p1-pll-sweep-b-clocking_pll-0011 sweep='odiv1_032'
RUN_DONE p1-pll-sweep-b-clocking_pll-0011 verdict=aborted
RUN_START p1-pll-sweep-b-clocking_pll-0012 sweep='odiv1_064'
RUN_DONE p1-pll-sweep-b-clocking_pll-0012 verdict=aborted
RUN_START p1-pll-sweep-b-clocking_pll-0013 sweep='mdiv_036'
RUN_DONE p1-pll-sweep-b-clocking_pll-0013 verdict=aborted
RUN_START p1-pll-sweep-b-clocking_pll-0014 sweep='mdiv_026'
RUN_DONE p1-pll-sweep-b-clocking_pll-0014 verdict=aborted
RUN_START p1-pll-sweep-b-clocking_pll-0015 sweep='mdiv_030'
RUN_DONE p1-pll-sweep-b-clocking_pll-0015 verdict=aborted
RUN_START p1-pll-sweep-b-clocking_pll-0016 sweep='mdiv_052'
RUN_DONE p1-pll-sweep-b-clocking_pll-0016 verdict=aborted
RUN_START p1-pll-sweep-b-clocking_pll-0017 sweep='mdiv_040'
RUN_DONE p1-pll-sweep-b-clocking_pll-0017 verdict=aborted
RUN_START p1-pll-sweep-b-clocking_pll-0018 sweep='mdiv_046'
RUN_DONE p1-pll-sweep-b-clocking_pll-0018 verdict=aborted
RUN_START p1-pll-sweep-b-clocking_pll-0019 sweep='mdiv_034'
RUN_DONE p1-pll-sweep-b-clocking_pll-0019 verdict=aborted
BATCH_SKIPPED batch=p1-pll-sweep-b n=0 refused=0 rows=/Users/alex/fine-line/.atelier/worktrees/2026-09-03-open-toolchain-gw5ast-7e84/open-toolchain/evidence/_runs/p1-pll-sweep-b.rows.jsonl
BATCH_COMPLETE p1-pll-sweep-b runs=20 ok=0 diff=0 aborted=20
