02:14:07 BATCH_START p1t08d-insloc runs=23
02:14:21 RUN leftside0 verdict=ok wall=14.0s errs=[]
02:14:36 RUN leftside1 verdict=ok wall=15.0s errs=[]
02:14:51 RUN leftside2 verdict=ok wall=14.3s errs=[]
02:15:07 RUN leftside3 verdict=ok wall=16.1s errs=[]
02:15:24 RUN leftside4 verdict=ok wall=17.4s errs=[]
02:15:38 RUN leftside5 verdict=ok wall=13.9s errs=[]
02:15:56 RUN leftside6 verdict=ok wall=17.6s errs=[]
02:16:13 RUN leftside7 verdict=ok wall=16.7s errs=[]
02:16:27 RUN rightside0 verdict=ok wall=14.1s errs=[]
02:16:43 RUN rightside1 verdict=ok wall=16.6s errs=[]
02:17:00 RUN rightside2 verdict=ok wall=16.6s errs=[]
02:17:15 RUN rightside3 verdict=ok wall=14.8s errs=[]
02:17:31 RUN rightside4 verdict=ok wall=16.1s errs=[]
02:17:46 RUN rightside5 verdict=ok wall=14.8s errs=[]
02:18:01 RUN rightside6 verdict=ok wall=14.8s errs=[]
02:18:14 RUN rightside7 verdict=ok wall=13.6s errs=[]
02:18:27 RUN bottomside0 verdict=ok wall=13.2s errs=[]
02:18:42 RUN bottomside1 verdict=ok wall=14.4s errs=[]
02:18:58 RUN bottomside2 verdict=ok wall=16.2s errs=[]
02:19:16 RUN bottomside3 verdict=ok wall=17.7s errs=[]
02:19:36 RUN bottomside5 verdict=ok wall=19.8s errs=[]
02:19:55 RUN bottomside6 verdict=ok wall=19.4s errs=[]
02:20:16 RUN bottomside7 verdict=ok wall=21.0s errs=[]
02:20:16 BATCH_COMPLETE p1t08d-insloc runs=23 ok=23 diff=0 aborted=0
