+ export SW=/Users/alex/fine-line/.atelier/worktrees/2026-09-03-open-toolchain-gw5ast-7e84/apicula-wt/sweep
+ SW=/Users/alex/fine-line/.atelier/worktrees/2026-09-03-open-toolchain-gw5ast-7e84/apicula-wt/sweep
+ export NP=/Users/alex/fine-line/.atelier/worktrees/2026-09-03-open-toolchain-gw5ast-7e84/nextpnr-wt/integ
+ NP=/Users/alex/fine-line/.atelier/worktrees/2026-09-03-open-toolchain-gw5ast-7e84/nextpnr-wt/integ
+ export D=/Users/alex/fine-line-data/open-toolchain-gw5ast
+ D=/Users/alex/fine-line-data/open-toolchain-gw5ast
+ export GOWINHOME=/Applications/GowinIDE.app/Contents/Resources/Gowin_EDA
+ GOWINHOME=/Applications/GowinIDE.app/Contents/Resources/Gowin_EDA
+ export DYLD_LIBRARY_PATH=/Applications/GowinIDE.app/Contents/Resources/Gowin_EDA/IDE/lib
+ DYLD_LIBRARY_PATH=/Applications/GowinIDE.app/Contents/Resources/Gowin_EDA/IDE/lib
+ export DYLD_FRAMEWORK_PATH=/Applications/GowinIDE.app/Contents/Resources/Gowin_EDA/IDE/lib
+ DYLD_FRAMEWORK_PATH=/Applications/GowinIDE.app/Contents/Resources/Gowin_EDA/IDE/lib
+ export PYTHONPATH=/Users/alex/fine-line/.atelier/worktrees/2026-09-03-open-toolchain-gw5ast-7e84/apicula-wt/sweep
+ PYTHONPATH=/Users/alex/fine-line/.atelier/worktrees/2026-09-03-open-toolchain-gw5ast-7e84/apicula-wt/sweep
+ PY=/Users/alex/fine-line/vendor/venv/bin/python
+ date -u
Sun Sep  6 09:03:42 UTC 2026
+ /Users/alex/fine-line/vendor/venv/bin/python -m apycula.chipdb_builder GW5AST-138C -o /Users/alex/fine-line-data/open-toolchain-gw5ast/chipdb/p1t14/GW5AST-138C.msgpack.xz
check 19199191
row too big 274 50 22 0 120 10000 2640
row too big 274 50 22 0 120 10000 2640
row too big 274 50 22 0 120 10000 2640
row too big 274 50 22 0 120 10000 2640
row too big 274 50 22 0 120 10000 2640
row too big 274 50 22 0 120 10000 2640
row too big 274 50 22 0 120 10000 2640
row too big 274 50 22 0 120 10000 2640
row too big 274 50 22 0 120 10000 2640
row too big 274 50 22 0 120 10000 2640
row too big 274 50 22 0 120 10000 2640
row too big 274 50 22 0 120 10000 2640
row too big 274 50 22 0 120 10000 2640
row too big 274 50 22 0 120 10000 2640
row too big 274 50 22 0 120 10000 2640
row too big 274 50 22 0 120 10000 2640
row too big 274 50 22 0 120 10000 2640
row too big 274 50 22 0 120 10000 2640
row too big 274 50 22 0 120 10000 2640
row too big 274 50 22 0 120 10000 2640
row too big 274 50 22 0 120 10000 2640
row too big 274 50 22 0 120 10000 2640
row too big 274 50 22 0 120 10000 2640
row too big 274 50 22 0 120 10000 2640
row too big 274 50 22 0 120 10000 2640
row too big 274 50 22 0 120 10000 2640
row too big 274 50 22 0 120 10000 2640
row too big 274 50 22 0 120 10000 2640
row too big 274 50 22 0 120 10000 2640
row too big 274 50 22 0 120 10000 2640
row too big 274 50 22 0 120 10000 2640
row too big 274 50 22 0 120 10000 2640
row too big 274 50 22 0 120 10000 2640
row too big 274 50 22 0 120 10000 2640
row too big 274 50 22 0 120 10000 2640
row too big 274 50 22 0 120 10000 2640
row too big 274 50 22 0 120 10000 2640
row too big 274 50 22 0 120 10000 2640
row too big 379 50 22 0 120 10000 2640
row too big 379 50 22 0 120 10000 2640
row too big 379 50 22 0 120 10000 2640
row too big 379 50 22 0 120 10000 2640
row too big 379 50 22 0 120 10000 2640
row too big 379 50 22 0 120 10000 2640
row too big 379 50 22 0 120 10000 2640
row too big 379 50 22 0 120 10000 2640
row too big 379 50 22 0 120 10000 2640
row too big 379 50 22 0 120 10000 2640
row too big 379 50 22 0 120 10000 2640
row too big 379 50 22 0 120 10000 2640
row too big 379 50 22 0 120 10000 2640
row too big 379 50 22 0 120 10000 2640
row too big 379 50 22 0 120 10000 2640
row too big 379 50 22 0 120 10000 2640
row too big 379 50 22 0 120 10000 2640
row too big 379 50 22 0 120 10000 2640
row too big 379 50 22 0 120 10000 2640
row too big 379 50 22 0 120 10000 2640
row too big 379 50 22 0 120 10000 2640
row too big 379 50 22 0 120 10000 2640
row too big 379 50 22 0 120 10000 2640
row too big 379 50 22 0 120 10000 2640
row too big 379 50 22 0 120 10000 2640
row too big 379 50 22 0 120 10000 2640
row too big 379 50 22 0 120 10000 2640
row too big 379 50 22 0 120 10000 2640
row too big 379 50 22 0 120 10000 2640
row too big 379 50 22 0 120 10000 2640
row too big 379 50 22 0 120 10000 2640
row too big 379 50 22 0 120 10000 2640
row too big 379 50 22 0 120 10000 2640
row too big 379 50 22 0 120 10000 2640
row too big 379 50 22 0 120 10000 2640
row too big 379 50 22 0 120 10000 2640
row too big 379 50 22 0 120 10000 2640
row too big 379 50 22 0 120 10000 2640
Create clock wires. Half:0
27 85 196 SPINE8
  << in  27 85 196 CBRIDGEOUT_BOTTOM3_TOP
  << in  27 85 196 CBRIDGEOUT_TOP0_TOP
27 85 196 SPINE10
  << in  27 85 196 CBRIDGEOUT_TOP1_TOP
  << in  27 85 196 CBRIDGEOUT_BOTTOM2_TOP
27 85 196 SPINE9
  << in  27 85 196 CBRIDGEOUT_BOTTOM0_TOP
  << in  27 85 196 CBRIDGEOUT_TOP2_TOP
27 85 196 SPINE11
  << in  27 85 196 CBRIDGEOUT_BOTTOM1_TOP
  << in  27 85 196 CBRIDGEOUT_TOP3_TOP
27 85 196 SPINE13
  << in  27 85 196 CBRIDGEOUT_BOTTOM6_TOP
  << in  27 85 196 CBRIDGEOUT_TOP5_TOP
27 85 196 SPINE12
  << in  27 85 196 CBRIDGEOUT_TOP6_TOP
  << in  27 85 196 CBRIDGEOUT_BOTTOM4_TOP
27 85 196 SPINE6
  << in  27 85 196 CBRIDGEOUT_TOP7_TOP
27 85 196 SPINE14
  << in  27 85 196 CBRIDGEOUT_TOP7_TOP
27 85 196 SPINE22
  << in  27 85 196 CBRIDGEOUT_TOP7_TOP
27 85 196 SPINE30
  << in  27 85 196 CBRIDGEOUT_TOP7_TOP
27 86 197 SPINE14
  << in  27 86 197 CBRIDGEOUT_TOP7_TOP
27 87 198 SPINE0
  << in  27 87 198 CBRIDGEOUT_BOTTOM3_TOP
  << in  27 87 198 CBRIDGEOUT_TOP0_TOP
27 87 198 SPINE2
  << in  27 87 198 CBRIDGEOUT_TOP1_TOP
  << in  27 87 198 CBRIDGEOUT_BOTTOM2_TOP
27 87 198 SPINE1
  << in  27 87 198 CBRIDGEOUT_BOTTOM0_TOP
  << in  27 87 198 CBRIDGEOUT_TOP2_TOP
27 87 198 SPINE3
  << in  27 87 198 CBRIDGEOUT_BOTTOM1_TOP
  << in  27 87 198 CBRIDGEOUT_TOP3_TOP
27 87 198 SPINE5
  << in  27 87 198 CBRIDGEOUT_BOTTOM6_TOP
  << in  27 87 198 CBRIDGEOUT_TOP5_TOP
27 87 198 SPINE4
  << in  27 87 198 CBRIDGEOUT_TOP6_TOP
  << in  27 87 198 CBRIDGEOUT_BOTTOM4_TOP
27 87 198 SPINE15
  << in  27 87 198 CBRIDGEOUT_BOTTOM7_TOP
27 88 199 SPINE7
  << in  27 88 199 CBRIDGEOUT_BOTTOM7_TOP
27 94 205 SPINE16
  << in  27 94 205 CBRIDGEOUT_BOTTOM3_TOP
  << in  27 94 205 CBRIDGEOUT_TOP0_TOP
27 94 205 SPINE18
  << in  27 94 205 CBRIDGEOUT_TOP1_TOP
  << in  27 94 205 CBRIDGEOUT_BOTTOM2_TOP
27 94 205 SPINE17
  << in  27 94 205 CBRIDGEOUT_BOTTOM0_TOP
  << in  27 94 205 CBRIDGEOUT_TOP2_TOP
27 94 205 SPINE19
  << in  27 94 205 CBRIDGEOUT_BOTTOM1_TOP
  << in  27 94 205 CBRIDGEOUT_TOP3_TOP
27 94 205 SPINE21
  << in  27 94 205 CBRIDGEOUT_BOTTOM6_TOP
  << in  27 94 205 CBRIDGEOUT_TOP5_TOP
27 94 205 SPINE20
  << in  27 94 205 CBRIDGEOUT_TOP6_TOP
  << in  27 94 205 CBRIDGEOUT_BOTTOM4_TOP
27 94 205 SPINE31
  << in  27 94 205 CBRIDGEOUT_BOTTOM7_TOP
27 96 207 SPINE24
  << in  27 96 207 CBRIDGEOUT_BOTTOM3_TOP
  << in  27 96 207 CBRIDGEOUT_TOP0_TOP
27 96 207 SPINE26
  << in  27 96 207 CBRIDGEOUT_TOP1_TOP
  << in  27 96 207 CBRIDGEOUT_BOTTOM2_TOP
27 96 207 SPINE25
  << in  27 96 207 CBRIDGEOUT_BOTTOM0_TOP
  << in  27 96 207 CBRIDGEOUT_TOP2_TOP
27 96 207 SPINE27
  << in  27 96 207 CBRIDGEOUT_BOTTOM1_TOP
  << in  27 96 207 CBRIDGEOUT_TOP3_TOP
27 96 207 SPINE29
  << in  27 96 207 CBRIDGEOUT_BOTTOM6_TOP
  << in  27 96 207 CBRIDGEOUT_TOP5_TOP
27 96 207 SPINE28
  << in  27 96 207 CBRIDGEOUT_TOP6_TOP
  << in  27 96 207 CBRIDGEOUT_BOTTOM4_TOP
54 88 80 SPINE16 BRIDGE CBRIDGEOUT_BOTTOM0
  << in  54 88 80 TLPLL0CLK1_TOP
  << in  54 88 80 TLPLL1CLK2_TOP
  << in  54 88 80 UNK221_TOP
  << in  54 88 80 UNK105_TOP
  << in  54 88 80 UNK225_TOP
  << in  54 88 80 UNK226_TOP
  << in  54 88 80 UNK220_TOP
  << in  54 88 80 UNK107_TOP
  << in  54 88 80 BLBDCLK2_BOT_TOP
  << in  54 88 80 UNK222_TOP
  << in  54 88 80 UNK108_TOP
  << in  54 88 80 UNK224_TOP
  << in  54 88 80 TLPLL0CLK0_TOP
  << in  54 88 80 BRPLL0CLK2_TOP
  << in  54 88 80 UNK110_TOP
  << in  54 88 80 TLPLL1CLK0_TOP
  << in  54 88 80 BRMDCLK1_BOT_TOP
  << in  54 88 80 TLMDCLK1_BOT_TOP
  << in  54 88 80 BLPLL0CLK1_TOP
  << in  54 88 80 TRMDCLK1_BOT_TOP
  << in  54 88 80 TRPLL0CLK0_TOP
  << in  54 88 80 TRPLL1CLK1_TOP
  << in  54 88 80 PCLKR1_TOP
  << in  54 88 80 BLPLL0CLK2_TOP
  << in  54 88 80 BLPLL0CLK0_TOP
  << in  54 88 80 PCLKT0_TOP
  << in  54 88 80 TRPLL0CLK1_TOP
  << in  54 88 80 TRBDCLK2_BOT_TOP
  << in  54 88 80 UNK112_TOP
  << in  54 88 80 TRPLL1CLK2_TOP
  << in  54 88 80 BRBDCLK3_BOT_TOP
  << in  54 88 80 PCLKT1_TOP
  << in  54 88 80 UNK223_TOP
  << in  54 88 80 TRPLL1CLK0_TOP
  << in  54 88 80 UNK111_TOP
  << in  54 88 80 TRPLL0CLK2_TOP
  << in  54 88 80 TLBDCLK1_BOT_TOP
  << in  54 88 80 BRPLL0CLK1_TOP
  << in  54 88 80 UNK227_TOP
  << in  54 88 80 TRPLL0CLK3_TOP
  << in  54 88 80 BRPLL0CLK3_TOP
  << in  54 88 80 PCLKB0_TOP
  << in  54 88 80 TRPLL1CLK3_TOP
  << in  54 88 80 UNK106_TOP
  << in  54 88 80 TLPLL1CLK3_TOP
  << in  54 88 80 TLPLL0CLK3_TOP
  << in  54 88 80 UNK109_TOP
  << in  54 88 80 TLPLL0CLK2_TOP
  << in  54 88 80 PCLKL1_TOP
  << in  54 88 80 BLPLL0CLK3_TOP
  << in  54 88 80 PCLKR0_TOP
  << in  54 88 80 BRPLL0CLK0_TOP
  << in  54 88 80 TLPLL1CLK1_TOP
  << in  54 88 80 PCLKL0_TOP
  << in  54 88 80 PCLKB1_TOP
54 88 80 SPINE17 BRIDGE CBRIDGEOUT_BOTTOM1
  << in  54 88 80 TLPLL0CLK1_TOP
  << in  54 88 80 TLPLL1CLK2_TOP
  << in  54 88 80 UNK221_TOP
  << in  54 88 80 UNK105_TOP
  << in  54 88 80 UNK225_TOP
  << in  54 88 80 UNK226_TOP
  << in  54 88 80 UNK220_TOP
  << in  54 88 80 UNK107_TOP
  << in  54 88 80 BLBDCLK2_BOT_TOP
  << in  54 88 80 UNK222_TOP
  << in  54 88 80 UNK108_TOP
  << in  54 88 80 UNK224_TOP
  << in  54 88 80 TLPLL0CLK0_TOP
  << in  54 88 80 BRPLL0CLK2_TOP
  << in  54 88 80 UNK110_TOP
  << in  54 88 80 TLPLL1CLK0_TOP
  << in  54 88 80 BRMDCLK1_BOT_TOP
  << in  54 88 80 TLMDCLK1_BOT_TOP
  << in  54 88 80 BLPLL0CLK1_TOP
  << in  54 88 80 TRMDCLK1_BOT_TOP
  << in  54 88 80 TRPLL0CLK0_TOP
  << in  54 88 80 TRPLL1CLK1_TOP
  << in  54 88 80 PCLKR1_TOP
  << in  54 88 80 BLPLL0CLK2_TOP
  << in  54 88 80 BLPLL0CLK0_TOP
  << in  54 88 80 PCLKT0_TOP
  << in  54 88 80 TRPLL0CLK1_TOP
  << in  54 88 80 TRBDCLK2_BOT_TOP
  << in  54 88 80 UNK112_TOP
  << in  54 88 80 TRPLL1CLK2_TOP
  << in  54 88 80 BRBDCLK3_BOT_TOP
  << in  54 88 80 PCLKT1_TOP
  << in  54 88 80 UNK223_TOP
  << in  54 88 80 TRPLL1CLK0_TOP
  << in  54 88 80 UNK111_TOP
  << in  54 88 80 TRPLL0CLK2_TOP
  << in  54 88 80 TLBDCLK1_BOT_TOP
  << in  54 88 80 BRPLL0CLK1_TOP
  << in  54 88 80 UNK227_TOP
  << in  54 88 80 TRPLL0CLK3_TOP
  << in  54 88 80 BRPLL0CLK3_TOP
  << in  54 88 80 PCLKB0_TOP
  << in  54 88 80 TRPLL1CLK3_TOP
  << in  54 88 80 UNK106_TOP
  << in  54 88 80 TLPLL1CLK3_TOP
  << in  54 88 80 TLPLL0CLK3_TOP
  << in  54 88 80 UNK109_TOP
  << in  54 88 80 TLPLL0CLK2_TOP
  << in  54 88 80 PCLKL1_TOP
  << in  54 88 80 BLPLL0CLK3_TOP
  << in  54 88 80 PCLKR0_TOP
  << in  54 88 80 BRPLL0CLK0_TOP
  << in  54 88 80 TLPLL1CLK1_TOP
  << in  54 88 80 PCLKL0_TOP
  << in  54 88 80 PCLKB1_TOP
54 88 80 SPINE18 BRIDGE CBRIDGEOUT_BOTTOM2
  << in  54 88 80 TLPLL0CLK1_TOP
  << in  54 88 80 TLPLL1CLK2_TOP
  << in  54 88 80 UNK221_TOP
  << in  54 88 80 UNK105_TOP
  << in  54 88 80 UNK225_TOP
  << in  54 88 80 UNK226_TOP
  << in  54 88 80 UNK220_TOP
  << in  54 88 80 UNK107_TOP
  << in  54 88 80 BLBDCLK2_BOT_TOP
  << in  54 88 80 UNK222_TOP
  << in  54 88 80 UNK108_TOP
  << in  54 88 80 UNK224_TOP
  << in  54 88 80 TLPLL0CLK0_TOP
  << in  54 88 80 BRPLL0CLK2_TOP
  << in  54 88 80 UNK110_TOP
  << in  54 88 80 TLPLL1CLK0_TOP
  << in  54 88 80 BRMDCLK1_BOT_TOP
  << in  54 88 80 TLMDCLK1_BOT_TOP
  << in  54 88 80 BLPLL0CLK1_TOP
  << in  54 88 80 TRMDCLK1_BOT_TOP
  << in  54 88 80 TRPLL0CLK0_TOP
  << in  54 88 80 TRPLL1CLK1_TOP
  << in  54 88 80 PCLKR1_TOP
  << in  54 88 80 BLPLL0CLK2_TOP
  << in  54 88 80 BLPLL0CLK0_TOP
  << in  54 88 80 PCLKT0_TOP
  << in  54 88 80 TRPLL0CLK1_TOP
  << in  54 88 80 TRBDCLK2_BOT_TOP
  << in  54 88 80 UNK112_TOP
  << in  54 88 80 TRPLL1CLK2_TOP
  << in  54 88 80 BRBDCLK3_BOT_TOP
  << in  54 88 80 PCLKT1_TOP
  << in  54 88 80 UNK223_TOP
  << in  54 88 80 TRPLL1CLK0_TOP
  << in  54 88 80 UNK111_TOP
  << in  54 88 80 TRPLL0CLK2_TOP
  << in  54 88 80 TLBDCLK1_BOT_TOP
  << in  54 88 80 BRPLL0CLK1_TOP
  << in  54 88 80 UNK227_TOP
  << in  54 88 80 TRPLL0CLK3_TOP
  << in  54 88 80 BRPLL0CLK3_TOP
  << in  54 88 80 PCLKB0_TOP
  << in  54 88 80 TRPLL1CLK3_TOP
  << in  54 88 80 UNK106_TOP
  << in  54 88 80 TLPLL1CLK3_TOP
  << in  54 88 80 TLPLL0CLK3_TOP
  << in  54 88 80 UNK109_TOP
  << in  54 88 80 TLPLL0CLK2_TOP
  << in  54 88 80 PCLKL1_TOP
  << in  54 88 80 BLPLL0CLK3_TOP
  << in  54 88 80 PCLKR0_TOP
  << in  54 88 80 BRPLL0CLK0_TOP
  << in  54 88 80 TLPLL1CLK1_TOP
  << in  54 88 80 PCLKL0_TOP
  << in  54 88 80 PCLKB1_TOP
54 88 80 SPINE19 BRIDGE CBRIDGEOUT_BOTTOM3
  << in  54 88 80 TLPLL0CLK1_TOP
  << in  54 88 80 TLPLL1CLK2_TOP
  << in  54 88 80 UNK221_TOP
  << in  54 88 80 UNK105_TOP
  << in  54 88 80 UNK225_TOP
  << in  54 88 80 UNK226_TOP
  << in  54 88 80 UNK220_TOP
  << in  54 88 80 UNK107_TOP
  << in  54 88 80 BLBDCLK2_BOT_TOP
  << in  54 88 80 UNK222_TOP
  << in  54 88 80 UNK108_TOP
  << in  54 88 80 UNK224_TOP
  << in  54 88 80 TLPLL0CLK0_TOP
  << in  54 88 80 BRPLL0CLK2_TOP
  << in  54 88 80 UNK110_TOP
  << in  54 88 80 TLPLL1CLK0_TOP
  << in  54 88 80 BRMDCLK1_BOT_TOP
  << in  54 88 80 TLMDCLK1_BOT_TOP
  << in  54 88 80 BLPLL0CLK1_TOP
  << in  54 88 80 TRMDCLK1_BOT_TOP
  << in  54 88 80 TRPLL0CLK0_TOP
  << in  54 88 80 TRPLL1CLK1_TOP
  << in  54 88 80 PCLKR1_TOP
  << in  54 88 80 BLPLL0CLK2_TOP
  << in  54 88 80 BLPLL0CLK0_TOP
  << in  54 88 80 PCLKT0_TOP
  << in  54 88 80 TRPLL0CLK1_TOP
  << in  54 88 80 TRBDCLK2_BOT_TOP
  << in  54 88 80 UNK112_TOP
  << in  54 88 80 TRPLL1CLK2_TOP
  << in  54 88 80 BRBDCLK3_BOT_TOP
  << in  54 88 80 PCLKT1_TOP
  << in  54 88 80 UNK223_TOP
  << in  54 88 80 TRPLL1CLK0_TOP
  << in  54 88 80 UNK111_TOP
  << in  54 88 80 TRPLL0CLK2_TOP
  << in  54 88 80 TLBDCLK1_BOT_TOP
  << in  54 88 80 BRPLL0CLK1_TOP
  << in  54 88 80 UNK227_TOP
  << in  54 88 80 TRPLL0CLK3_TOP
  << in  54 88 80 BRPLL0CLK3_TOP
  << in  54 88 80 PCLKB0_TOP
  << in  54 88 80 TRPLL1CLK3_TOP
  << in  54 88 80 UNK106_TOP
  << in  54 88 80 TLPLL1CLK3_TOP
  << in  54 88 80 TLPLL0CLK3_TOP
  << in  54 88 80 UNK109_TOP
  << in  54 88 80 TLPLL0CLK2_TOP
  << in  54 88 80 PCLKL1_TOP
  << in  54 88 80 BLPLL0CLK3_TOP
  << in  54 88 80 PCLKR0_TOP
  << in  54 88 80 BRPLL0CLK0_TOP
  << in  54 88 80 TLPLL1CLK1_TOP
  << in  54 88 80 PCLKL0_TOP
  << in  54 88 80 PCLKB1_TOP
54 88 80 SPINE20 BRIDGE CBRIDGEOUT_BOTTOM4
  << in  54 88 80 TLPLL0CLK1_TOP
  << in  54 88 80 TLPLL1CLK2_TOP
  << in  54 88 80 UNK221_TOP
  << in  54 88 80 UNK105_TOP
  << in  54 88 80 UNK225_TOP
  << in  54 88 80 UNK226_TOP
  << in  54 88 80 UNK220_TOP
  << in  54 88 80 UNK107_TOP
  << in  54 88 80 BLBDCLK2_BOT_TOP
  << in  54 88 80 UNK222_TOP
  << in  54 88 80 UNK108_TOP
  << in  54 88 80 UNK224_TOP
  << in  54 88 80 TLPLL0CLK0_TOP
  << in  54 88 80 BRPLL0CLK2_TOP
  << in  54 88 80 UNK110_TOP
  << in  54 88 80 TLPLL1CLK0_TOP
  << in  54 88 80 BRMDCLK1_BOT_TOP
  << in  54 88 80 TLMDCLK1_BOT_TOP
  << in  54 88 80 BLPLL0CLK1_TOP
  << in  54 88 80 TRMDCLK1_BOT_TOP
  << in  54 88 80 TRPLL0CLK0_TOP
  << in  54 88 80 TRPLL1CLK1_TOP
  << in  54 88 80 PCLKR1_TOP
  << in  54 88 80 BLPLL0CLK2_TOP
  << in  54 88 80 BLPLL0CLK0_TOP
  << in  54 88 80 PCLKT0_TOP
  << in  54 88 80 TRPLL0CLK1_TOP
  << in  54 88 80 TRBDCLK2_BOT_TOP
  << in  54 88 80 UNK112_TOP
  << in  54 88 80 TRPLL1CLK2_TOP
  << in  54 88 80 BRBDCLK3_BOT_TOP
  << in  54 88 80 PCLKT1_TOP
  << in  54 88 80 UNK223_TOP
  << in  54 88 80 TRPLL1CLK0_TOP
  << in  54 88 80 UNK111_TOP
  << in  54 88 80 TRPLL0CLK2_TOP
  << in  54 88 80 TLBDCLK1_BOT_TOP
  << in  54 88 80 BRPLL0CLK1_TOP
  << in  54 88 80 UNK227_TOP
  << in  54 88 80 TRPLL0CLK3_TOP
  << in  54 88 80 BRPLL0CLK3_TOP
  << in  54 88 80 PCLKB0_TOP
  << in  54 88 80 TRPLL1CLK3_TOP
  << in  54 88 80 UNK106_TOP
  << in  54 88 80 TLPLL1CLK3_TOP
  << in  54 88 80 TLPLL0CLK3_TOP
  << in  54 88 80 UNK109_TOP
  << in  54 88 80 TLPLL0CLK2_TOP
  << in  54 88 80 PCLKL1_TOP
  << in  54 88 80 BLPLL0CLK3_TOP
  << in  54 88 80 PCLKR0_TOP
  << in  54 88 80 BRPLL0CLK0_TOP
  << in  54 88 80 TLPLL1CLK1_TOP
  << in  54 88 80 PCLKL0_TOP
  << in  54 88 80 PCLKB1_TOP
54 88 80 SPINE21 BRIDGE CBRIDGEOUT_BOTTOM5
  << in  54 88 80 TLPLL0CLK1_TOP
  << in  54 88 80 TLPLL1CLK2_TOP
  << in  54 88 80 UNK221_TOP
  << in  54 88 80 UNK105_TOP
  << in  54 88 80 UNK225_TOP
  << in  54 88 80 UNK226_TOP
  << in  54 88 80 UNK220_TOP
  << in  54 88 80 UNK107_TOP
  << in  54 88 80 BLBDCLK2_BOT_TOP
  << in  54 88 80 UNK222_TOP
  << in  54 88 80 UNK108_TOP
  << in  54 88 80 UNK224_TOP
  << in  54 88 80 TLPLL0CLK0_TOP
  << in  54 88 80 BRPLL0CLK2_TOP
  << in  54 88 80 UNK110_TOP
  << in  54 88 80 TLPLL1CLK0_TOP
  << in  54 88 80 BRMDCLK1_BOT_TOP
  << in  54 88 80 TLMDCLK1_BOT_TOP
  << in  54 88 80 BLPLL0CLK1_TOP
  << in  54 88 80 TRMDCLK1_BOT_TOP
  << in  54 88 80 TRPLL0CLK0_TOP
  << in  54 88 80 TRPLL1CLK1_TOP
  << in  54 88 80 PCLKR1_TOP
  << in  54 88 80 BLPLL0CLK2_TOP
  << in  54 88 80 BLPLL0CLK0_TOP
  << in  54 88 80 PCLKT0_TOP
  << in  54 88 80 TRPLL0CLK1_TOP
  << in  54 88 80 TRBDCLK2_BOT_TOP
  << in  54 88 80 UNK112_TOP
  << in  54 88 80 TRPLL1CLK2_TOP
  << in  54 88 80 BRBDCLK3_BOT_TOP
  << in  54 88 80 PCLKT1_TOP
  << in  54 88 80 UNK223_TOP
  << in  54 88 80 TRPLL1CLK0_TOP
  << in  54 88 80 UNK111_TOP
  << in  54 88 80 TRPLL0CLK2_TOP
  << in  54 88 80 TLBDCLK1_BOT_TOP
  << in  54 88 80 BRPLL0CLK1_TOP
  << in  54 88 80 UNK227_TOP
  << in  54 88 80 TRPLL0CLK3_TOP
  << in  54 88 80 BRPLL0CLK3_TOP
  << in  54 88 80 PCLKB0_TOP
  << in  54 88 80 TRPLL1CLK3_TOP
  << in  54 88 80 UNK106_TOP
  << in  54 88 80 TLPLL1CLK3_TOP
  << in  54 88 80 TLPLL0CLK3_TOP
  << in  54 88 80 UNK109_TOP
  << in  54 88 80 TLPLL0CLK2_TOP
  << in  54 88 80 PCLKL1_TOP
  << in  54 88 80 BLPLL0CLK3_TOP
  << in  54 88 80 PCLKR0_TOP
  << in  54 88 80 BRPLL0CLK0_TOP
  << in  54 88 80 TLPLL1CLK1_TOP
  << in  54 88 80 PCLKL0_TOP
  << in  54 88 80 PCLKB1_TOP
54 93 85 SPINE8 BRIDGE CBRIDGEOUT_TOP0
  << in  54 93 85 TLPLL0CLK1_TOP
  << in  54 93 85 TLPLL1CLK2_TOP
  << in  54 93 85 TRMDCLK1_TOP_TOP
  << in  54 93 85 UNK105_TOP
  << in  54 93 85 UNK107_TOP
  << in  54 93 85 UNK108_TOP
  << in  54 93 85 BRMDCLK1_TOP_TOP
  << in  54 93 85 TLPLL0CLK0_TOP
  << in  54 93 85 BRPLL0CLK2_TOP
  << in  54 93 85 UNK110_TOP
  << in  54 93 85 TLPLL1CLK0_TOP
  << in  54 93 85 BLMDCLK1_BOT_TOP
  << in  54 93 85 BLMDCLK1_TOP_TOP
  << in  54 93 85 BLPLL0CLK1_TOP
  << in  54 93 85 TRPLL0CLK0_TOP
  << in  54 93 85 TRPLL1CLK1_TOP
  << in  54 93 85 PCLKR1_TOP
  << in  54 93 85 BLPLL0CLK2_TOP
  << in  54 93 85 BLPLL0CLK0_TOP
  << in  54 93 85 TLMDCLK1_TOP_TOP
  << in  54 93 85 TRPLL0CLK1_TOP
  << in  54 93 85 PCLKT0_TOP
  << in  54 93 85 BLBDCLK2_TOP_TOP
  << in  54 93 85 UNK112_TOP
  << in  54 93 85 TRPLL1CLK2_TOP
  << in  54 93 85 PCLKT1_TOP
  << in  54 93 85 TLBDCLK1_TOP_TOP
  << in  54 93 85 TRPLL1CLK0_TOP
  << in  54 93 85 UNK111_TOP
  << in  54 93 85 TRPLL0CLK2_TOP
  << in  54 93 85 BRPLL0CLK1_TOP
  << in  54 93 85 TRPLL0CLK3_TOP
  << in  54 93 85 BRPLL0CLK3_TOP
  << in  54 93 85 BRBDCLK3_TOP_TOP
  << in  54 93 85 TRPLL1CLK3_TOP
  << in  54 93 85 PCLKB0_TOP
  << in  54 93 85 UNK106_TOP
  << in  54 93 85 TLPLL1CLK3_TOP
  << in  54 93 85 TLPLL0CLK3_TOP
  << in  54 93 85 UNK109_TOP
  << in  54 93 85 TLPLL0CLK2_TOP
  << in  54 93 85 PCLKL1_TOP
  << in  54 93 85 BLPLL0CLK3_TOP
  << in  54 93 85 PCLKR0_TOP
  << in  54 93 85 BRPLL0CLK0_TOP
  << in  54 93 85 TRBDCLK2_TOP_TOP
  << in  54 93 85 TLPLL1CLK1_TOP
  << in  54 93 85 PCLKL0_TOP
  << in  54 93 85 PCLKB1_TOP
54 93 85 SPINE9 BRIDGE CBRIDGEOUT_TOP1
  << in  54 93 85 TLPLL0CLK1_TOP
  << in  54 93 85 TLPLL1CLK2_TOP
  << in  54 93 85 TRMDCLK1_TOP_TOP
  << in  54 93 85 UNK105_TOP
  << in  54 93 85 UNK107_TOP
  << in  54 93 85 UNK108_TOP
  << in  54 93 85 BRMDCLK1_TOP_TOP
  << in  54 93 85 TLPLL0CLK0_TOP
  << in  54 93 85 BRPLL0CLK2_TOP
  << in  54 93 85 UNK110_TOP
  << in  54 93 85 TLPLL1CLK0_TOP
  << in  54 93 85 BLMDCLK1_BOT_TOP
  << in  54 93 85 BLMDCLK1_TOP_TOP
  << in  54 93 85 BLPLL0CLK1_TOP
  << in  54 93 85 TRPLL0CLK0_TOP
  << in  54 93 85 TRPLL1CLK1_TOP
  << in  54 93 85 PCLKR1_TOP
  << in  54 93 85 BLPLL0CLK2_TOP
  << in  54 93 85 BLPLL0CLK0_TOP
  << in  54 93 85 TLMDCLK1_TOP_TOP
  << in  54 93 85 TRPLL0CLK1_TOP
  << in  54 93 85 PCLKT0_TOP
  << in  54 93 85 BLBDCLK2_TOP_TOP
  << in  54 93 85 UNK112_TOP
  << in  54 93 85 TRPLL1CLK2_TOP
  << in  54 93 85 PCLKT1_TOP
  << in  54 93 85 TLBDCLK1_TOP_TOP
  << in  54 93 85 TRPLL1CLK0_TOP
  << in  54 93 85 UNK111_TOP
  << in  54 93 85 TRPLL0CLK2_TOP
  << in  54 93 85 BRPLL0CLK1_TOP
  << in  54 93 85 TRPLL0CLK3_TOP
  << in  54 93 85 BRPLL0CLK3_TOP
  << in  54 93 85 BRBDCLK3_TOP_TOP
  << in  54 93 85 TRPLL1CLK3_TOP
  << in  54 93 85 PCLKB0_TOP
  << in  54 93 85 UNK106_TOP
  << in  54 93 85 TLPLL1CLK3_TOP
  << in  54 93 85 TLPLL0CLK3_TOP
  << in  54 93 85 UNK109_TOP
  << in  54 93 85 TLPLL0CLK2_TOP
  << in  54 93 85 PCLKL1_TOP
  << in  54 93 85 BLPLL0CLK3_TOP
  << in  54 93 85 PCLKR0_TOP
  << in  54 93 85 BRPLL0CLK0_TOP
  << in  54 93 85 TRBDCLK2_TOP_TOP
  << in  54 93 85 TLPLL1CLK1_TOP
  << in  54 93 85 PCLKL0_TOP
  << in  54 93 85 PCLKB1_TOP
54 93 85 SPINE10 BRIDGE CBRIDGEOUT_TOP2
  << in  54 93 85 TLPLL0CLK1_TOP
  << in  54 93 85 TLPLL1CLK2_TOP
  << in  54 93 85 TRMDCLK1_TOP_TOP
  << in  54 93 85 UNK105_TOP
  << in  54 93 85 UNK107_TOP
  << in  54 93 85 UNK108_TOP
  << in  54 93 85 BRMDCLK1_TOP_TOP
  << in  54 93 85 TLPLL0CLK0_TOP
  << in  54 93 85 BRPLL0CLK2_TOP
  << in  54 93 85 UNK110_TOP
  << in  54 93 85 TLPLL1CLK0_TOP
  << in  54 93 85 BLMDCLK1_BOT_TOP
  << in  54 93 85 BLMDCLK1_TOP_TOP
  << in  54 93 85 BLPLL0CLK1_TOP
  << in  54 93 85 TRPLL0CLK0_TOP
  << in  54 93 85 TRPLL1CLK1_TOP
  << in  54 93 85 PCLKR1_TOP
  << in  54 93 85 BLPLL0CLK2_TOP
  << in  54 93 85 BLPLL0CLK0_TOP
  << in  54 93 85 TLMDCLK1_TOP_TOP
  << in  54 93 85 TRPLL0CLK1_TOP
  << in  54 93 85 PCLKT0_TOP
  << in  54 93 85 BLBDCLK2_TOP_TOP
  << in  54 93 85 UNK112_TOP
  << in  54 93 85 TRPLL1CLK2_TOP
  << in  54 93 85 PCLKT1_TOP
  << in  54 93 85 TLBDCLK1_TOP_TOP
  << in  54 93 85 TRPLL1CLK0_TOP
  << in  54 93 85 UNK111_TOP
  << in  54 93 85 TRPLL0CLK2_TOP
  << in  54 93 85 BRPLL0CLK1_TOP
  << in  54 93 85 TRPLL0CLK3_TOP
  << in  54 93 85 BRPLL0CLK3_TOP
  << in  54 93 85 BRBDCLK3_TOP_TOP
  << in  54 93 85 TRPLL1CLK3_TOP
  << in  54 93 85 PCLKB0_TOP
  << in  54 93 85 UNK106_TOP
  << in  54 93 85 TLPLL1CLK3_TOP
  << in  54 93 85 TLPLL0CLK3_TOP
  << in  54 93 85 UNK109_TOP
  << in  54 93 85 TLPLL0CLK2_TOP
  << in  54 93 85 PCLKL1_TOP
  << in  54 93 85 BLPLL0CLK3_TOP
  << in  54 93 85 PCLKR0_TOP
  << in  54 93 85 BRPLL0CLK0_TOP
  << in  54 93 85 TRBDCLK2_TOP_TOP
  << in  54 93 85 TLPLL1CLK1_TOP
  << in  54 93 85 PCLKL0_TOP
  << in  54 93 85 PCLKB1_TOP
54 93 85 SPINE11 BRIDGE CBRIDGEOUT_TOP3
  << in  54 93 85 TLPLL0CLK1_TOP
  << in  54 93 85 TLPLL1CLK2_TOP
  << in  54 93 85 TRMDCLK1_TOP_TOP
  << in  54 93 85 UNK105_TOP
  << in  54 93 85 UNK107_TOP
  << in  54 93 85 UNK108_TOP
  << in  54 93 85 BRMDCLK1_TOP_TOP
  << in  54 93 85 TLPLL0CLK0_TOP
  << in  54 93 85 BRPLL0CLK2_TOP
  << in  54 93 85 UNK110_TOP
  << in  54 93 85 TLPLL1CLK0_TOP
  << in  54 93 85 BLMDCLK1_BOT_TOP
  << in  54 93 85 BLMDCLK1_TOP_TOP
  << in  54 93 85 BLPLL0CLK1_TOP
  << in  54 93 85 TRPLL0CLK0_TOP
  << in  54 93 85 TRPLL1CLK1_TOP
  << in  54 93 85 PCLKR1_TOP
  << in  54 93 85 BLPLL0CLK2_TOP
  << in  54 93 85 BLPLL0CLK0_TOP
  << in  54 93 85 TLMDCLK1_TOP_TOP
  << in  54 93 85 TRPLL0CLK1_TOP
  << in  54 93 85 PCLKT0_TOP
  << in  54 93 85 BLBDCLK2_TOP_TOP
  << in  54 93 85 UNK112_TOP
  << in  54 93 85 TRPLL1CLK2_TOP
  << in  54 93 85 PCLKT1_TOP
  << in  54 93 85 TLBDCLK1_TOP_TOP
  << in  54 93 85 TRPLL1CLK0_TOP
  << in  54 93 85 UNK111_TOP
  << in  54 93 85 TRPLL0CLK2_TOP
  << in  54 93 85 BRPLL0CLK1_TOP
  << in  54 93 85 TRPLL0CLK3_TOP
  << in  54 93 85 BRPLL0CLK3_TOP
  << in  54 93 85 BRBDCLK3_TOP_TOP
  << in  54 93 85 TRPLL1CLK3_TOP
  << in  54 93 85 PCLKB0_TOP
  << in  54 93 85 UNK106_TOP
  << in  54 93 85 TLPLL1CLK3_TOP
  << in  54 93 85 TLPLL0CLK3_TOP
  << in  54 93 85 UNK109_TOP
  << in  54 93 85 TLPLL0CLK2_TOP
  << in  54 93 85 PCLKL1_TOP
  << in  54 93 85 BLPLL0CLK3_TOP
  << in  54 93 85 PCLKR0_TOP
  << in  54 93 85 BRPLL0CLK0_TOP
  << in  54 93 85 TRBDCLK2_TOP_TOP
  << in  54 93 85 TLPLL1CLK1_TOP
  << in  54 93 85 PCLKL0_TOP
  << in  54 93 85 PCLKB1_TOP
54 93 85 SPINE12 BRIDGE CBRIDGEOUT_TOP4
  << in  54 93 85 TLPLL0CLK1_TOP
  << in  54 93 85 TLPLL1CLK2_TOP
  << in  54 93 85 TRMDCLK1_TOP_TOP
  << in  54 93 85 UNK105_TOP
  << in  54 93 85 UNK107_TOP
  << in  54 93 85 UNK108_TOP
  << in  54 93 85 BRMDCLK1_TOP_TOP
  << in  54 93 85 TLPLL0CLK0_TOP
  << in  54 93 85 BRPLL0CLK2_TOP
  << in  54 93 85 UNK110_TOP
  << in  54 93 85 TLPLL1CLK0_TOP
  << in  54 93 85 BLMDCLK1_BOT_TOP
  << in  54 93 85 BLMDCLK1_TOP_TOP
  << in  54 93 85 BLPLL0CLK1_TOP
  << in  54 93 85 TRPLL0CLK0_TOP
  << in  54 93 85 TRPLL1CLK1_TOP
  << in  54 93 85 PCLKR1_TOP
  << in  54 93 85 BLPLL0CLK2_TOP
  << in  54 93 85 BLPLL0CLK0_TOP
  << in  54 93 85 TLMDCLK1_TOP_TOP
  << in  54 93 85 TRPLL0CLK1_TOP
  << in  54 93 85 PCLKT0_TOP
  << in  54 93 85 BLBDCLK2_TOP_TOP
  << in  54 93 85 UNK112_TOP
  << in  54 93 85 TRPLL1CLK2_TOP
  << in  54 93 85 PCLKT1_TOP
  << in  54 93 85 TLBDCLK1_TOP_TOP
  << in  54 93 85 TRPLL1CLK0_TOP
  << in  54 93 85 UNK111_TOP
  << in  54 93 85 TRPLL0CLK2_TOP
  << in  54 93 85 BRPLL0CLK1_TOP
  << in  54 93 85 TRPLL0CLK3_TOP
  << in  54 93 85 BRPLL0CLK3_TOP
  << in  54 93 85 BRBDCLK3_TOP_TOP
  << in  54 93 85 TRPLL1CLK3_TOP
  << in  54 93 85 PCLKB0_TOP
  << in  54 93 85 UNK106_TOP
  << in  54 93 85 TLPLL1CLK3_TOP
  << in  54 93 85 TLPLL0CLK3_TOP
  << in  54 93 85 UNK109_TOP
  << in  54 93 85 TLPLL0CLK2_TOP
  << in  54 93 85 PCLKL1_TOP
  << in  54 93 85 BLPLL0CLK3_TOP
  << in  54 93 85 PCLKR0_TOP
  << in  54 93 85 BRPLL0CLK0_TOP
  << in  54 93 85 TRBDCLK2_TOP_TOP
  << in  54 93 85 TLPLL1CLK1_TOP
  << in  54 93 85 PCLKL0_TOP
  << in  54 93 85 PCLKB1_TOP
54 93 85 SPINE13 BRIDGE CBRIDGEOUT_TOP5
  << in  54 93 85 TLPLL0CLK1_TOP
  << in  54 93 85 TLPLL1CLK2_TOP
  << in  54 93 85 TRMDCLK1_TOP_TOP
  << in  54 93 85 UNK105_TOP
  << in  54 93 85 UNK107_TOP
  << in  54 93 85 UNK108_TOP
  << in  54 93 85 BRMDCLK1_TOP_TOP
  << in  54 93 85 TLPLL0CLK0_TOP
  << in  54 93 85 BRPLL0CLK2_TOP
  << in  54 93 85 UNK110_TOP
  << in  54 93 85 TLPLL1CLK0_TOP
  << in  54 93 85 BLMDCLK1_BOT_TOP
  << in  54 93 85 BLMDCLK1_TOP_TOP
  << in  54 93 85 BLPLL0CLK1_TOP
  << in  54 93 85 TRPLL0CLK0_TOP
  << in  54 93 85 TRPLL1CLK1_TOP
  << in  54 93 85 PCLKR1_TOP
  << in  54 93 85 BLPLL0CLK2_TOP
  << in  54 93 85 BLPLL0CLK0_TOP
  << in  54 93 85 TLMDCLK1_TOP_TOP
  << in  54 93 85 TRPLL0CLK1_TOP
  << in  54 93 85 PCLKT0_TOP
  << in  54 93 85 BLBDCLK2_TOP_TOP
  << in  54 93 85 UNK112_TOP
  << in  54 93 85 TRPLL1CLK2_TOP
  << in  54 93 85 PCLKT1_TOP
  << in  54 93 85 TLBDCLK1_TOP_TOP
  << in  54 93 85 TRPLL1CLK0_TOP
  << in  54 93 85 UNK111_TOP
  << in  54 93 85 TRPLL0CLK2_TOP
  << in  54 93 85 BRPLL0CLK1_TOP
  << in  54 93 85 TRPLL0CLK3_TOP
  << in  54 93 85 BRPLL0CLK3_TOP
  << in  54 93 85 BRBDCLK3_TOP_TOP
  << in  54 93 85 TRPLL1CLK3_TOP
  << in  54 93 85 PCLKB0_TOP
  << in  54 93 85 UNK106_TOP
  << in  54 93 85 TLPLL1CLK3_TOP
  << in  54 93 85 TLPLL0CLK3_TOP
  << in  54 93 85 UNK109_TOP
  << in  54 93 85 TLPLL0CLK2_TOP
  << in  54 93 85 PCLKL1_TOP
  << in  54 93 85 BLPLL0CLK3_TOP
  << in  54 93 85 PCLKR0_TOP
  << in  54 93 85 BRPLL0CLK0_TOP
  << in  54 93 85 TRBDCLK2_TOP_TOP
  << in  54 93 85 TLPLL1CLK1_TOP
  << in  54 93 85 PCLKL0_TOP
  << in  54 93 85 PCLKB1_TOP
Create clock wires. Half:1
81 85 208 SPINE8
  << in  81 85 208 CBRIDGEOUT_BOTTOM3_BOT
  << in  81 85 208 CBRIDGEOUT_TOP0_BOT
81 85 208 SPINE10
  << in  81 85 208 CBRIDGEOUT_TOP1_BOT
  << in  81 85 208 CBRIDGEOUT_BOTTOM2_BOT
81 85 208 SPINE9
  << in  81 85 208 CBRIDGEOUT_BOTTOM0_BOT
  << in  81 85 208 CBRIDGEOUT_TOP2_BOT
81 85 208 SPINE11
  << in  81 85 208 CBRIDGEOUT_BOTTOM1_BOT
  << in  81 85 208 CBRIDGEOUT_TOP3_BOT
81 85 208 SPINE13
  << in  81 85 208 CBRIDGEOUT_BOTTOM6_BOT
  << in  81 85 208 CBRIDGEOUT_TOP5_BOT
81 85 208 SPINE12
  << in  81 85 208 CBRIDGEOUT_TOP6_BOT
  << in  81 85 208 CBRIDGEOUT_BOTTOM4_BOT
81 85 208 SPINE6
  << in  81 85 208 CBRIDGEOUT_TOP7_BOT
81 85 208 SPINE14
  << in  81 85 208 CBRIDGEOUT_TOP7_BOT
81 85 208 SPINE22
  << in  81 85 208 CBRIDGEOUT_TOP7_BOT
81 85 208 SPINE30
  << in  81 85 208 CBRIDGEOUT_TOP7_BOT
81 86 209 SPINE14
  << in  81 86 209 CBRIDGEOUT_TOP7_BOT
81 87 210 SPINE0
  << in  81 87 210 CBRIDGEOUT_BOTTOM3_BOT
  << in  81 87 210 CBRIDGEOUT_TOP0_BOT
81 87 210 SPINE2
  << in  81 87 210 CBRIDGEOUT_TOP1_BOT
  << in  81 87 210 CBRIDGEOUT_BOTTOM2_BOT
81 87 210 SPINE1
  << in  81 87 210 CBRIDGEOUT_BOTTOM0_BOT
  << in  81 87 210 CBRIDGEOUT_TOP2_BOT
81 87 210 SPINE3
  << in  81 87 210 CBRIDGEOUT_BOTTOM1_BOT
  << in  81 87 210 CBRIDGEOUT_TOP3_BOT
81 87 210 SPINE5
  << in  81 87 210 CBRIDGEOUT_BOTTOM6_BOT
  << in  81 87 210 CBRIDGEOUT_TOP5_BOT
81 87 210 SPINE4
  << in  81 87 210 CBRIDGEOUT_TOP6_BOT
  << in  81 87 210 CBRIDGEOUT_BOTTOM4_BOT
81 87 210 SPINE15
  << in  81 87 210 CBRIDGEOUT_BOTTOM7_BOT
81 88 211 SPINE7
  << in  81 88 211 CBRIDGEOUT_BOTTOM7_BOT
81 94 217 SPINE16
  << in  81 94 217 CBRIDGEOUT_BOTTOM3_BOT
  << in  81 94 217 CBRIDGEOUT_TOP0_BOT
81 94 217 SPINE18
  << in  81 94 217 CBRIDGEOUT_TOP1_BOT
  << in  81 94 217 CBRIDGEOUT_BOTTOM2_BOT
81 94 217 SPINE17
  << in  81 94 217 CBRIDGEOUT_BOTTOM0_BOT
  << in  81 94 217 CBRIDGEOUT_TOP2_BOT
81 94 217 SPINE19
  << in  81 94 217 CBRIDGEOUT_BOTTOM1_BOT
  << in  81 94 217 CBRIDGEOUT_TOP3_BOT
81 94 217 SPINE21
  << in  81 94 217 CBRIDGEOUT_BOTTOM6_BOT
  << in  81 94 217 CBRIDGEOUT_TOP5_BOT
81 94 217 SPINE20
  << in  81 94 217 CBRIDGEOUT_TOP6_BOT
  << in  81 94 217 CBRIDGEOUT_BOTTOM4_BOT
81 94 217 SPINE31
  << in  81 94 217 CBRIDGEOUT_BOTTOM7_BOT
81 96 219 SPINE24
  << in  81 96 219 CBRIDGEOUT_BOTTOM3_BOT
  << in  81 96 219 CBRIDGEOUT_TOP0_BOT
81 96 219 SPINE26
  << in  81 96 219 CBRIDGEOUT_TOP1_BOT
  << in  81 96 219 CBRIDGEOUT_BOTTOM2_BOT
81 96 219 SPINE25
  << in  81 96 219 CBRIDGEOUT_BOTTOM0_BOT
  << in  81 96 219 CBRIDGEOUT_TOP2_BOT
81 96 219 SPINE27
  << in  81 96 219 CBRIDGEOUT_BOTTOM1_BOT
  << in  81 96 219 CBRIDGEOUT_TOP3_BOT
81 96 219 SPINE29
  << in  81 96 219 CBRIDGEOUT_BOTTOM6_BOT
  << in  81 96 219 CBRIDGEOUT_TOP5_BOT
81 96 219 SPINE28
  << in  81 96 219 CBRIDGEOUT_TOP6_BOT
  << in  81 96 219 CBRIDGEOUT_BOTTOM4_BOT
Create logic to clock gates. Half:0
Create logic to clock gates. Half:1
160 108 91 125 BRMDCLK1_BOT
No DHCEN for GW5AST-138C for now.
+ cp /Users/alex/fine-line-data/open-toolchain-gw5ast/chipdb/p1t14/GW5AST-138C.msgpack.xz /Users/alex/fine-line/.atelier/worktrees/2026-09-03-open-toolchain-gw5ast-7e84/apicula-wt/sweep/apycula/GW5AST-138C.msgpack.xz
+ date -u
Sun Sep  6 09:03:58 UTC 2026
+ /Users/alex/fine-line/vendor/venv/bin/python /Users/alex/fine-line/.atelier/worktrees/2026-09-03-open-toolchain-gw5ast-7e84/nextpnr-wt/integ/himbaechel/uarch/gowin/gowin_arch_gen.py -d GW5AST-138C -o /tmp/p1t14-GW5AST-138C.bba
Deduplicating tile shapes...
2799 unique tile routing shapes
+ date -u
Sun Sep  6 09:04:34 UTC 2026
+ /Users/alex/fine-line/.atelier/worktrees/2026-09-03-open-toolchain-gw5ast-7e84/nextpnr-wt/integ/build/bba/bbasm --le /tmp/p1t14-GW5AST-138C.bba /Users/alex/fine-line-data/open-toolchain-gw5ast/chipdb/p1t14/chipdb-GW5AST-138C.bin
+ rm -f /tmp/p1t14-GW5AST-138C.bba
+ date -u
Sun Sep  6 09:04:36 UTC 2026
+ shasum -a 256 /Users/alex/fine-line-data/open-toolchain-gw5ast/chipdb/p1t14/GW5AST-138C.msgpack.xz /Users/alex/fine-line-data/open-toolchain-gw5ast/chipdb/p1t14/chipdb-GW5AST-138C.bin
42b5b885185e9c9603d06fac54f0ef2519fb9fda0699488b18c73cafa059ec4b  /Users/alex/fine-line-data/open-toolchain-gw5ast/chipdb/p1t14/GW5AST-138C.msgpack.xz
3e1e39eaec8dfa1bc2a75e88d3d121164f488a75ce9d404d89a7b4b2462367e5  /Users/alex/fine-line-data/open-toolchain-gw5ast/chipdb/p1t14/chipdb-GW5AST-138C.bin
+ ls -la /Users/alex/fine-line-data/open-toolchain-gw5ast/chipdb/p1t14/
total 65112
drwxr-xr-x@ 4 alex  staff       128 Sep  6 11:04 .
drwxr-xr-x@ 7 alex  staff       224 Sep  6 11:03 ..
-rw-r--r--@ 1 alex  staff    827996 Sep  6 11:03 GW5AST-138C.msgpack.xz
-rw-r--r--@ 1 alex  staff  31459236 Sep  6 11:04 chipdb-GW5AST-138C.bin
+ echo CHIPDB_BUILD_COMPLETE
CHIPDB_BUILD_COMPLETE
