Info: Using uarch 'gowin' for device 'GW5AST-LV138PG484AC1/I0'

Info: Reading constraints...
Info: Create constant nets...
Info: Modify LUTs...
Info: Pack IOBs...
Info: Pack I3C IOs...
Info: Pack MIPI IOs...
Info: Pack diff IOBs...
Info: Pack FFs into IO cells...
Info: Pack IODELAY...
Info: Pack Input Edge Monitors...
Info: Pack IO logic...
Info: Pack DESER16 logic...
Info: Pack GSR...
Info: Pack PINCFG...
Info: Pack HCLK cells...
Info: Pack DLLDLYs...
Info: Pack wide LUTs...
Info: Packed MUX2_LUT8:0, MUX2_LU7:0, MUX2_LUT6:0, MUX2_LUT5:1
Info: Pack ALUs...
Info: Pack SSRAMs...
Info: Constrained 0 LUTFF pairs.
Info: Pack PLL...
Info: Pack ADC...
Info: Pack BSRAMs...
Info: Pack DSP...
Info: Pack INV...
Info: Pack buffered nets...
Info: Pack EMCU and UserFlash cells...
Info: Pack UserFlash cells...
Info: Pack DQCE cells...
Info: Pack DCS cells...
Info: Checksum: 0x0af2c68a

Info: Device utilisation:
Info: 	                 VCC:       1/      1   100%
Info: 	                 IOB:       4/    324     1%
Info: 	                LUT4:       2/ 138240     0%
Info: 	            IOLOGICI:       0/    326     0%
Info: 	            IOLOGICO:       0/    326     0%
Info: 	           MUX2_LUT5:       1/  69120     0%
Info: 	           MUX2_LUT6:       0/  34560     0%
Info: 	           MUX2_LUT7:       0/  17280     0%
Info: 	           MUX2_LUT8:       0/  17280     0%
Info: 	                 ALU:       0/ 103680     0%
Info: 	                 GND:       1/      1   100%
Info: 	                 DFF:       0/ 138240     0%
Info: 	           RAM16SDP4:       0/  17280     0%
Info: 	               BSRAM:       0/    340     0%
Info: 	           MULT12X12:       0/    596     0%
Info: 	        MULTALU27X18:       0/    298     0%
Info: 	     MULTADDALU12X12:       0/    298     0%
Info: 	                 GSR:       1/      1   100%
Info: 	              PINCFG:       1/      1   100%
Info: 	                BUFG:       1/      1   100%
Info: 	               DHCEN:      25/     24   104%
Info: 	              CLKDIV:       4/     24    16%
Info: 	             CLKDIV2:       0/     24     0%

Info: Running custom HCLK placer...
Info: Placed 0 cells based on constraints.
Info: Creating initial analytic placement for 6 cells, random placement wirelen = 1898.
Info:     at initial placer iter 0, wirelen = 921
Info:     at initial placer iter 1, wirelen = 912
Info:     at initial placer iter 2, wirelen = 911
Info:     at initial placer iter 3, wirelen = 911
Info: Running main analytical placer, max placement attempts per cell = 10000.
Info:     at iteration #1, type ALL: wirelen solved = 911, spread = 911, legal = 980; time = 0.12s
Info: HeAP Placer Time: 1.25s
Info:   of which solving equations: 0.02s
Info:   of which spreading cells: 0.01s
Info:   of which strict legalisation: 0.00s

Info: Running simulated annealing placer for refinement.
Info:   at iteration #1: temp = 0.000000, timing cost = 0, wirelen = 953
Info:   at iteration #5: temp = 0.000000, timing cost = 0, wirelen = 828
Info:   at iteration #7: temp = 0.000000, timing cost = 0, wirelen = 828 
Info: SA placement time 0.00s

Info: No Fmax available; no interior timing paths found in design.
Info: Checksum: 0x3c52ff21
Info: Routing globals...
Warning: Failed to route net 'hclk[0]' from X91Y108/CLK1 to X64Y108/CLKDIV_I43 using dedicated routing.
ERROR: Can't route the hclk[0] network.
1 warning, 1 error
