-- Building with IPO
-- C++ compiler does NOT support #embed
-- Found Boost: /opt/homebrew/lib/cmake/Boost-1.90.0/BoostConfig.cmake (found version "1.90.0") found components: program_options iostreams thread
-- Could NOT find pybind11 (missing: pybind11_DIR)
-- Using built-in pybind11
CMake Deprecation Warning at 3rdparty/pybind11/CMakeLists.txt:13 (cmake_minimum_required):
  Compatibility with CMake < 3.10 will be removed from a future version of
  CMake.

  Update the VERSION argument <min> value.  Or, use the <min>...<max> syntax
  to tell CMake that the project requires at least <min> but has been updated
  to work with policies introduced by <max> or earlier.


-- pybind11 v2.12.1 
CMake Deprecation Warning at 3rdparty/pybind11/tools/FindPythonLibsNew.cmake:110 (cmake_policy):
  The OLD behavior for policy CMP0148 will be removed from a future version
  of CMake.

  The cmake-policies(7) manual explains that the OLD behaviors of all
  policies are deprecated and that a policy should be set to OLD only under
  specific short-term circumstances.  Projects should be ported to the NEW
  behavior and not rely on setting a policy to OLD.
Call Stack (most recent call first):
  3rdparty/pybind11/tools/pybind11Tools.cmake:50 (find_package)
  3rdparty/pybind11/tools/pybind11Common.cmake:192 (include)
  3rdparty/pybind11/CMakeLists.txt:248 (include)


-- Found Boost: /opt/homebrew/lib/cmake/Boost-1.90.0/BoostConfig.cmake (found version "1.90.0") found components: program_options
-- Configuring architecture: himbaechel
-- Configuring Himbächel microarchitecture: gowin
-- Apycula install prefix: (not set, using Python: /opt/homebrew/Frameworks/Python.framework/Versions/3.14/bin/python3.14)
-- Enabled Himbaechel-Gowin devices: 
-- Configuring done (0.9s)
-- Generating done (0.1s)
-- Build files have been written to: /Users/alex/fine-line/.atelier/worktrees/2026-09-03-open-toolchain-gw5ast-7e84/nextpnr-wt/dqce42/build
[  0%] Built target nextpnr_kernel
[  0%] Built target nextpnr_route
[  0%] Built target nextpnr_place
[  0%] Built target oourafft
[  3%] Built target json11
[  7%] Building CXX object himbaechel/CMakeFiles/nextpnr-himbaechel.dir/uarch/gowin/cst.cc.o
[  7%] Building CXX object himbaechel/CMakeFiles/nextpnr-himbaechel.dir/main.cc.o
[  9%] Building CXX object himbaechel/CMakeFiles/nextpnr-himbaechel.dir/himbaechel_api.cc.o
[ 11%] Building CXX object himbaechel/CMakeFiles/nextpnr-himbaechel.dir/uarch/gowin/globals.cc.o
[ 14%] Building CXX object himbaechel/CMakeFiles/nextpnr-himbaechel.dir/himbaechel_helpers.cc.o
[ 14%] Building CXX object himbaechel/CMakeFiles/nextpnr-himbaechel.dir/arch.cc.o
[ 18%] Building CXX object himbaechel/CMakeFiles/nextpnr-himbaechel.dir/arch_pybindings.cc.o
[ 18%] Building CXX object himbaechel/CMakeFiles/nextpnr-himbaechel.dir/uarch/gowin/gowin.cc.o
In file included from /Users/alex/fine-line/.atelier/worktrees/2026-09-03-open-toolchain-gw5ast-7e84/nextpnr-wt/dqce42/himbaechel/arch_pybindings.cc:22:
In file included from /Users/alex/fine-line/.atelier/worktrees/2026-09-03-open-toolchain-gw5ast-7e84/nextpnr-wt/dqce42/himbaechel/arch_pybindings.h:25:
In file included from /Users/alex/fine-line/.atelier/worktrees/2026-09-03-open-toolchain-gw5ast-7e84/nextpnr-wt/dqce42/common/kernel/pybindings.h:26:
In file included from /Users/alex/fine-line/.atelier/worktrees/2026-09-03-open-toolchain-gw5ast-7e84/nextpnr-wt/dqce42/3rdparty/pybind11/include/pybind11/embed.h:13:
/Users/alex/fine-line/.atelier/worktrees/2026-09-03-open-toolchain-gw5ast-7e84/nextpnr-wt/dqce42/3rdparty/pybind11/include/pybind11/eval.h:136:15: warning: '_Py_fopen_obj' is deprecated [-Wdeprecated-declarations]
  136 |     FILE *f = _Py_fopen_obj(fname.ptr(), "r");
      |               ^
/opt/homebrew/opt/python@3.14/Frameworks/Python.framework/Versions/3.14/include/python3.14/cpython/fileutils.h:10:1: note: '_Py_fopen_obj' has been explicitly marked deprecated here
   10 | Py_DEPRECATED(3.14) static inline FILE*
      | ^
/opt/homebrew/opt/python@3.14/Frameworks/Python.framework/Versions/3.14/include/python3.14/pyport.h:281:54: note: expanded from macro 'Py_DEPRECATED'
  281 | #define Py_DEPRECATED(VERSION_UNUSED) __attribute__((__deprecated__))
      |                                                      ^
[ 20%] Building CXX object himbaechel/CMakeFiles/nextpnr-himbaechel.dir/uarch/gowin/gowin_utils.cc.o
[ 22%] Building CXX object himbaechel/CMakeFiles/nextpnr-himbaechel.dir/uarch/gowin/pack.cc.o
[ 24%] Building CXX object himbaechel/CMakeFiles/nextpnr-himbaechel.dir/uarch/gowin/pack_bsram.cc.o
[ 25%] Building CXX object himbaechel/CMakeFiles/nextpnr-himbaechel.dir/uarch/gowin/pack_dsp.cc.o
[ 27%] Building CXX object himbaechel/CMakeFiles/nextpnr-himbaechel.dir/uarch/gowin/pack_luts.cc.o
[ 29%] Building CXX object himbaechel/CMakeFiles/nextpnr-himbaechel.dir/uarch/gowin/pack_io.cc.o
[ 31%] Building CXX object himbaechel/CMakeFiles/nextpnr-himbaechel.dir/uarch/gowin/pack_iologic.cc.o
[ 33%] Building CXX object himbaechel/CMakeFiles/nextpnr-himbaechel.dir/__/common/kernel/archcheck.cc.o
[ 35%] Building CXX object himbaechel/CMakeFiles/nextpnr-himbaechel.dir/__/common/kernel/basectx.cc.o
[ 37%] Building CXX object himbaechel/CMakeFiles/nextpnr-himbaechel.dir/__/common/kernel/command.cc.o
[ 38%] Building CXX object himbaechel/CMakeFiles/nextpnr-himbaechel.dir/__/common/kernel/context.cc.o
[ 40%] Building CXX object himbaechel/CMakeFiles/nextpnr-himbaechel.dir/__/common/kernel/design_utils.cc.o
[ 42%] Building CXX object himbaechel/CMakeFiles/nextpnr-himbaechel.dir/__/common/kernel/embed.cc.o
In file included from /Users/alex/fine-line/.atelier/worktrees/2026-09-03-open-toolchain-gw5ast-7e84/nextpnr-wt/dqce42/common/kernel/command.cc:26:
In file included from /Users/alex/fine-line/.atelier/worktrees/2026-09-03-open-toolchain-gw5ast-7e84/nextpnr-wt/dqce42/common/kernel/pybindings.h:26:
In file included from /Users/alex/fine-line/.atelier/worktrees/2026-09-03-open-toolchain-gw5ast-7e84/nextpnr-wt/dqce42/3rdparty/pybind11/include/pybind11/embed.h:13:
/Users/alex/fine-line/.atelier/worktrees/2026-09-03-open-toolchain-gw5ast-7e84/nextpnr-wt/dqce42/3rdparty/pybind11/include/pybind11/eval.h:136:15: warning: '_Py_fopen_obj' is deprecated [-Wdeprecated-declarations]
  136 |     FILE *f = _Py_fopen_obj(fname.ptr(), "r");
      |               ^
/opt/homebrew/opt/python@3.14/Frameworks/Python.framework/Versions/3.14/include/python3.14/cpython/fileutils.h:10:1: note: '_Py_fopen_obj' has been explicitly marked deprecated here
   10 | Py_DEPRECATED(3.14) static inline FILE*
      | ^
/opt/homebrew/opt/python@3.14/Frameworks/Python.framework/Versions/3.14/include/python3.14/pyport.h:281:54: note: expanded from macro 'Py_DEPRECATED'
  281 | #define Py_DEPRECATED(VERSION_UNUSED) __attribute__((__deprecated__))
      |                                                      ^
[ 44%] Building CXX object himbaechel/CMakeFiles/nextpnr-himbaechel.dir/__/common/kernel/handle_error.cc.o
[ 46%] Building CXX object himbaechel/CMakeFiles/nextpnr-himbaechel.dir/__/common/kernel/idstring.cc.o
[ 48%] Building CXX object himbaechel/CMakeFiles/nextpnr-himbaechel.dir/__/common/kernel/idstringlist.cc.o
1 warning generated.
[ 50%] Building CXX object himbaechel/CMakeFiles/nextpnr-himbaechel.dir/__/common/kernel/log.cc.o
[ 51%] Building CXX object himbaechel/CMakeFiles/nextpnr-himbaechel.dir/__/common/kernel/nextpnr_assertions.cc.o
[ 53%] Building CXX object himbaechel/CMakeFiles/nextpnr-himbaechel.dir/__/common/kernel/nextpnr.cc.o
[ 55%] Building CXX object himbaechel/CMakeFiles/nextpnr-himbaechel.dir/__/common/kernel/nextpnr_namespaces.cc.o
[ 57%] Building CXX object himbaechel/CMakeFiles/nextpnr-himbaechel.dir/__/common/kernel/nextpnr_types.cc.o
[ 59%] Building CXX object himbaechel/CMakeFiles/nextpnr-himbaechel.dir/__/common/kernel/property.cc.o
[ 62%] Building CXX object himbaechel/CMakeFiles/nextpnr-himbaechel.dir/__/common/kernel/pybindings.cc.o
[ 62%] Building CXX object himbaechel/CMakeFiles/nextpnr-himbaechel.dir/__/common/kernel/report.cc.o
[ 64%] Building CXX object himbaechel/CMakeFiles/nextpnr-himbaechel.dir/__/common/kernel/sdc.cc.o
[ 66%] Building CXX object himbaechel/CMakeFiles/nextpnr-himbaechel.dir/__/common/kernel/sdf.cc.o
In file included from /Users/alex/fine-line/.atelier/worktrees/2026-09-03-open-toolchain-gw5ast-7e84/nextpnr-wt/dqce42/common/kernel/pybindings.cc:23:
In file included from /Users/alex/fine-line/.atelier/worktrees/2026-09-03-open-toolchain-gw5ast-7e84/nextpnr-wt/dqce42/common/kernel/pybindings.h:26:
In file included from /Users/alex/fine-line/.atelier/worktrees/2026-09-03-open-toolchain-gw5ast-7e84/nextpnr-wt/dqce42/3rdparty/pybind11/include/pybind11/embed.h:13:
/Users/alex/fine-line/.atelier/worktrees/2026-09-03-open-toolchain-gw5ast-7e84/nextpnr-wt/dqce42/3rdparty/pybind11/include/pybind11/eval.h:136:15: warning: '_Py_fopen_obj' is deprecated [-Wdeprecated-declarations]
  136 |     FILE *f = _Py_fopen_obj(fname.ptr(), "r");
      |               ^
/opt/homebrew/opt/python@3.14/Frameworks/Python.framework/Versions/3.14/include/python3.14/cpython/fileutils.h:10:1: note: '_Py_fopen_obj' has been explicitly marked deprecated here
   10 | Py_DEPRECATED(3.14) static inline FILE*
      | ^
/opt/homebrew/opt/python@3.14/Frameworks/Python.framework/Versions/3.14/include/python3.14/pyport.h:281:54: note: expanded from macro 'Py_DEPRECATED'
  281 | #define Py_DEPRECATED(VERSION_UNUSED) __attribute__((__deprecated__))
      |                                                      ^
[ 68%] Building CXX object himbaechel/CMakeFiles/nextpnr-himbaechel.dir/__/common/kernel/str_ring_buffer.cc.o
[ 70%] Building CXX object himbaechel/CMakeFiles/nextpnr-himbaechel.dir/__/common/kernel/svg.cc.o
[ 72%] Building CXX object himbaechel/CMakeFiles/nextpnr-himbaechel.dir/__/common/kernel/timing.cc.o
[ 74%] Building CXX object himbaechel/CMakeFiles/nextpnr-himbaechel.dir/__/common/kernel/timing_log.cc.o
1 warning generated.
[ 75%] Building CXX object himbaechel/CMakeFiles/nextpnr-himbaechel.dir/__/frontend/json_frontend.cc.o
[ 77%] Building CXX object himbaechel/CMakeFiles/nextpnr-himbaechel.dir/__/json/jsonwrite.cc.o
[ 79%] Building CXX object himbaechel/CMakeFiles/nextpnr-himbaechel.dir/__/common/place/detail_place_core.cc.o
[ 81%] Building CXX object himbaechel/CMakeFiles/nextpnr-himbaechel.dir/__/common/place/parallel_refine.cc.o
[ 83%] Building CXX object himbaechel/CMakeFiles/nextpnr-himbaechel.dir/__/common/place/place_common.cc.o
[ 85%] Building CXX object himbaechel/CMakeFiles/nextpnr-himbaechel.dir/__/common/place/placer1.cc.o
[ 87%] Building CXX object himbaechel/CMakeFiles/nextpnr-himbaechel.dir/__/common/place/placer_heap.cc.o
[ 88%] Building CXX object himbaechel/CMakeFiles/nextpnr-himbaechel.dir/__/common/place/placer_static.cc.o
[ 90%] Building CXX object himbaechel/CMakeFiles/nextpnr-himbaechel.dir/__/common/place/timing_opt.cc.o
[ 92%] Building CXX object himbaechel/CMakeFiles/nextpnr-himbaechel.dir/__/common/route/router1.cc.o
[ 94%] Building CXX object himbaechel/CMakeFiles/nextpnr-himbaechel.dir/__/common/route/router2.cc.o
[ 96%] Building CXX object himbaechel/CMakeFiles/nextpnr-himbaechel.dir/__/3rdparty/oourafft/fftsg.cc.o
[ 98%] Building CXX object himbaechel/CMakeFiles/nextpnr-himbaechel.dir/__/3rdparty/oourafft/fftsg2d.cc.o
1 warning generated.
[100%] Linking CXX executable ../nextpnr-himbaechel
[100%] Built target nextpnr-himbaechel
[100%] Built target bbasm
NEXTPNR_BUILD_COMPLETE
