=== BUILD_START GW5AST-138C 2026-09-07T04:35:49Z
check 19199191
row too big 274 50 22 0 120 10000 2640
row too big 274 50 22 0 120 10000 2640
row too big 274 50 22 0 120 10000 2640
row too big 274 50 22 0 120 10000 2640
row too big 274 50 22 0 120 10000 2640
row too big 274 50 22 0 120 10000 2640
row too big 274 50 22 0 120 10000 2640
row too big 274 50 22 0 120 10000 2640
row too big 274 50 22 0 120 10000 2640
row too big 274 50 22 0 120 10000 2640
row too big 274 50 22 0 120 10000 2640
row too big 274 50 22 0 120 10000 2640
row too big 274 50 22 0 120 10000 2640
row too big 274 50 22 0 120 10000 2640
row too big 274 50 22 0 120 10000 2640
row too big 274 50 22 0 120 10000 2640
row too big 274 50 22 0 120 10000 2640
row too big 274 50 22 0 120 10000 2640
row too big 274 50 22 0 120 10000 2640
row too big 274 50 22 0 120 10000 2640
row too big 274 50 22 0 120 10000 2640
row too big 274 50 22 0 120 10000 2640
row too big 274 50 22 0 120 10000 2640
row too big 274 50 22 0 120 10000 2640
row too big 274 50 22 0 120 10000 2640
row too big 274 50 22 0 120 10000 2640
row too big 274 50 22 0 120 10000 2640
row too big 274 50 22 0 120 10000 2640
row too big 274 50 22 0 120 10000 2640
row too big 274 50 22 0 120 10000 2640
row too big 274 50 22 0 120 10000 2640
row too big 274 50 22 0 120 10000 2640
row too big 274 50 22 0 120 10000 2640
row too big 274 50 22 0 120 10000 2640
row too big 274 50 22 0 120 10000 2640
row too big 274 50 22 0 120 10000 2640
row too big 274 50 22 0 120 10000 2640
row too big 274 50 22 0 120 10000 2640
row too big 379 50 22 0 120 10000 2640
row too big 379 50 22 0 120 10000 2640
row too big 379 50 22 0 120 10000 2640
row too big 379 50 22 0 120 10000 2640
row too big 379 50 22 0 120 10000 2640
row too big 379 50 22 0 120 10000 2640
row too big 379 50 22 0 120 10000 2640
row too big 379 50 22 0 120 10000 2640
row too big 379 50 22 0 120 10000 2640
row too big 379 50 22 0 120 10000 2640
row too big 379 50 22 0 120 10000 2640
row too big 379 50 22 0 120 10000 2640
row too big 379 50 22 0 120 10000 2640
row too big 379 50 22 0 120 10000 2640
row too big 379 50 22 0 120 10000 2640
row too big 379 50 22 0 120 10000 2640
row too big 379 50 22 0 120 10000 2640
row too big 379 50 22 0 120 10000 2640
row too big 379 50 22 0 120 10000 2640
row too big 379 50 22 0 120 10000 2640
row too big 379 50 22 0 120 10000 2640
row too big 379 50 22 0 120 10000 2640
row too big 379 50 22 0 120 10000 2640
row too big 379 50 22 0 120 10000 2640
row too big 379 50 22 0 120 10000 2640
row too big 379 50 22 0 120 10000 2640
row too big 379 50 22 0 120 10000 2640
row too big 379 50 22 0 120 10000 2640
row too big 379 50 22 0 120 10000 2640
row too big 379 50 22 0 120 10000 2640
row too big 379 50 22 0 120 10000 2640
row too big 379 50 22 0 120 10000 2640
row too big 379 50 22 0 120 10000 2640
row too big 379 50 22 0 120 10000 2640
row too big 379 50 22 0 120 10000 2640
row too big 379 50 22 0 120 10000 2640
row too big 379 50 22 0 120 10000 2640
row too big 379 50 22 0 120 10000 2640
Create clock wires. Half:0
27 85 196 SPINE8
  << in  27 85 196 TRBDCLK0_TOP_TOP
  << in  27 85 196 BLBDCLK3_TOP_TOP
  << in  27 85 196 CBRIDGEOUT_TOP0_TOP
  << in  27 85 196 TLBDCLK1_TOP_TOP
  << in  27 85 196 TRBDCLK2_TOP_TOP
  << in  27 85 196 CBRIDGEOUT_BOTTOM3_TOP
  << in  27 85 196 BRBDCLK2_TOP_TOP
  << in  27 85 196 TRMDCLK0_TOP_TOP
  << in  27 85 196 BLMDCLK1_TOP_TOP
27 85 196 SPINE12
  << in  27 85 196 TRBDCLK0_TOP_TOP
  << in  27 85 196 BLBDCLK3_TOP_TOP
  << in  27 85 196 TLBDCLK1_TOP_TOP
  << in  27 85 196 CBRIDGEOUT_BOTTOM4_TOP
  << in  27 85 196 BRBDCLK2_TOP_TOP
  << in  27 85 196 TRMDCLK0_TOP_TOP
  << in  27 85 196 CBRIDGEOUT_TOP6_TOP
  << in  27 85 196 BLMDCLK1_TOP_TOP
  << in  27 85 196 TRBDCLK3_TOP_TOP
27 85 196 SPINE9
  << in  27 85 196 CBRIDGEOUT_BOTTOM0_TOP
  << in  27 85 196 CBRIDGEOUT_TOP2_TOP
  << in  27 85 196 TRBDCLK1_TOP_TOP
  << in  27 85 196 TLBDCLK2_TOP_TOP
  << in  27 85 196 BLBDCLK0_TOP_TOP
  << in  27 85 196 TLBDCLK0_TOP_TOP
  << in  27 85 196 TLMDCLK0_TOP_TOP
  << in  27 85 196 BRMDCLK1_TOP_TOP
  << in  27 85 196 BRBDCLK3_TOP_TOP
27 85 196 SPINE13
  << in  27 85 196 TRBDCLK1_TOP_TOP
  << in  27 85 196 TLBDCLK2_TOP_TOP
  << in  27 85 196 CBRIDGEOUT_TOP5_TOP
  << in  27 85 196 BLBDCLK0_TOP_TOP
  << in  27 85 196 TLMDCLK0_TOP_TOP
  << in  27 85 196 TLBDCLK1_TOP_TOP
  << in  27 85 196 CBRIDGEOUT_BOTTOM6_TOP
  << in  27 85 196 BRMDCLK1_TOP_TOP
  << in  27 85 196 BRBDCLK3_TOP_TOP
27 85 196 SPINE10
  << in  27 85 196 BRBDCLK0_TOP_TOP
  << in  27 85 196 BLBDCLK1_TOP_TOP
  << in  27 85 196 TRBDCLK2_TOP_TOP
  << in  27 85 196 BRMDCLK0_TOP_TOP
  << in  27 85 196 CBRIDGEOUT_TOP1_TOP
  << in  27 85 196 CBRIDGEOUT_BOTTOM2_TOP
  << in  27 85 196 TLBDCLK3_TOP_TOP
  << in  27 85 196 BRBDCLK2_TOP_TOP
  << in  27 85 196 TLMDCLK1_TOP_TOP
27 85 196 SPINE11
  << in  27 85 196 CBRIDGEOUT_BOTTOM1_TOP
  << in  27 85 196 BLBDCLK0_TOP_TOP
  << in  27 85 196 BRBDCLK1_TOP_TOP
  << in  27 85 196 TLBDCLK0_TOP_TOP
  << in  27 85 196 BLMDCLK0_TOP_TOP
  << in  27 85 196 TRMDCLK1_TOP_TOP
  << in  27 85 196 CBRIDGEOUT_TOP3_TOP
  << in  27 85 196 BLBDCLK2_TOP_TOP
  << in  27 85 196 TRBDCLK3_TOP_TOP
27 85 196 SPINE6
  << in  27 85 196 CBRIDGEOUT_TOP7_TOP
27 85 196 SPINE14
  << in  27 85 196 CBRIDGEOUT_TOP7_TOP
27 85 196 SPINE22
  << in  27 85 196 CBRIDGEOUT_TOP7_TOP
27 85 196 SPINE30
  << in  27 85 196 CBRIDGEOUT_TOP7_TOP
27 86 197 SPINE14
  << in  27 86 197 CBRIDGEOUT_TOP7_TOP
27 87 198 SPINE0
  << in  27 87 198 TRBDCLK0_TOP_TOP
  << in  27 87 198 BLBDCLK3_TOP_TOP
  << in  27 87 198 CBRIDGEOUT_TOP0_TOP
  << in  27 87 198 TLBDCLK1_TOP_TOP
  << in  27 87 198 TRBDCLK2_TOP_TOP
  << in  27 87 198 CBRIDGEOUT_BOTTOM3_TOP
  << in  27 87 198 BRBDCLK2_TOP_TOP
  << in  27 87 198 TRMDCLK0_TOP_TOP
  << in  27 87 198 BLMDCLK1_TOP_TOP
27 87 198 SPINE4
  << in  27 87 198 TRBDCLK0_TOP_TOP
  << in  27 87 198 BLBDCLK3_TOP_TOP
  << in  27 87 198 TLBDCLK1_TOP_TOP
  << in  27 87 198 CBRIDGEOUT_BOTTOM4_TOP
  << in  27 87 198 BRBDCLK2_TOP_TOP
  << in  27 87 198 TRMDCLK0_TOP_TOP
  << in  27 87 198 CBRIDGEOUT_TOP6_TOP
  << in  27 87 198 BLMDCLK1_TOP_TOP
  << in  27 87 198 TRBDCLK3_TOP_TOP
27 87 198 SPINE1
  << in  27 87 198 CBRIDGEOUT_BOTTOM0_TOP
  << in  27 87 198 CBRIDGEOUT_TOP2_TOP
  << in  27 87 198 TRBDCLK1_TOP_TOP
  << in  27 87 198 TLBDCLK2_TOP_TOP
  << in  27 87 198 BLBDCLK0_TOP_TOP
  << in  27 87 198 TLBDCLK0_TOP_TOP
  << in  27 87 198 TLMDCLK0_TOP_TOP
  << in  27 87 198 BRMDCLK1_TOP_TOP
  << in  27 87 198 BRBDCLK3_TOP_TOP
27 87 198 SPINE5
  << in  27 87 198 TRBDCLK1_TOP_TOP
  << in  27 87 198 TLBDCLK2_TOP_TOP
  << in  27 87 198 CBRIDGEOUT_TOP5_TOP
  << in  27 87 198 BLBDCLK0_TOP_TOP
  << in  27 87 198 TLMDCLK0_TOP_TOP
  << in  27 87 198 TLBDCLK1_TOP_TOP
  << in  27 87 198 CBRIDGEOUT_BOTTOM6_TOP
  << in  27 87 198 BRMDCLK1_TOP_TOP
  << in  27 87 198 BRBDCLK3_TOP_TOP
27 87 198 SPINE2
  << in  27 87 198 BRBDCLK0_TOP_TOP
  << in  27 87 198 BLBDCLK1_TOP_TOP
  << in  27 87 198 TRBDCLK2_TOP_TOP
  << in  27 87 198 BRMDCLK0_TOP_TOP
  << in  27 87 198 CBRIDGEOUT_TOP1_TOP
  << in  27 87 198 CBRIDGEOUT_BOTTOM2_TOP
  << in  27 87 198 TLBDCLK3_TOP_TOP
  << in  27 87 198 BRBDCLK2_TOP_TOP
  << in  27 87 198 TLMDCLK1_TOP_TOP
27 87 198 SPINE3
  << in  27 87 198 CBRIDGEOUT_BOTTOM1_TOP
  << in  27 87 198 BLBDCLK0_TOP_TOP
  << in  27 87 198 BRBDCLK1_TOP_TOP
  << in  27 87 198 TLBDCLK0_TOP_TOP
  << in  27 87 198 BLMDCLK0_TOP_TOP
  << in  27 87 198 TRMDCLK1_TOP_TOP
  << in  27 87 198 CBRIDGEOUT_TOP3_TOP
  << in  27 87 198 BLBDCLK2_TOP_TOP
  << in  27 87 198 TRBDCLK3_TOP_TOP
27 87 198 SPINE15
  << in  27 87 198 CBRIDGEOUT_BOTTOM7_TOP
27 88 199 SPINE7
  << in  27 88 199 CBRIDGEOUT_BOTTOM7_TOP
27 94 205 SPINE16
  << in  27 94 205 TRBDCLK0_TOP_TOP
  << in  27 94 205 BLBDCLK3_TOP_TOP
  << in  27 94 205 CBRIDGEOUT_TOP0_TOP
  << in  27 94 205 TLBDCLK1_TOP_TOP
  << in  27 94 205 TRBDCLK2_TOP_TOP
  << in  27 94 205 CBRIDGEOUT_BOTTOM3_TOP
  << in  27 94 205 BRBDCLK2_TOP_TOP
  << in  27 94 205 TRMDCLK0_TOP_TOP
  << in  27 94 205 BLMDCLK1_TOP_TOP
27 94 205 SPINE20
  << in  27 94 205 TRBDCLK0_TOP_TOP
  << in  27 94 205 BLBDCLK3_TOP_TOP
  << in  27 94 205 TLBDCLK1_TOP_TOP
  << in  27 94 205 CBRIDGEOUT_BOTTOM4_TOP
  << in  27 94 205 BRBDCLK2_TOP_TOP
  << in  27 94 205 TRMDCLK0_TOP_TOP
  << in  27 94 205 CBRIDGEOUT_TOP6_TOP
  << in  27 94 205 BLMDCLK1_TOP_TOP
  << in  27 94 205 TRBDCLK3_TOP_TOP
27 94 205 SPINE17
  << in  27 94 205 CBRIDGEOUT_BOTTOM0_TOP
  << in  27 94 205 CBRIDGEOUT_TOP2_TOP
  << in  27 94 205 TRBDCLK1_TOP_TOP
  << in  27 94 205 TLBDCLK2_TOP_TOP
  << in  27 94 205 BLBDCLK0_TOP_TOP
  << in  27 94 205 TLBDCLK0_TOP_TOP
  << in  27 94 205 TLMDCLK0_TOP_TOP
  << in  27 94 205 BRMDCLK1_TOP_TOP
  << in  27 94 205 BRBDCLK3_TOP_TOP
27 94 205 SPINE21
  << in  27 94 205 TRBDCLK1_TOP_TOP
  << in  27 94 205 TLBDCLK2_TOP_TOP
  << in  27 94 205 CBRIDGEOUT_TOP5_TOP
  << in  27 94 205 BLBDCLK0_TOP_TOP
  << in  27 94 205 TLMDCLK0_TOP_TOP
  << in  27 94 205 TLBDCLK1_TOP_TOP
  << in  27 94 205 CBRIDGEOUT_BOTTOM6_TOP
  << in  27 94 205 BRMDCLK1_TOP_TOP
  << in  27 94 205 BRBDCLK3_TOP_TOP
27 94 205 SPINE18
  << in  27 94 205 BRBDCLK0_TOP_TOP
  << in  27 94 205 BLBDCLK1_TOP_TOP
  << in  27 94 205 TRBDCLK2_TOP_TOP
  << in  27 94 205 BRMDCLK0_TOP_TOP
  << in  27 94 205 CBRIDGEOUT_TOP1_TOP
  << in  27 94 205 CBRIDGEOUT_BOTTOM2_TOP
  << in  27 94 205 TLBDCLK3_TOP_TOP
  << in  27 94 205 BRBDCLK2_TOP_TOP
  << in  27 94 205 TLMDCLK1_TOP_TOP
27 94 205 SPINE19
  << in  27 94 205 CBRIDGEOUT_BOTTOM1_TOP
  << in  27 94 205 BLBDCLK0_TOP_TOP
  << in  27 94 205 BRBDCLK1_TOP_TOP
  << in  27 94 205 TLBDCLK0_TOP_TOP
  << in  27 94 205 BLMDCLK0_TOP_TOP
  << in  27 94 205 TRMDCLK1_TOP_TOP
  << in  27 94 205 CBRIDGEOUT_TOP3_TOP
  << in  27 94 205 BLBDCLK2_TOP_TOP
  << in  27 94 205 TRBDCLK3_TOP_TOP
27 94 205 SPINE31
  << in  27 94 205 CBRIDGEOUT_BOTTOM7_TOP
27 96 207 SPINE24
  << in  27 96 207 TRBDCLK0_TOP_TOP
  << in  27 96 207 BLBDCLK3_TOP_TOP
  << in  27 96 207 CBRIDGEOUT_TOP0_TOP
  << in  27 96 207 TLBDCLK1_TOP_TOP
  << in  27 96 207 TRBDCLK2_TOP_TOP
  << in  27 96 207 CBRIDGEOUT_BOTTOM3_TOP
  << in  27 96 207 BRBDCLK2_TOP_TOP
  << in  27 96 207 TRMDCLK0_TOP_TOP
  << in  27 96 207 BLMDCLK1_TOP_TOP
27 96 207 SPINE28
  << in  27 96 207 TRBDCLK0_TOP_TOP
  << in  27 96 207 BLBDCLK3_TOP_TOP
  << in  27 96 207 TLBDCLK1_TOP_TOP
  << in  27 96 207 CBRIDGEOUT_BOTTOM4_TOP
  << in  27 96 207 BRBDCLK2_TOP_TOP
  << in  27 96 207 TRMDCLK0_TOP_TOP
  << in  27 96 207 CBRIDGEOUT_TOP6_TOP
  << in  27 96 207 BLMDCLK1_TOP_TOP
  << in  27 96 207 TRBDCLK3_TOP_TOP
27 96 207 SPINE25
  << in  27 96 207 CBRIDGEOUT_BOTTOM0_TOP
  << in  27 96 207 CBRIDGEOUT_TOP2_TOP
  << in  27 96 207 TRBDCLK1_TOP_TOP
  << in  27 96 207 TLBDCLK2_TOP_TOP
  << in  27 96 207 BLBDCLK0_TOP_TOP
  << in  27 96 207 TLBDCLK0_TOP_TOP
  << in  27 96 207 TLMDCLK0_TOP_TOP
  << in  27 96 207 BRMDCLK1_TOP_TOP
  << in  27 96 207 BRBDCLK3_TOP_TOP
27 96 207 SPINE29
  << in  27 96 207 TRBDCLK1_TOP_TOP
  << in  27 96 207 TLBDCLK2_TOP_TOP
  << in  27 96 207 CBRIDGEOUT_TOP5_TOP
  << in  27 96 207 BLBDCLK0_TOP_TOP
  << in  27 96 207 TLMDCLK0_TOP_TOP
  << in  27 96 207 TLBDCLK1_TOP_TOP
  << in  27 96 207 CBRIDGEOUT_BOTTOM6_TOP
  << in  27 96 207 BRMDCLK1_TOP_TOP
  << in  27 96 207 BRBDCLK3_TOP_TOP
27 96 207 SPINE26
  << in  27 96 207 BRBDCLK0_TOP_TOP
  << in  27 96 207 BLBDCLK1_TOP_TOP
  << in  27 96 207 TRBDCLK2_TOP_TOP
  << in  27 96 207 BRMDCLK0_TOP_TOP
  << in  27 96 207 CBRIDGEOUT_TOP1_TOP
  << in  27 96 207 CBRIDGEOUT_BOTTOM2_TOP
  << in  27 96 207 TLBDCLK3_TOP_TOP
  << in  27 96 207 BRBDCLK2_TOP_TOP
  << in  27 96 207 TLMDCLK1_TOP_TOP
27 96 207 SPINE27
  << in  27 96 207 CBRIDGEOUT_BOTTOM1_TOP
  << in  27 96 207 BLBDCLK0_TOP_TOP
  << in  27 96 207 BRBDCLK1_TOP_TOP
  << in  27 96 207 TLBDCLK0_TOP_TOP
  << in  27 96 207 BLMDCLK0_TOP_TOP
  << in  27 96 207 TRMDCLK1_TOP_TOP
  << in  27 96 207 CBRIDGEOUT_TOP3_TOP
  << in  27 96 207 BLBDCLK2_TOP_TOP
  << in  27 96 207 TRBDCLK3_TOP_TOP
54 88 80 SPINE16 BRIDGE CBRIDGEOUT_BOTTOM0
  << in  54 88 80 TLPLL1CLK0_TOP
  << in  54 88 80 BLPLL0CLK3_TOP
  << in  54 88 80 TRPLL0CLK3_TOP
  << in  54 88 80 PCLKT0_TOP
  << in  54 88 80 UNK220_TOP
  << in  54 88 80 UNK226_TOP
  << in  54 88 80 BRMDCLK1_BOT_TOP
  << in  54 88 80 TRPLL0CLK0_TOP
  << in  54 88 80 UNK224_TOP
  << in  54 88 80 UNK112_TOP
  << in  54 88 80 UNK105_TOP
  << in  54 88 80 TLPLL1CLK3_TOP
  << in  54 88 80 TRPLL1CLK2_TOP
  << in  54 88 80 TRPLL1CLK0_TOP
  << in  54 88 80 TLPLL1CLK1_TOP
  << in  54 88 80 UNK108_TOP
  << in  54 88 80 TRBDCLK2_BOT_TOP
  << in  54 88 80 PCLKB0_TOP
  << in  54 88 80 BLPLL0CLK0_TOP
  << in  54 88 80 UNK223_TOP
  << in  54 88 80 UNK111_TOP
  << in  54 88 80 TLPLL0CLK2_TOP
  << in  54 88 80 BRBDCLK3_BOT_TOP
  << in  54 88 80 PCLKR0_TOP
  << in  54 88 80 TLBDCLK1_BOT_TOP
  << in  54 88 80 UNK221_TOP
  << in  54 88 80 BLPLL0CLK2_TOP
  << in  54 88 80 TLPLL0CLK1_TOP
  << in  54 88 80 TRMDCLK1_BOT_TOP
  << in  54 88 80 BLPLL0CLK1_TOP
  << in  54 88 80 BRPLL0CLK1_TOP
  << in  54 88 80 BRPLL0CLK2_TOP
  << in  54 88 80 PCLKL1_TOP
  << in  54 88 80 PCLKL0_TOP
  << in  54 88 80 BLBDCLK2_BOT_TOP
  << in  54 88 80 UNK107_TOP
  << in  54 88 80 UNK225_TOP
  << in  54 88 80 PCLKT1_TOP
  << in  54 88 80 BRPLL0CLK3_TOP
  << in  54 88 80 TLPLL0CLK0_TOP
  << in  54 88 80 TRPLL0CLK2_TOP
  << in  54 88 80 TLPLL1CLK2_TOP
  << in  54 88 80 UNK227_TOP
  << in  54 88 80 UNK110_TOP
  << in  54 88 80 BRPLL0CLK0_TOP
  << in  54 88 80 TRPLL1CLK3_TOP
  << in  54 88 80 UNK106_TOP
  << in  54 88 80 PCLKR1_TOP
  << in  54 88 80 UNK222_TOP
  << in  54 88 80 PCLKB1_TOP
  << in  54 88 80 TRPLL0CLK1_TOP
  << in  54 88 80 TLPLL0CLK3_TOP
  << in  54 88 80 TLMDCLK1_BOT_TOP
  << in  54 88 80 TRPLL1CLK1_TOP
  << in  54 88 80 UNK109_TOP
54 88 80 SPINE17 BRIDGE CBRIDGEOUT_BOTTOM1
  << in  54 88 80 TLPLL1CLK0_TOP
  << in  54 88 80 BLPLL0CLK3_TOP
  << in  54 88 80 TRPLL0CLK3_TOP
  << in  54 88 80 PCLKT0_TOP
  << in  54 88 80 UNK220_TOP
  << in  54 88 80 UNK226_TOP
  << in  54 88 80 BRMDCLK1_BOT_TOP
  << in  54 88 80 TRPLL0CLK0_TOP
  << in  54 88 80 UNK224_TOP
  << in  54 88 80 UNK112_TOP
  << in  54 88 80 UNK105_TOP
  << in  54 88 80 TLPLL1CLK3_TOP
  << in  54 88 80 TRPLL1CLK2_TOP
  << in  54 88 80 TRPLL1CLK0_TOP
  << in  54 88 80 TLPLL1CLK1_TOP
  << in  54 88 80 UNK108_TOP
  << in  54 88 80 TRBDCLK2_BOT_TOP
  << in  54 88 80 PCLKB0_TOP
  << in  54 88 80 BLPLL0CLK0_TOP
  << in  54 88 80 UNK223_TOP
  << in  54 88 80 UNK111_TOP
  << in  54 88 80 TLPLL0CLK2_TOP
  << in  54 88 80 BRBDCLK3_BOT_TOP
  << in  54 88 80 PCLKR0_TOP
  << in  54 88 80 TLBDCLK1_BOT_TOP
  << in  54 88 80 UNK221_TOP
  << in  54 88 80 BLPLL0CLK2_TOP
  << in  54 88 80 TLPLL0CLK1_TOP
  << in  54 88 80 TRMDCLK1_BOT_TOP
  << in  54 88 80 BLPLL0CLK1_TOP
  << in  54 88 80 BRPLL0CLK1_TOP
  << in  54 88 80 BRPLL0CLK2_TOP
  << in  54 88 80 PCLKL1_TOP
  << in  54 88 80 PCLKL0_TOP
  << in  54 88 80 BLBDCLK2_BOT_TOP
  << in  54 88 80 UNK107_TOP
  << in  54 88 80 UNK225_TOP
  << in  54 88 80 PCLKT1_TOP
  << in  54 88 80 BRPLL0CLK3_TOP
  << in  54 88 80 TLPLL0CLK0_TOP
  << in  54 88 80 TRPLL0CLK2_TOP
  << in  54 88 80 TLPLL1CLK2_TOP
  << in  54 88 80 UNK227_TOP
  << in  54 88 80 UNK110_TOP
  << in  54 88 80 BRPLL0CLK0_TOP
  << in  54 88 80 TRPLL1CLK3_TOP
  << in  54 88 80 UNK106_TOP
  << in  54 88 80 PCLKR1_TOP
  << in  54 88 80 UNK222_TOP
  << in  54 88 80 PCLKB1_TOP
  << in  54 88 80 TRPLL0CLK1_TOP
  << in  54 88 80 TLPLL0CLK3_TOP
  << in  54 88 80 TLMDCLK1_BOT_TOP
  << in  54 88 80 TRPLL1CLK1_TOP
  << in  54 88 80 UNK109_TOP
54 88 80 SPINE18 BRIDGE CBRIDGEOUT_BOTTOM2
  << in  54 88 80 TLPLL1CLK0_TOP
  << in  54 88 80 BLPLL0CLK3_TOP
  << in  54 88 80 TRPLL0CLK3_TOP
  << in  54 88 80 PCLKT0_TOP
  << in  54 88 80 UNK220_TOP
  << in  54 88 80 UNK226_TOP
  << in  54 88 80 BRMDCLK1_BOT_TOP
  << in  54 88 80 TRPLL0CLK0_TOP
  << in  54 88 80 UNK224_TOP
  << in  54 88 80 UNK112_TOP
  << in  54 88 80 UNK105_TOP
  << in  54 88 80 TLPLL1CLK3_TOP
  << in  54 88 80 TRPLL1CLK2_TOP
  << in  54 88 80 TRPLL1CLK0_TOP
  << in  54 88 80 TLPLL1CLK1_TOP
  << in  54 88 80 UNK108_TOP
  << in  54 88 80 TRBDCLK2_BOT_TOP
  << in  54 88 80 PCLKB0_TOP
  << in  54 88 80 BLPLL0CLK0_TOP
  << in  54 88 80 UNK223_TOP
  << in  54 88 80 UNK111_TOP
  << in  54 88 80 TLPLL0CLK2_TOP
  << in  54 88 80 BRBDCLK3_BOT_TOP
  << in  54 88 80 PCLKR0_TOP
  << in  54 88 80 TLBDCLK1_BOT_TOP
  << in  54 88 80 UNK221_TOP
  << in  54 88 80 BLPLL0CLK2_TOP
  << in  54 88 80 TLPLL0CLK1_TOP
  << in  54 88 80 TRMDCLK1_BOT_TOP
  << in  54 88 80 BLPLL0CLK1_TOP
  << in  54 88 80 BRPLL0CLK1_TOP
  << in  54 88 80 BRPLL0CLK2_TOP
  << in  54 88 80 PCLKL1_TOP
  << in  54 88 80 PCLKL0_TOP
  << in  54 88 80 BLBDCLK2_BOT_TOP
  << in  54 88 80 UNK107_TOP
  << in  54 88 80 UNK225_TOP
  << in  54 88 80 PCLKT1_TOP
  << in  54 88 80 BRPLL0CLK3_TOP
  << in  54 88 80 TLPLL0CLK0_TOP
  << in  54 88 80 TRPLL0CLK2_TOP
  << in  54 88 80 TLPLL1CLK2_TOP
  << in  54 88 80 UNK227_TOP
  << in  54 88 80 UNK110_TOP
  << in  54 88 80 BRPLL0CLK0_TOP
  << in  54 88 80 TRPLL1CLK3_TOP
  << in  54 88 80 UNK106_TOP
  << in  54 88 80 PCLKR1_TOP
  << in  54 88 80 UNK222_TOP
  << in  54 88 80 PCLKB1_TOP
  << in  54 88 80 TRPLL0CLK1_TOP
  << in  54 88 80 TLPLL0CLK3_TOP
  << in  54 88 80 TLMDCLK1_BOT_TOP
  << in  54 88 80 TRPLL1CLK1_TOP
  << in  54 88 80 UNK109_TOP
54 88 80 SPINE19 BRIDGE CBRIDGEOUT_BOTTOM3
  << in  54 88 80 TLPLL1CLK0_TOP
  << in  54 88 80 BLPLL0CLK3_TOP
  << in  54 88 80 TRPLL0CLK3_TOP
  << in  54 88 80 PCLKT0_TOP
  << in  54 88 80 UNK220_TOP
  << in  54 88 80 UNK226_TOP
  << in  54 88 80 BRMDCLK1_BOT_TOP
  << in  54 88 80 TRPLL0CLK0_TOP
  << in  54 88 80 UNK224_TOP
  << in  54 88 80 UNK112_TOP
  << in  54 88 80 UNK105_TOP
  << in  54 88 80 TLPLL1CLK3_TOP
  << in  54 88 80 TRPLL1CLK2_TOP
  << in  54 88 80 TRPLL1CLK0_TOP
  << in  54 88 80 TLPLL1CLK1_TOP
  << in  54 88 80 UNK108_TOP
  << in  54 88 80 TRBDCLK2_BOT_TOP
  << in  54 88 80 PCLKB0_TOP
  << in  54 88 80 BLPLL0CLK0_TOP
  << in  54 88 80 UNK223_TOP
  << in  54 88 80 UNK111_TOP
  << in  54 88 80 TLPLL0CLK2_TOP
  << in  54 88 80 BRBDCLK3_BOT_TOP
  << in  54 88 80 PCLKR0_TOP
  << in  54 88 80 TLBDCLK1_BOT_TOP
  << in  54 88 80 UNK221_TOP
  << in  54 88 80 BLPLL0CLK2_TOP
  << in  54 88 80 TLPLL0CLK1_TOP
  << in  54 88 80 TRMDCLK1_BOT_TOP
  << in  54 88 80 BLPLL0CLK1_TOP
  << in  54 88 80 BRPLL0CLK1_TOP
  << in  54 88 80 BRPLL0CLK2_TOP
  << in  54 88 80 PCLKL1_TOP
  << in  54 88 80 PCLKL0_TOP
  << in  54 88 80 BLBDCLK2_BOT_TOP
  << in  54 88 80 UNK107_TOP
  << in  54 88 80 UNK225_TOP
  << in  54 88 80 PCLKT1_TOP
  << in  54 88 80 BRPLL0CLK3_TOP
  << in  54 88 80 TLPLL0CLK0_TOP
  << in  54 88 80 TRPLL0CLK2_TOP
  << in  54 88 80 TLPLL1CLK2_TOP
  << in  54 88 80 UNK227_TOP
  << in  54 88 80 UNK110_TOP
  << in  54 88 80 BRPLL0CLK0_TOP
  << in  54 88 80 TRPLL1CLK3_TOP
  << in  54 88 80 UNK106_TOP
  << in  54 88 80 PCLKR1_TOP
  << in  54 88 80 UNK222_TOP
  << in  54 88 80 PCLKB1_TOP
  << in  54 88 80 TRPLL0CLK1_TOP
  << in  54 88 80 TLPLL0CLK3_TOP
  << in  54 88 80 TLMDCLK1_BOT_TOP
  << in  54 88 80 TRPLL1CLK1_TOP
  << in  54 88 80 UNK109_TOP
54 88 80 SPINE20 BRIDGE CBRIDGEOUT_BOTTOM4
  << in  54 88 80 TLPLL1CLK0_TOP
  << in  54 88 80 BLPLL0CLK3_TOP
  << in  54 88 80 TRPLL0CLK3_TOP
  << in  54 88 80 PCLKT0_TOP
  << in  54 88 80 UNK220_TOP
  << in  54 88 80 UNK226_TOP
  << in  54 88 80 BRMDCLK1_BOT_TOP
  << in  54 88 80 TRPLL0CLK0_TOP
  << in  54 88 80 UNK224_TOP
  << in  54 88 80 UNK112_TOP
  << in  54 88 80 UNK105_TOP
  << in  54 88 80 TLPLL1CLK3_TOP
  << in  54 88 80 TRPLL1CLK2_TOP
  << in  54 88 80 TRPLL1CLK0_TOP
  << in  54 88 80 TLPLL1CLK1_TOP
  << in  54 88 80 UNK108_TOP
  << in  54 88 80 TRBDCLK2_BOT_TOP
  << in  54 88 80 PCLKB0_TOP
  << in  54 88 80 BLPLL0CLK0_TOP
  << in  54 88 80 UNK223_TOP
  << in  54 88 80 UNK111_TOP
  << in  54 88 80 TLPLL0CLK2_TOP
  << in  54 88 80 BRBDCLK3_BOT_TOP
  << in  54 88 80 PCLKR0_TOP
  << in  54 88 80 TLBDCLK1_BOT_TOP
  << in  54 88 80 UNK221_TOP
  << in  54 88 80 BLPLL0CLK2_TOP
  << in  54 88 80 TLPLL0CLK1_TOP
  << in  54 88 80 TRMDCLK1_BOT_TOP
  << in  54 88 80 BLPLL0CLK1_TOP
  << in  54 88 80 BRPLL0CLK1_TOP
  << in  54 88 80 BRPLL0CLK2_TOP
  << in  54 88 80 PCLKL1_TOP
  << in  54 88 80 PCLKL0_TOP
  << in  54 88 80 BLBDCLK2_BOT_TOP
  << in  54 88 80 UNK107_TOP
  << in  54 88 80 UNK225_TOP
  << in  54 88 80 PCLKT1_TOP
  << in  54 88 80 BRPLL0CLK3_TOP
  << in  54 88 80 TLPLL0CLK0_TOP
  << in  54 88 80 TRPLL0CLK2_TOP
  << in  54 88 80 TLPLL1CLK2_TOP
  << in  54 88 80 UNK227_TOP
  << in  54 88 80 UNK110_TOP
  << in  54 88 80 BRPLL0CLK0_TOP
  << in  54 88 80 TRPLL1CLK3_TOP
  << in  54 88 80 UNK106_TOP
  << in  54 88 80 PCLKR1_TOP
  << in  54 88 80 UNK222_TOP
  << in  54 88 80 PCLKB1_TOP
  << in  54 88 80 TRPLL0CLK1_TOP
  << in  54 88 80 TLPLL0CLK3_TOP
  << in  54 88 80 TLMDCLK1_BOT_TOP
  << in  54 88 80 TRPLL1CLK1_TOP
  << in  54 88 80 UNK109_TOP
54 88 80 SPINE21 BRIDGE CBRIDGEOUT_BOTTOM5
  << in  54 88 80 TLPLL1CLK0_TOP
  << in  54 88 80 BLPLL0CLK3_TOP
  << in  54 88 80 TRPLL0CLK3_TOP
  << in  54 88 80 PCLKT0_TOP
  << in  54 88 80 UNK220_TOP
  << in  54 88 80 UNK226_TOP
  << in  54 88 80 BRMDCLK1_BOT_TOP
  << in  54 88 80 TRPLL0CLK0_TOP
  << in  54 88 80 UNK224_TOP
  << in  54 88 80 UNK112_TOP
  << in  54 88 80 UNK105_TOP
  << in  54 88 80 TLPLL1CLK3_TOP
  << in  54 88 80 TRPLL1CLK2_TOP
  << in  54 88 80 TRPLL1CLK0_TOP
  << in  54 88 80 TLPLL1CLK1_TOP
  << in  54 88 80 UNK108_TOP
  << in  54 88 80 TRBDCLK2_BOT_TOP
  << in  54 88 80 PCLKB0_TOP
  << in  54 88 80 BLPLL0CLK0_TOP
  << in  54 88 80 UNK223_TOP
  << in  54 88 80 UNK111_TOP
  << in  54 88 80 TLPLL0CLK2_TOP
  << in  54 88 80 BRBDCLK3_BOT_TOP
  << in  54 88 80 PCLKR0_TOP
  << in  54 88 80 TLBDCLK1_BOT_TOP
  << in  54 88 80 UNK221_TOP
  << in  54 88 80 BLPLL0CLK2_TOP
  << in  54 88 80 TLPLL0CLK1_TOP
  << in  54 88 80 TRMDCLK1_BOT_TOP
  << in  54 88 80 BLPLL0CLK1_TOP
  << in  54 88 80 BRPLL0CLK1_TOP
  << in  54 88 80 BRPLL0CLK2_TOP
  << in  54 88 80 PCLKL1_TOP
  << in  54 88 80 PCLKL0_TOP
  << in  54 88 80 BLBDCLK2_BOT_TOP
  << in  54 88 80 UNK107_TOP
  << in  54 88 80 UNK225_TOP
  << in  54 88 80 PCLKT1_TOP
  << in  54 88 80 BRPLL0CLK3_TOP
  << in  54 88 80 TLPLL0CLK0_TOP
  << in  54 88 80 TRPLL0CLK2_TOP
  << in  54 88 80 TLPLL1CLK2_TOP
  << in  54 88 80 UNK227_TOP
  << in  54 88 80 UNK110_TOP
  << in  54 88 80 BRPLL0CLK0_TOP
  << in  54 88 80 TRPLL1CLK3_TOP
  << in  54 88 80 UNK106_TOP
  << in  54 88 80 PCLKR1_TOP
  << in  54 88 80 UNK222_TOP
  << in  54 88 80 PCLKB1_TOP
  << in  54 88 80 TRPLL0CLK1_TOP
  << in  54 88 80 TLPLL0CLK3_TOP
  << in  54 88 80 TLMDCLK1_BOT_TOP
  << in  54 88 80 TRPLL1CLK1_TOP
  << in  54 88 80 UNK109_TOP
54 93 85 SPINE8 BRIDGE CBRIDGEOUT_TOP0
  << in  54 93 85 BLMDCLK1_BOT_TOP
  << in  54 93 85 TLPLL1CLK0_TOP
  << in  54 93 85 BLPLL0CLK3_TOP
  << in  54 93 85 TRPLL0CLK3_TOP
  << in  54 93 85 TRMDCLK1_TOP_TOP
  << in  54 93 85 TLBDCLK1_TOP_TOP
  << in  54 93 85 TRBDCLK2_TOP_TOP
  << in  54 93 85 PCLKT0_TOP
  << in  54 93 85 TRPLL0CLK0_TOP
  << in  54 93 85 UNK112_TOP
  << in  54 93 85 UNK105_TOP
  << in  54 93 85 TLPLL1CLK3_TOP
  << in  54 93 85 TRPLL1CLK2_TOP
  << in  54 93 85 TRPLL1CLK0_TOP
  << in  54 93 85 TLPLL1CLK1_TOP
  << in  54 93 85 UNK108_TOP
  << in  54 93 85 PCLKB0_TOP
  << in  54 93 85 BRMDCLK1_TOP_TOP
  << in  54 93 85 BLPLL0CLK0_TOP
  << in  54 93 85 UNK111_TOP
  << in  54 93 85 BRBDCLK3_TOP_TOP
  << in  54 93 85 TLPLL0CLK2_TOP
  << in  54 93 85 BLMDCLK1_TOP_TOP
  << in  54 93 85 PCLKR0_TOP
  << in  54 93 85 BLPLL0CLK2_TOP
  << in  54 93 85 TLPLL0CLK1_TOP
  << in  54 93 85 BLPLL0CLK1_TOP
  << in  54 93 85 BRPLL0CLK1_TOP
  << in  54 93 85 BRPLL0CLK2_TOP
  << in  54 93 85 PCLKL1_TOP
  << in  54 93 85 PCLKL0_TOP
  << in  54 93 85 UNK107_TOP
  << in  54 93 85 PCLKT1_TOP
  << in  54 93 85 BRPLL0CLK3_TOP
  << in  54 93 85 TLPLL0CLK0_TOP
  << in  54 93 85 TRPLL0CLK2_TOP
  << in  54 93 85 TLPLL1CLK2_TOP
  << in  54 93 85 UNK110_TOP
  << in  54 93 85 BRPLL0CLK0_TOP
  << in  54 93 85 TRPLL1CLK3_TOP
  << in  54 93 85 UNK106_TOP
  << in  54 93 85 PCLKR1_TOP
  << in  54 93 85 PCLKB1_TOP
  << in  54 93 85 TRPLL0CLK1_TOP
  << in  54 93 85 TLPLL0CLK3_TOP
  << in  54 93 85 BLBDCLK2_TOP_TOP
  << in  54 93 85 TLMDCLK1_TOP_TOP
  << in  54 93 85 TRPLL1CLK1_TOP
  << in  54 93 85 UNK109_TOP
54 93 85 SPINE9 BRIDGE CBRIDGEOUT_TOP1
  << in  54 93 85 BLMDCLK1_BOT_TOP
  << in  54 93 85 TLPLL1CLK0_TOP
  << in  54 93 85 BLPLL0CLK3_TOP
  << in  54 93 85 TRPLL0CLK3_TOP
  << in  54 93 85 TRMDCLK1_TOP_TOP
  << in  54 93 85 TLBDCLK1_TOP_TOP
  << in  54 93 85 TRBDCLK2_TOP_TOP
  << in  54 93 85 PCLKT0_TOP
  << in  54 93 85 TRPLL0CLK0_TOP
  << in  54 93 85 UNK112_TOP
  << in  54 93 85 UNK105_TOP
  << in  54 93 85 TLPLL1CLK3_TOP
  << in  54 93 85 TRPLL1CLK2_TOP
  << in  54 93 85 TRPLL1CLK0_TOP
  << in  54 93 85 TLPLL1CLK1_TOP
  << in  54 93 85 UNK108_TOP
  << in  54 93 85 PCLKB0_TOP
  << in  54 93 85 BRMDCLK1_TOP_TOP
  << in  54 93 85 BLPLL0CLK0_TOP
  << in  54 93 85 UNK111_TOP
  << in  54 93 85 BRBDCLK3_TOP_TOP
  << in  54 93 85 TLPLL0CLK2_TOP
  << in  54 93 85 BLMDCLK1_TOP_TOP
  << in  54 93 85 PCLKR0_TOP
  << in  54 93 85 BLPLL0CLK2_TOP
  << in  54 93 85 TLPLL0CLK1_TOP
  << in  54 93 85 BLPLL0CLK1_TOP
  << in  54 93 85 BRPLL0CLK1_TOP
  << in  54 93 85 BRPLL0CLK2_TOP
  << in  54 93 85 PCLKL1_TOP
  << in  54 93 85 PCLKL0_TOP
  << in  54 93 85 UNK107_TOP
  << in  54 93 85 PCLKT1_TOP
  << in  54 93 85 BRPLL0CLK3_TOP
  << in  54 93 85 TLPLL0CLK0_TOP
  << in  54 93 85 TRPLL0CLK2_TOP
  << in  54 93 85 TLPLL1CLK2_TOP
  << in  54 93 85 UNK110_TOP
  << in  54 93 85 BRPLL0CLK0_TOP
  << in  54 93 85 TRPLL1CLK3_TOP
  << in  54 93 85 UNK106_TOP
  << in  54 93 85 PCLKR1_TOP
  << in  54 93 85 PCLKB1_TOP
  << in  54 93 85 TRPLL0CLK1_TOP
  << in  54 93 85 TLPLL0CLK3_TOP
  << in  54 93 85 BLBDCLK2_TOP_TOP
  << in  54 93 85 TLMDCLK1_TOP_TOP
  << in  54 93 85 TRPLL1CLK1_TOP
  << in  54 93 85 UNK109_TOP
54 93 85 SPINE10 BRIDGE CBRIDGEOUT_TOP2
  << in  54 93 85 BLMDCLK1_BOT_TOP
  << in  54 93 85 TLPLL1CLK0_TOP
  << in  54 93 85 BLPLL0CLK3_TOP
  << in  54 93 85 TRPLL0CLK3_TOP
  << in  54 93 85 TRMDCLK1_TOP_TOP
  << in  54 93 85 TLBDCLK1_TOP_TOP
  << in  54 93 85 TRBDCLK2_TOP_TOP
  << in  54 93 85 PCLKT0_TOP
  << in  54 93 85 TRPLL0CLK0_TOP
  << in  54 93 85 UNK112_TOP
  << in  54 93 85 UNK105_TOP
  << in  54 93 85 TLPLL1CLK3_TOP
  << in  54 93 85 TRPLL1CLK2_TOP
  << in  54 93 85 TRPLL1CLK0_TOP
  << in  54 93 85 TLPLL1CLK1_TOP
  << in  54 93 85 UNK108_TOP
  << in  54 93 85 PCLKB0_TOP
  << in  54 93 85 BRMDCLK1_TOP_TOP
  << in  54 93 85 BLPLL0CLK0_TOP
  << in  54 93 85 UNK111_TOP
  << in  54 93 85 BRBDCLK3_TOP_TOP
  << in  54 93 85 TLPLL0CLK2_TOP
  << in  54 93 85 BLMDCLK1_TOP_TOP
  << in  54 93 85 PCLKR0_TOP
  << in  54 93 85 BLPLL0CLK2_TOP
  << in  54 93 85 TLPLL0CLK1_TOP
  << in  54 93 85 BLPLL0CLK1_TOP
  << in  54 93 85 BRPLL0CLK1_TOP
  << in  54 93 85 BRPLL0CLK2_TOP
  << in  54 93 85 PCLKL1_TOP
  << in  54 93 85 PCLKL0_TOP
  << in  54 93 85 UNK107_TOP
  << in  54 93 85 PCLKT1_TOP
  << in  54 93 85 BRPLL0CLK3_TOP
  << in  54 93 85 TLPLL0CLK0_TOP
  << in  54 93 85 TRPLL0CLK2_TOP
  << in  54 93 85 TLPLL1CLK2_TOP
  << in  54 93 85 UNK110_TOP
  << in  54 93 85 BRPLL0CLK0_TOP
  << in  54 93 85 TRPLL1CLK3_TOP
  << in  54 93 85 UNK106_TOP
  << in  54 93 85 PCLKR1_TOP
  << in  54 93 85 PCLKB1_TOP
  << in  54 93 85 TRPLL0CLK1_TOP
  << in  54 93 85 TLPLL0CLK3_TOP
  << in  54 93 85 BLBDCLK2_TOP_TOP
  << in  54 93 85 TLMDCLK1_TOP_TOP
  << in  54 93 85 TRPLL1CLK1_TOP
  << in  54 93 85 UNK109_TOP
54 93 85 SPINE11 BRIDGE CBRIDGEOUT_TOP3
  << in  54 93 85 BLMDCLK1_BOT_TOP
  << in  54 93 85 TLPLL1CLK0_TOP
  << in  54 93 85 BLPLL0CLK3_TOP
  << in  54 93 85 TRPLL0CLK3_TOP
  << in  54 93 85 TRMDCLK1_TOP_TOP
  << in  54 93 85 TLBDCLK1_TOP_TOP
  << in  54 93 85 TRBDCLK2_TOP_TOP
  << in  54 93 85 PCLKT0_TOP
  << in  54 93 85 TRPLL0CLK0_TOP
  << in  54 93 85 UNK112_TOP
  << in  54 93 85 UNK105_TOP
  << in  54 93 85 TLPLL1CLK3_TOP
  << in  54 93 85 TRPLL1CLK2_TOP
  << in  54 93 85 TRPLL1CLK0_TOP
  << in  54 93 85 TLPLL1CLK1_TOP
  << in  54 93 85 UNK108_TOP
  << in  54 93 85 PCLKB0_TOP
  << in  54 93 85 BRMDCLK1_TOP_TOP
  << in  54 93 85 BLPLL0CLK0_TOP
  << in  54 93 85 UNK111_TOP
  << in  54 93 85 BRBDCLK3_TOP_TOP
  << in  54 93 85 TLPLL0CLK2_TOP
  << in  54 93 85 BLMDCLK1_TOP_TOP
  << in  54 93 85 PCLKR0_TOP
  << in  54 93 85 BLPLL0CLK2_TOP
  << in  54 93 85 TLPLL0CLK1_TOP
  << in  54 93 85 BLPLL0CLK1_TOP
  << in  54 93 85 BRPLL0CLK1_TOP
  << in  54 93 85 BRPLL0CLK2_TOP
  << in  54 93 85 PCLKL1_TOP
  << in  54 93 85 PCLKL0_TOP
  << in  54 93 85 UNK107_TOP
  << in  54 93 85 PCLKT1_TOP
  << in  54 93 85 BRPLL0CLK3_TOP
  << in  54 93 85 TLPLL0CLK0_TOP
  << in  54 93 85 TRPLL0CLK2_TOP
  << in  54 93 85 TLPLL1CLK2_TOP
  << in  54 93 85 UNK110_TOP
  << in  54 93 85 BRPLL0CLK0_TOP
  << in  54 93 85 TRPLL1CLK3_TOP
  << in  54 93 85 UNK106_TOP
  << in  54 93 85 PCLKR1_TOP
  << in  54 93 85 PCLKB1_TOP
  << in  54 93 85 TRPLL0CLK1_TOP
  << in  54 93 85 TLPLL0CLK3_TOP
  << in  54 93 85 BLBDCLK2_TOP_TOP
  << in  54 93 85 TLMDCLK1_TOP_TOP
  << in  54 93 85 TRPLL1CLK1_TOP
  << in  54 93 85 UNK109_TOP
54 93 85 SPINE12 BRIDGE CBRIDGEOUT_TOP4
  << in  54 93 85 BLMDCLK1_BOT_TOP
  << in  54 93 85 TLPLL1CLK0_TOP
  << in  54 93 85 BLPLL0CLK3_TOP
  << in  54 93 85 TRPLL0CLK3_TOP
  << in  54 93 85 TRMDCLK1_TOP_TOP
  << in  54 93 85 TLBDCLK1_TOP_TOP
  << in  54 93 85 TRBDCLK2_TOP_TOP
  << in  54 93 85 PCLKT0_TOP
  << in  54 93 85 TRPLL0CLK0_TOP
  << in  54 93 85 UNK112_TOP
  << in  54 93 85 UNK105_TOP
  << in  54 93 85 TLPLL1CLK3_TOP
  << in  54 93 85 TRPLL1CLK2_TOP
  << in  54 93 85 TRPLL1CLK0_TOP
  << in  54 93 85 TLPLL1CLK1_TOP
  << in  54 93 85 UNK108_TOP
  << in  54 93 85 PCLKB0_TOP
  << in  54 93 85 BRMDCLK1_TOP_TOP
  << in  54 93 85 BLPLL0CLK0_TOP
  << in  54 93 85 UNK111_TOP
  << in  54 93 85 BRBDCLK3_TOP_TOP
  << in  54 93 85 TLPLL0CLK2_TOP
  << in  54 93 85 BLMDCLK1_TOP_TOP
  << in  54 93 85 PCLKR0_TOP
  << in  54 93 85 BLPLL0CLK2_TOP
  << in  54 93 85 TLPLL0CLK1_TOP
  << in  54 93 85 BLPLL0CLK1_TOP
  << in  54 93 85 BRPLL0CLK1_TOP
  << in  54 93 85 BRPLL0CLK2_TOP
  << in  54 93 85 PCLKL1_TOP
  << in  54 93 85 PCLKL0_TOP
  << in  54 93 85 UNK107_TOP
  << in  54 93 85 PCLKT1_TOP
  << in  54 93 85 BRPLL0CLK3_TOP
  << in  54 93 85 TLPLL0CLK0_TOP
  << in  54 93 85 TRPLL0CLK2_TOP
  << in  54 93 85 TLPLL1CLK2_TOP
  << in  54 93 85 UNK110_TOP
  << in  54 93 85 BRPLL0CLK0_TOP
  << in  54 93 85 TRPLL1CLK3_TOP
  << in  54 93 85 UNK106_TOP
  << in  54 93 85 PCLKR1_TOP
  << in  54 93 85 PCLKB1_TOP
  << in  54 93 85 TRPLL0CLK1_TOP
  << in  54 93 85 TLPLL0CLK3_TOP
  << in  54 93 85 BLBDCLK2_TOP_TOP
  << in  54 93 85 TLMDCLK1_TOP_TOP
  << in  54 93 85 TRPLL1CLK1_TOP
  << in  54 93 85 UNK109_TOP
54 93 85 SPINE13 BRIDGE CBRIDGEOUT_TOP5
  << in  54 93 85 BLMDCLK1_BOT_TOP
  << in  54 93 85 TLPLL1CLK0_TOP
  << in  54 93 85 BLPLL0CLK3_TOP
  << in  54 93 85 TRPLL0CLK3_TOP
  << in  54 93 85 TRMDCLK1_TOP_TOP
  << in  54 93 85 TLBDCLK1_TOP_TOP
  << in  54 93 85 TRBDCLK2_TOP_TOP
  << in  54 93 85 PCLKT0_TOP
  << in  54 93 85 TRPLL0CLK0_TOP
  << in  54 93 85 UNK112_TOP
  << in  54 93 85 UNK105_TOP
  << in  54 93 85 TLPLL1CLK3_TOP
  << in  54 93 85 TRPLL1CLK2_TOP
  << in  54 93 85 TRPLL1CLK0_TOP
  << in  54 93 85 TLPLL1CLK1_TOP
  << in  54 93 85 UNK108_TOP
  << in  54 93 85 PCLKB0_TOP
  << in  54 93 85 BRMDCLK1_TOP_TOP
  << in  54 93 85 BLPLL0CLK0_TOP
  << in  54 93 85 UNK111_TOP
  << in  54 93 85 BRBDCLK3_TOP_TOP
  << in  54 93 85 TLPLL0CLK2_TOP
  << in  54 93 85 BLMDCLK1_TOP_TOP
  << in  54 93 85 PCLKR0_TOP
  << in  54 93 85 BLPLL0CLK2_TOP
  << in  54 93 85 TLPLL0CLK1_TOP
  << in  54 93 85 BLPLL0CLK1_TOP
  << in  54 93 85 BRPLL0CLK1_TOP
  << in  54 93 85 BRPLL0CLK2_TOP
  << in  54 93 85 PCLKL1_TOP
  << in  54 93 85 PCLKL0_TOP
  << in  54 93 85 UNK107_TOP
  << in  54 93 85 PCLKT1_TOP
  << in  54 93 85 BRPLL0CLK3_TOP
  << in  54 93 85 TLPLL0CLK0_TOP
  << in  54 93 85 TRPLL0CLK2_TOP
  << in  54 93 85 TLPLL1CLK2_TOP
  << in  54 93 85 UNK110_TOP
  << in  54 93 85 BRPLL0CLK0_TOP
  << in  54 93 85 TRPLL1CLK3_TOP
  << in  54 93 85 UNK106_TOP
  << in  54 93 85 PCLKR1_TOP
  << in  54 93 85 PCLKB1_TOP
  << in  54 93 85 TRPLL0CLK1_TOP
  << in  54 93 85 TLPLL0CLK3_TOP
  << in  54 93 85 BLBDCLK2_TOP_TOP
  << in  54 93 85 TLMDCLK1_TOP_TOP
  << in  54 93 85 TRPLL1CLK1_TOP
  << in  54 93 85 UNK109_TOP
Create clock wires. Half:1
81 85 208 SPINE8
  << in  81 85 208 BLBDCLK3_BOT_BOT
  << in  81 85 208 TLBDCLK1_BOT_BOT
  << in  81 85 208 BLMDCLK1_BOT_BOT
  << in  81 85 208 CBRIDGEOUT_TOP0_BOT
  << in  81 85 208 TRMDCLK0_BOT_BOT
  << in  81 85 208 CBRIDGEOUT_BOTTOM3_BOT
  << in  81 85 208 TRBDCLK0_BOT_BOT
  << in  81 85 208 TRBDCLK2_BOT_BOT
  << in  81 85 208 BRBDCLK2_BOT_BOT
81 85 208 SPINE12
  << in  81 85 208 BLBDCLK3_BOT_BOT
  << in  81 85 208 TLBDCLK1_BOT_BOT
  << in  81 85 208 BLMDCLK1_BOT_BOT
  << in  81 85 208 TRBDCLK3_BOT_BOT
  << in  81 85 208 TRMDCLK0_BOT_BOT
  << in  81 85 208 TRBDCLK0_BOT_BOT
  << in  81 85 208 CBRIDGEOUT_BOTTOM4_BOT
  << in  81 85 208 BRBDCLK2_BOT_BOT
  << in  81 85 208 CBRIDGEOUT_TOP6_BOT
81 85 208 SPINE9
  << in  81 85 208 TLMDCLK0_BOT_BOT
  << in  81 85 208 CBRIDGEOUT_TOP2_BOT
  << in  81 85 208 CBRIDGEOUT_BOTTOM0_BOT
  << in  81 85 208 TLBDCLK2_BOT_BOT
  << in  81 85 208 TLBDCLK0_BOT_BOT
  << in  81 85 208 TRBDCLK1_BOT_BOT
  << in  81 85 208 BLBDCLK0_BOT_BOT
  << in  81 85 208 BRMDCLK1_BOT_BOT
  << in  81 85 208 BRBDCLK3_BOT_BOT
81 85 208 SPINE13
  << in  81 85 208 TLMDCLK0_BOT_BOT
  << in  81 85 208 TLBDCLK1_BOT_BOT
  << in  81 85 208 CBRIDGEOUT_TOP5_BOT
  << in  81 85 208 TLBDCLK2_BOT_BOT
  << in  81 85 208 TRBDCLK1_BOT_BOT
  << in  81 85 208 BLBDCLK0_BOT_BOT
  << in  81 85 208 CBRIDGEOUT_BOTTOM6_BOT
  << in  81 85 208 BRMDCLK1_BOT_BOT
  << in  81 85 208 BRBDCLK3_BOT_BOT
81 85 208 SPINE10
  << in  81 85 208 BLBDCLK1_BOT_BOT
  << in  81 85 208 BRBDCLK0_BOT_BOT
  << in  81 85 208 TLMDCLK1_BOT_BOT
  << in  81 85 208 TRBDCLK2_BOT_BOT
  << in  81 85 208 TLBDCLK3_BOT_BOT
  << in  81 85 208 BRMDCLK0_BOT_BOT
  << in  81 85 208 CBRIDGEOUT_TOP1_BOT
  << in  81 85 208 CBRIDGEOUT_BOTTOM2_BOT
  << in  81 85 208 BRBDCLK2_BOT_BOT
81 85 208 SPINE11
  << in  81 85 208 CBRIDGEOUT_BOTTOM1_BOT
  << in  81 85 208 BRBDCLK1_BOT_BOT
  << in  81 85 208 TRBDCLK3_BOT_BOT
  << in  81 85 208 TLBDCLK0_BOT_BOT
  << in  81 85 208 TRMDCLK1_BOT_BOT
  << in  81 85 208 BLBDCLK0_BOT_BOT
  << in  81 85 208 CBRIDGEOUT_TOP3_BOT
  << in  81 85 208 BLMDCLK0_BOT_BOT
  << in  81 85 208 BLBDCLK2_BOT_BOT
81 85 208 SPINE6
  << in  81 85 208 CBRIDGEOUT_TOP7_BOT
81 85 208 SPINE14
  << in  81 85 208 CBRIDGEOUT_TOP7_BOT
81 85 208 SPINE22
  << in  81 85 208 CBRIDGEOUT_TOP7_BOT
81 85 208 SPINE30
  << in  81 85 208 CBRIDGEOUT_TOP7_BOT
81 86 209 SPINE14
  << in  81 86 209 CBRIDGEOUT_TOP7_BOT
81 87 210 SPINE0
  << in  81 87 210 BLBDCLK3_BOT_BOT
  << in  81 87 210 TLBDCLK1_BOT_BOT
  << in  81 87 210 BLMDCLK1_BOT_BOT
  << in  81 87 210 CBRIDGEOUT_TOP0_BOT
  << in  81 87 210 TRMDCLK0_BOT_BOT
  << in  81 87 210 CBRIDGEOUT_BOTTOM3_BOT
  << in  81 87 210 TRBDCLK0_BOT_BOT
  << in  81 87 210 TRBDCLK2_BOT_BOT
  << in  81 87 210 BRBDCLK2_BOT_BOT
81 87 210 SPINE4
  << in  81 87 210 BLBDCLK3_BOT_BOT
  << in  81 87 210 TLBDCLK1_BOT_BOT
  << in  81 87 210 BLMDCLK1_BOT_BOT
  << in  81 87 210 TRBDCLK3_BOT_BOT
  << in  81 87 210 TRMDCLK0_BOT_BOT
  << in  81 87 210 TRBDCLK0_BOT_BOT
  << in  81 87 210 CBRIDGEOUT_BOTTOM4_BOT
  << in  81 87 210 BRBDCLK2_BOT_BOT
  << in  81 87 210 CBRIDGEOUT_TOP6_BOT
81 87 210 SPINE1
  << in  81 87 210 TLMDCLK0_BOT_BOT
  << in  81 87 210 CBRIDGEOUT_TOP2_BOT
  << in  81 87 210 CBRIDGEOUT_BOTTOM0_BOT
  << in  81 87 210 TLBDCLK2_BOT_BOT
  << in  81 87 210 TLBDCLK0_BOT_BOT
  << in  81 87 210 TRBDCLK1_BOT_BOT
  << in  81 87 210 BLBDCLK0_BOT_BOT
  << in  81 87 210 BRMDCLK1_BOT_BOT
  << in  81 87 210 BRBDCLK3_BOT_BOT
81 87 210 SPINE5
  << in  81 87 210 TLMDCLK0_BOT_BOT
  << in  81 87 210 TLBDCLK1_BOT_BOT
  << in  81 87 210 CBRIDGEOUT_TOP5_BOT
  << in  81 87 210 TLBDCLK2_BOT_BOT
  << in  81 87 210 TRBDCLK1_BOT_BOT
  << in  81 87 210 BLBDCLK0_BOT_BOT
  << in  81 87 210 CBRIDGEOUT_BOTTOM6_BOT
  << in  81 87 210 BRMDCLK1_BOT_BOT
  << in  81 87 210 BRBDCLK3_BOT_BOT
81 87 210 SPINE2
  << in  81 87 210 BLBDCLK1_BOT_BOT
  << in  81 87 210 BRBDCLK0_BOT_BOT
  << in  81 87 210 TLMDCLK1_BOT_BOT
  << in  81 87 210 TRBDCLK2_BOT_BOT
  << in  81 87 210 TLBDCLK3_BOT_BOT
  << in  81 87 210 BRMDCLK0_BOT_BOT
  << in  81 87 210 CBRIDGEOUT_TOP1_BOT
  << in  81 87 210 CBRIDGEOUT_BOTTOM2_BOT
  << in  81 87 210 BRBDCLK2_BOT_BOT
81 87 210 SPINE3
  << in  81 87 210 CBRIDGEOUT_BOTTOM1_BOT
  << in  81 87 210 BRBDCLK1_BOT_BOT
  << in  81 87 210 TRBDCLK3_BOT_BOT
  << in  81 87 210 TLBDCLK0_BOT_BOT
  << in  81 87 210 TRMDCLK1_BOT_BOT
  << in  81 87 210 BLBDCLK0_BOT_BOT
  << in  81 87 210 CBRIDGEOUT_TOP3_BOT
  << in  81 87 210 BLMDCLK0_BOT_BOT
  << in  81 87 210 BLBDCLK2_BOT_BOT
81 87 210 SPINE15
  << in  81 87 210 CBRIDGEOUT_BOTTOM7_BOT
81 88 211 SPINE7
  << in  81 88 211 CBRIDGEOUT_BOTTOM7_BOT
81 94 217 SPINE16
  << in  81 94 217 BLBDCLK3_BOT_BOT
  << in  81 94 217 TLBDCLK1_BOT_BOT
  << in  81 94 217 BLMDCLK1_BOT_BOT
  << in  81 94 217 CBRIDGEOUT_TOP0_BOT
  << in  81 94 217 TRMDCLK0_BOT_BOT
  << in  81 94 217 CBRIDGEOUT_BOTTOM3_BOT
  << in  81 94 217 TRBDCLK0_BOT_BOT
  << in  81 94 217 TRBDCLK2_BOT_BOT
  << in  81 94 217 BRBDCLK2_BOT_BOT
81 94 217 SPINE20
  << in  81 94 217 BLBDCLK3_BOT_BOT
  << in  81 94 217 TLBDCLK1_BOT_BOT
  << in  81 94 217 BLMDCLK1_BOT_BOT
  << in  81 94 217 TRBDCLK3_BOT_BOT
  << in  81 94 217 TRMDCLK0_BOT_BOT
  << in  81 94 217 TRBDCLK0_BOT_BOT
  << in  81 94 217 CBRIDGEOUT_BOTTOM4_BOT
  << in  81 94 217 BRBDCLK2_BOT_BOT
  << in  81 94 217 CBRIDGEOUT_TOP6_BOT
81 94 217 SPINE17
  << in  81 94 217 TLMDCLK0_BOT_BOT
  << in  81 94 217 CBRIDGEOUT_TOP2_BOT
  << in  81 94 217 CBRIDGEOUT_BOTTOM0_BOT
  << in  81 94 217 TLBDCLK2_BOT_BOT
  << in  81 94 217 TLBDCLK0_BOT_BOT
  << in  81 94 217 TRBDCLK1_BOT_BOT
  << in  81 94 217 BLBDCLK0_BOT_BOT
  << in  81 94 217 BRMDCLK1_BOT_BOT
  << in  81 94 217 BRBDCLK3_BOT_BOT
81 94 217 SPINE21
  << in  81 94 217 TLMDCLK0_BOT_BOT
  << in  81 94 217 TLBDCLK1_BOT_BOT
  << in  81 94 217 CBRIDGEOUT_TOP5_BOT
  << in  81 94 217 TLBDCLK2_BOT_BOT
  << in  81 94 217 TRBDCLK1_BOT_BOT
  << in  81 94 217 BLBDCLK0_BOT_BOT
  << in  81 94 217 CBRIDGEOUT_BOTTOM6_BOT
  << in  81 94 217 BRMDCLK1_BOT_BOT
  << in  81 94 217 BRBDCLK3_BOT_BOT
81 94 217 SPINE18
  << in  81 94 217 BLBDCLK1_BOT_BOT
  << in  81 94 217 BRBDCLK0_BOT_BOT
  << in  81 94 217 TLMDCLK1_BOT_BOT
  << in  81 94 217 TRBDCLK2_BOT_BOT
  << in  81 94 217 TLBDCLK3_BOT_BOT
  << in  81 94 217 BRMDCLK0_BOT_BOT
  << in  81 94 217 CBRIDGEOUT_TOP1_BOT
  << in  81 94 217 CBRIDGEOUT_BOTTOM2_BOT
  << in  81 94 217 BRBDCLK2_BOT_BOT
81 94 217 SPINE19
  << in  81 94 217 CBRIDGEOUT_BOTTOM1_BOT
  << in  81 94 217 BRBDCLK1_BOT_BOT
  << in  81 94 217 TRBDCLK3_BOT_BOT
  << in  81 94 217 TLBDCLK0_BOT_BOT
  << in  81 94 217 TRMDCLK1_BOT_BOT
  << in  81 94 217 BLBDCLK0_BOT_BOT
  << in  81 94 217 CBRIDGEOUT_TOP3_BOT
  << in  81 94 217 BLMDCLK0_BOT_BOT
  << in  81 94 217 BLBDCLK2_BOT_BOT
81 94 217 SPINE31
  << in  81 94 217 CBRIDGEOUT_BOTTOM7_BOT
81 96 219 SPINE24
  << in  81 96 219 BLBDCLK3_BOT_BOT
  << in  81 96 219 TLBDCLK1_BOT_BOT
  << in  81 96 219 BLMDCLK1_BOT_BOT
  << in  81 96 219 CBRIDGEOUT_TOP0_BOT
  << in  81 96 219 TRMDCLK0_BOT_BOT
  << in  81 96 219 CBRIDGEOUT_BOTTOM3_BOT
  << in  81 96 219 TRBDCLK0_BOT_BOT
  << in  81 96 219 TRBDCLK2_BOT_BOT
  << in  81 96 219 BRBDCLK2_BOT_BOT
81 96 219 SPINE28
  << in  81 96 219 BLBDCLK3_BOT_BOT
  << in  81 96 219 TLBDCLK1_BOT_BOT
  << in  81 96 219 BLMDCLK1_BOT_BOT
  << in  81 96 219 TRBDCLK3_BOT_BOT
  << in  81 96 219 TRMDCLK0_BOT_BOT
  << in  81 96 219 TRBDCLK0_BOT_BOT
  << in  81 96 219 CBRIDGEOUT_BOTTOM4_BOT
  << in  81 96 219 BRBDCLK2_BOT_BOT
  << in  81 96 219 CBRIDGEOUT_TOP6_BOT
81 96 219 SPINE25
  << in  81 96 219 TLMDCLK0_BOT_BOT
  << in  81 96 219 CBRIDGEOUT_TOP2_BOT
  << in  81 96 219 CBRIDGEOUT_BOTTOM0_BOT
  << in  81 96 219 TLBDCLK2_BOT_BOT
  << in  81 96 219 TLBDCLK0_BOT_BOT
  << in  81 96 219 TRBDCLK1_BOT_BOT
  << in  81 96 219 BLBDCLK0_BOT_BOT
  << in  81 96 219 BRMDCLK1_BOT_BOT
  << in  81 96 219 BRBDCLK3_BOT_BOT
81 96 219 SPINE29
  << in  81 96 219 TLMDCLK0_BOT_BOT
  << in  81 96 219 TLBDCLK1_BOT_BOT
  << in  81 96 219 CBRIDGEOUT_TOP5_BOT
  << in  81 96 219 TLBDCLK2_BOT_BOT
  << in  81 96 219 TRBDCLK1_BOT_BOT
  << in  81 96 219 BLBDCLK0_BOT_BOT
  << in  81 96 219 CBRIDGEOUT_BOTTOM6_BOT
  << in  81 96 219 BRMDCLK1_BOT_BOT
  << in  81 96 219 BRBDCLK3_BOT_BOT
81 96 219 SPINE26
  << in  81 96 219 BLBDCLK1_BOT_BOT
  << in  81 96 219 BRBDCLK0_BOT_BOT
  << in  81 96 219 TLMDCLK1_BOT_BOT
  << in  81 96 219 TRBDCLK2_BOT_BOT
  << in  81 96 219 TLBDCLK3_BOT_BOT
  << in  81 96 219 BRMDCLK0_BOT_BOT
  << in  81 96 219 CBRIDGEOUT_TOP1_BOT
  << in  81 96 219 CBRIDGEOUT_BOTTOM2_BOT
  << in  81 96 219 BRBDCLK2_BOT_BOT
81 96 219 SPINE27
  << in  81 96 219 CBRIDGEOUT_BOTTOM1_BOT
  << in  81 96 219 BRBDCLK1_BOT_BOT
  << in  81 96 219 TRBDCLK3_BOT_BOT
  << in  81 96 219 TLBDCLK0_BOT_BOT
  << in  81 96 219 TRMDCLK1_BOT_BOT
  << in  81 96 219 BLBDCLK0_BOT_BOT
  << in  81 96 219 CBRIDGEOUT_TOP3_BOT
  << in  81 96 219 BLMDCLK0_BOT_BOT
  << in  81 96 219 BLBDCLK2_BOT_BOT
Create logic to clock gates. Half:0
141 26 181 125 TRBDCLK2_TOP
159 54 90 125 BLMDCLK1_TOP
153 53 0 126 BLBDCLK1_TOP
143 17 0 126 TLBDCLK1_TOP
160 54 91 125 BRMDCLK1_TOP
142 26 181 126 TRBDCLK3_TOP
151 44 0 126 BLBDCLK3_TOP
146 17 0 125 TLBDCLK0_TOP
144 26 0 125 TLBDCLK2_TOP
145 26 0 126 TLBDCLK3_TOP
158 45 90 125 BLMDCLK0_TOP
154 44 0 125 BLBDCLK2_TOP
161 27 90 125 TLMDCLK1_TOP
150 53 181 126 BRBDCLK1_TOP
156 9 90 125 TLMDCLK0_TOP
149 53 181 125 BRBDCLK0_TOP
148 44 181 126 BRBDCLK3_TOP
152 53 0 125 BLBDCLK0_TOP
147 44 181 125 BRBDCLK2_TOP
140 17 181 126 TRBDCLK1_TOP
155 9 91 125 TRMDCLK0_TOP
139 17 181 125 TRBDCLK0_TOP
162 27 91 125 TRMDCLK1_TOP
157 45 91 125 BRMDCLK0_TOP
Create logic to clock gates. Half:1
149 98 181 125 BRBDCLK0_BOT
145 71 0 126 TLBDCLK3_BOT
158 99 90 125 BLMDCLK0_BOT
160 108 91 125 BRMDCLK1_BOT
151 107 0 126 BLBDCLK3_BOT
161 81 90 125 TLMDCLK1_BOT
141 71 181 125 TRBDCLK2_BOT
140 62 181 126 TRBDCLK1_BOT
139 62 181 125 TRBDCLK0_BOT
144 71 0 125 TLBDCLK2_BOT
154 107 0 125 BLBDCLK2_BOT
156 63 90 125 TLMDCLK0_BOT
157 99 91 125 BRMDCLK0_BOT
143 62 0 126 TLBDCLK1_BOT
152 98 0 125 BLBDCLK0_BOT
153 98 0 126 BLBDCLK1_BOT
155 63 91 125 TRMDCLK0_BOT
162 81 91 125 TRMDCLK1_BOT
148 107 181 126 BRBDCLK3_BOT
159 108 90 125 BLMDCLK1_BOT
147 107 181 125 BRBDCLK2_BOT
146 62 0 125 TLBDCLK0_BOT
142 71 181 126 TRBDCLK3_BOT
150 98 181 126 BRBDCLK1_BOT
=== BUILD_END GW5AST-138C rc=0 2026-09-07T04:36:08Z
=== BUILD_START GW5A-25A 2026-09-07T04:36:08Z
warning: GW5A-25A: the device data of Gowin IDE 1.9.12.03 at /Applications/GowinIDE.app/Contents/Resources/Gowin_EDA carries no ADC description (Adc25kIns is absent or all -1); skipping ADC bel creation.
check 19199191
row too big 60 50 32 0 120 10000 3840
row too big 60 50 32 0 120 10000 3840
row too big 60 50 32 0 120 10000 3840
row too big 60 50 32 0 120 10000 3840
row too big 60 50 32 0 120 10000 3840
row too big 60 50 32 0 120 10000 3840
row too big 60 50 32 0 120 10000 3840
row too big 60 50 32 0 120 10000 3840
row too big 60 50 32 0 120 10000 3840
row too big 60 50 32 0 120 10000 3840
row too big 60 50 32 0 120 10000 3840
row too big 60 50 32 0 120 10000 3840
row too big 60 50 32 0 120 10000 3840
row too big 60 50 32 0 120 10000 3840
row too big 60 50 32 0 120 10000 3840
row too big 60 50 32 0 120 10000 3840
row too big 60 50 32 0 120 10000 3840
row too big 60 50 32 0 120 10000 3840
row too big 60 50 32 0 120 10000 3840
row too big 60 50 32 0 120 10000 3840
row too big 60 50 32 0 120 10000 3840
row too big 60 50 32 0 120 10000 3840
row too big 60 50 32 0 120 10000 3840
row too big 60 50 32 0 120 10000 3840
row too big 60 50 32 0 120 10000 3840
row too big 60 50 32 0 120 10000 3840
row too big 60 50 32 0 120 10000 3840
row too big 60 50 32 0 120 10000 3840
row too big 60 50 32 0 120 10000 3840
row too big 60 50 32 0 120 10000 3840
row too big 60 50 32 0 120 10000 3840
row too big 60 50 32 0 120 10000 3840
row too big 60 50 32 0 120 10000 3840
row too big 60 50 32 0 120 10000 3840
row too big 60 50 32 0 120 10000 3840
row too big 60 50 32 0 120 10000 3840
row too big 60 50 32 0 120 10000 3840
row too big 60 50 32 0 120 10000 3840
row too big 60 50 32 0 120 10000 3840
row too big 60 50 32 0 120 10000 3840
row too big 60 50 32 0 120 10000 3840
row too big 60 50 32 0 120 10000 3840
row too big 60 50 32 0 120 10000 3840
row too big 60 50 32 0 120 10000 3840
row too big 60 50 32 0 120 10000 3840
row too big 60 50 32 0 120 10000 3840
row too big 60 50 32 0 120 10000 3840
row too big 60 50 32 0 120 10000 3840
row too big 60 50 32 0 120 10000 3840
row too big 60 50 32 0 120 10000 3840
row too big 60 50 32 0 120 10000 3840
row too big 60 50 32 0 120 10000 3840
row too big 220 50 12 0 136 10000 1632
row too big 220 50 12 0 136 10000 1632
row too big 220 50 12 0 136 10000 1632
row too big 220 50 12 0 136 10000 1632
row too big 220 50 12 0 136 10000 1632
row too big 220 50 12 0 136 10000 1632
row too big 220 50 12 0 136 10000 1632
row too big 220 50 12 0 136 10000 1632
row too big 220 50 12 0 136 10000 1632
row too big 220 50 12 0 136 10000 1632
row too big 220 50 12 0 136 10000 1632
row too big 220 50 12 0 136 10000 1632
row too big 220 50 12 0 136 10000 1632
row too big 220 50 12 0 136 10000 1632
row too big 220 50 12 0 136 10000 1632
row too big 220 50 12 0 136 10000 1632
row too big 220 50 12 0 136 10000 1632
row too big 220 50 12 0 136 10000 1632
row too big 220 50 12 0 136 10000 1632
row too big 220 50 12 0 136 10000 1632
row too big 220 50 12 0 136 10000 1632
row too big 220 50 12 0 136 10000 1632
row too big 220 50 12 0 136 10000 1632
row too big 220 50 12 0 136 10000 1632
row too big 220 50 12 0 136 10000 1632
row too big 220 50 12 0 136 10000 1632
row too big 220 50 12 0 136 10000 1632
row too big 220 50 12 0 136 10000 1632
row too big 220 50 12 0 136 10000 1632
row too big 220 50 12 0 136 10000 1632
row too big 220 50 12 0 136 10000 1632
row too big 220 50 12 0 136 10000 1632
row too big 220 50 12 0 136 10000 1632
row too big 220 50 12 0 136 10000 1632
row too big 220 50 12 0 136 10000 1632
row too big 220 50 12 0 136 10000 1632
row too big 220 50 12 0 136 10000 1632
row too big 220 50 12 0 136 10000 1632
row too big 220 50 12 0 136 10000 1632
row too big 220 50 12 0 136 10000 1632
row too big 220 50 12 0 136 10000 1632
row too big 220 50 12 0 136 10000 1632
row too big 220 50 12 0 136 10000 1632
row too big 220 50 12 0 136 10000 1632
row too big 220 50 12 0 136 10000 1632
row too big 220 50 12 0 136 10000 1632
row too big 220 50 12 0 136 10000 1632
row too big 220 50 12 0 136 10000 1632
row too big 220 50 12 0 136 10000 1632
row too big 220 50 12 0 136 10000 1632
row too big 242 50 14 0 120 10000 1680
row too big 242 50 14 0 120 10000 1680
row too big 242 50 14 0 120 10000 1680
row too big 242 50 14 0 120 10000 1680
row too big 242 50 14 0 120 10000 1680
row too big 242 50 14 0 120 10000 1680
row too big 242 50 14 0 120 10000 1680
row too big 242 50 14 0 120 10000 1680
row too big 242 50 14 0 120 10000 1680
row too big 242 50 14 0 120 10000 1680
row too big 242 50 14 0 120 10000 1680
row too big 242 50 14 0 120 10000 1680
row too big 242 50 14 0 120 10000 1680
row too big 242 50 14 0 120 10000 1680
row too big 242 50 14 0 120 10000 1680
row too big 242 50 14 0 120 10000 1680
row too big 242 50 14 0 120 10000 1680
row too big 242 50 14 0 120 10000 1680
row too big 242 50 14 0 120 10000 1680
row too big 242 50 14 0 120 10000 1680
row too big 242 50 14 0 120 10000 1680
row too big 242 50 14 0 120 10000 1680
row too big 242 50 14 0 120 10000 1680
row too big 242 50 14 0 120 10000 1680
row too big 242 50 14 0 120 10000 1680
row too big 242 50 14 0 120 10000 1680
row too big 242 50 14 0 120 10000 1680
row too big 242 50 14 0 120 10000 1680
row too big 242 50 14 0 120 10000 1680
row too big 242 50 14 0 120 10000 1680
row too big 242 50 14 0 120 10000 1680
row too big 242 50 14 0 120 10000 1680
row too big 242 50 14 0 120 10000 1680
row too big 242 50 14 0 120 10000 1680
row too big 242 50 14 0 120 10000 1680
row too big 242 50 14 0 120 10000 1680
row too big 242 50 14 0 120 10000 1680
row too big 242 50 14 0 120 10000 1680
row too big 242 50 14 0 120 10000 1680
row too big 242 50 14 0 120 10000 1680
row too big 242 50 14 0 120 10000 1680
row too big 242 50 14 0 120 10000 1680
row too big 242 50 14 0 120 10000 1680
row too big 242 50 14 0 120 10000 1680
row too big 242 50 14 0 120 10000 1680
row too big 242 50 14 0 120 10000 1680
row too big 242 50 14 0 120 10000 1680
row too big 242 50 14 0 120 10000 1680
row too big 242 50 14 0 120 10000 1680
row too big 242 50 14 0 120 10000 1680
row too big 242 50 14 0 120 10000 1680
row too big 242 50 14 0 120 10000 1680
row too big 272 50 12 0 136 10000 1632
row too big 272 50 12 0 136 10000 1632
row too big 272 50 12 0 136 10000 1632
row too big 272 50 12 0 136 10000 1632
row too big 272 50 12 0 136 10000 1632
row too big 272 50 12 0 136 10000 1632
row too big 272 50 12 0 136 10000 1632
row too big 272 50 12 0 136 10000 1632
row too big 272 50 12 0 136 10000 1632
row too big 272 50 12 0 136 10000 1632
row too big 272 50 12 0 136 10000 1632
row too big 272 50 12 0 136 10000 1632
row too big 272 50 12 0 136 10000 1632
row too big 272 50 12 0 136 10000 1632
row too big 272 50 12 0 136 10000 1632
row too big 272 50 12 0 136 10000 1632
row too big 272 50 12 0 136 10000 1632
row too big 272 50 12 0 136 10000 1632
row too big 272 50 12 0 136 10000 1632
row too big 272 50 12 0 136 10000 1632
row too big 272 50 12 0 136 10000 1632
row too big 272 50 12 0 136 10000 1632
row too big 272 50 12 0 136 10000 1632
row too big 272 50 12 0 136 10000 1632
row too big 272 50 12 0 136 10000 1632
row too big 272 50 12 0 136 10000 1632
row too big 272 50 12 0 136 10000 1632
row too big 272 50 12 0 136 10000 1632
row too big 272 50 12 0 136 10000 1632
row too big 272 50 12 0 136 10000 1632
row too big 272 50 12 0 136 10000 1632
row too big 272 50 12 0 136 10000 1632
row too big 272 50 12 0 136 10000 1632
row too big 272 50 12 0 136 10000 1632
row too big 272 50 12 0 136 10000 1632
row too big 272 50 12 0 136 10000 1632
row too big 272 50 12 0 136 10000 1632
row too big 272 50 12 0 136 10000 1632
row too big 272 50 12 0 136 10000 1632
row too big 272 50 12 0 136 10000 1632
row too big 272 50 12 0 136 10000 1632
row too big 272 50 12 0 136 10000 1632
row too big 272 50 12 0 136 10000 1632
row too big 272 50 12 0 136 10000 1632
row too big 272 50 12 0 136 10000 1632
row too big 272 50 12 0 136 10000 1632
row too big 392 50 12 0 136 10000 1632
row too big 392 50 12 0 136 10000 1632
Create logic to clock gates. Half:0
139 20 91 125 BRBDCLK2
145 9 46 125 TRMDCLK0
142 20 0 126 BLBDCLK1
134 17 0 125 TLBDCLK1
140 21 91 125 BRBDCLK3
141 36 45 126 BLBDCLK0
144 21 0 125 BLBDCLK3
133 0 45 126 TLBDCLK0
132 18 91 126 TRBDCLK3
146 18 46 125 TRMDCLK1
136 18 0 126 TLBDCLK3
129 0 46 126 TRBDCLK0
131 18 91 125 TRBDCLK2
137 36 46 126 BRBDCLK0
143 20 0 125 BLBDCLK2
138 20 91 126 BRBDCLK1
135 18 0 125 TLBDCLK2
130 17 91 125 TRBDCLK1
No DHCEN for GW5A-25A for now.
=== BUILD_END GW5A-25A rc=0 2026-09-07T04:36:18Z
=== BUILD_START GW5AT-60B 2026-09-07T04:36:18Z
check 19199191
440 dict_keys(['height', 'width', 'wiresearch'])
441 dict_keys(['height', 'width', 'wiresearch'])
row too big 272 50 13 0 136 10000 1768
row too big 272 50 13 0 136 10000 1768
row too big 272 50 13 0 136 10000 1768
row too big 272 50 13 0 136 10000 1768
row too big 272 50 13 0 136 10000 1768
row too big 272 50 13 0 136 10000 1768
row too big 272 50 13 0 136 10000 1768
row too big 272 50 13 0 136 10000 1768
row too big 272 50 13 0 136 10000 1768
row too big 272 50 13 0 136 10000 1768
row too big 272 50 13 0 136 10000 1768
row too big 272 50 13 0 136 10000 1768
row too big 272 50 13 0 136 10000 1768
row too big 272 50 13 0 136 10000 1768
row too big 272 50 13 0 136 10000 1768
row too big 272 50 13 0 136 10000 1768
row too big 272 50 13 0 136 10000 1768
row too big 272 50 13 0 136 10000 1768
row too big 272 50 13 0 136 10000 1768
row too big 272 50 13 0 136 10000 1768
row too big 272 50 13 0 136 10000 1768
row too big 272 50 13 0 136 10000 1768
row too big 272 50 13 0 136 10000 1768
row too big 272 50 13 0 136 10000 1768
row too big 272 50 13 0 136 10000 1768
row too big 272 50 13 0 136 10000 1768
row too big 272 50 13 0 136 10000 1768
row too big 272 50 13 0 136 10000 1768
row too big 272 50 13 0 136 10000 1768
row too big 272 50 13 0 136 10000 1768
row too big 272 50 13 0 136 10000 1768
row too big 272 50 13 0 136 10000 1768
row too big 272 50 13 0 136 10000 1768
row too big 272 50 13 0 136 10000 1768
row too big 272 50 13 0 136 10000 1768
row too big 272 50 13 0 136 10000 1768
row too big 272 50 13 0 136 10000 1768
row too big 272 50 13 0 136 10000 1768
row too big 272 50 13 0 136 10000 1768
row too big 272 50 13 0 136 10000 1768
row too big 272 50 13 0 136 10000 1768
row too big 272 50 13 0 136 10000 1768
row too big 272 50 13 0 136 10000 1768
row too big 272 50 13 0 136 10000 1768
row too big 272 50 13 0 136 10000 1768
row too big 272 50 13 0 136 10000 1768
row too big 272 50 13 0 136 10000 1768
row too big 272 50 13 0 136 10000 1768
row too big 272 50 13 0 136 10000 1768
row too big 272 50 13 0 136 10000 1768
row too big 272 50 13 0 136 10000 1768
row too big 272 50 13 0 136 10000 1768
row too big 273 50 13 0 136 10000 1768
row too big 273 50 13 0 136 10000 1768
row too big 273 50 13 0 136 10000 1768
row too big 273 50 13 0 136 10000 1768
row too big 273 50 13 0 136 10000 1768
row too big 273 50 13 0 136 10000 1768
row too big 273 50 13 0 136 10000 1768
row too big 273 50 13 0 136 10000 1768
row too big 273 50 13 0 136 10000 1768
row too big 273 50 13 0 136 10000 1768
row too big 273 50 13 0 136 10000 1768
row too big 273 50 13 0 136 10000 1768
row too big 273 50 13 0 136 10000 1768
row too big 273 50 13 0 136 10000 1768
row too big 273 50 13 0 136 10000 1768
row too big 273 50 13 0 136 10000 1768
row too big 273 50 13 0 136 10000 1768
row too big 273 50 13 0 136 10000 1768
row too big 273 50 13 0 136 10000 1768
row too big 273 50 13 0 136 10000 1768
row too big 273 50 13 0 136 10000 1768
row too big 273 50 13 0 136 10000 1768
row too big 273 50 13 0 136 10000 1768
row too big 273 50 13 0 136 10000 1768
row too big 273 50 13 0 136 10000 1768
row too big 273 50 13 0 136 10000 1768
row too big 273 50 13 0 136 10000 1768
row too big 273 50 13 0 136 10000 1768
row too big 273 50 13 0 136 10000 1768
row too big 273 50 13 0 136 10000 1768
row too big 273 50 13 0 136 10000 1768
row too big 273 50 13 0 136 10000 1768
row too big 273 50 13 0 136 10000 1768
row too big 273 50 13 0 136 10000 1768
row too big 273 50 13 0 136 10000 1768
row too big 273 50 13 0 136 10000 1768
row too big 273 50 13 0 136 10000 1768
row too big 273 50 13 0 136 10000 1768
row too big 273 50 13 0 136 10000 1768
row too big 273 50 13 0 136 10000 1768
row too big 273 50 13 0 136 10000 1768
row too big 273 50 13 0 136 10000 1768
row too big 273 50 13 0 136 10000 1768
row too big 273 50 13 0 136 10000 1768
row too big 273 50 13 0 136 10000 1768
row too big 273 50 13 0 136 10000 1768
row too big 273 50 13 0 136 10000 1768
row too big 273 50 13 0 136 10000 1768
row too big 273 50 13 0 136 10000 1768
row too big 273 50 13 0 136 10000 1768
row too big 273 50 13 0 136 10000 1768
row too big 273 50 13 0 136 10000 1768
row too big 277 50 34 0 120 10000 4080
row too big 277 50 34 0 120 10000 4080
row too big 277 50 34 0 120 10000 4080
row too big 277 50 34 0 120 10000 4080
row too big 277 50 34 0 120 10000 4080
row too big 277 50 34 0 120 10000 4080
row too big 277 50 34 0 120 10000 4080
row too big 277 50 34 0 120 10000 4080
row too big 277 50 34 0 120 10000 4080
row too big 277 50 34 0 120 10000 4080
row too big 277 50 34 0 120 10000 4080
row too big 277 50 34 0 120 10000 4080
row too big 277 50 34 0 120 10000 4080
row too big 277 50 34 0 120 10000 4080
row too big 277 50 34 0 120 10000 4080
row too big 277 50 34 0 120 10000 4080
row too big 277 50 34 0 120 10000 4080
row too big 277 50 34 0 120 10000 4080
row too big 277 50 34 0 120 10000 4080
row too big 277 50 34 0 120 10000 4080
row too big 277 50 34 0 120 10000 4080
row too big 277 50 34 0 120 10000 4080
row too big 277 50 34 0 120 10000 4080
row too big 277 50 34 0 120 10000 4080
row too big 277 50 34 0 120 10000 4080
row too big 277 50 34 0 120 10000 4080
row too big 277 50 34 0 120 10000 4080
row too big 277 50 34 0 120 10000 4080
row too big 277 50 34 0 120 10000 4080
row too big 277 50 34 0 120 10000 4080
row too big 277 50 34 0 120 10000 4080
row too big 277 50 34 0 120 10000 4080
row too big 277 50 34 0 120 10000 4080
row too big 277 50 34 0 120 10000 4080
row too big 277 50 34 0 120 10000 4080
row too big 277 50 34 0 120 10000 4080
row too big 277 50 34 0 120 10000 4080
row too big 277 50 34 0 120 10000 4080
row too big 277 50 34 0 120 10000 4080
row too big 277 50 34 0 120 10000 4080
row too big 277 50 34 0 120 10000 4080
row too big 277 50 34 0 120 10000 4080
row too big 277 50 34 0 120 10000 4080
row too big 277 50 34 0 120 10000 4080
row too big 277 50 34 0 120 10000 4080
row too big 277 50 34 0 120 10000 4080
row too big 277 50 34 0 120 10000 4080
row too big 277 50 34 0 120 10000 4080
row too big 277 50 34 0 120 10000 4080
row too big 277 50 34 0 120 10000 4080
row too big 277 50 34 0 120 10000 4080
row too big 277 50 34 0 120 10000 4080
row too big 466 50 14 0 120 10000 1680
row too big 466 50 14 0 120 10000 1680
row too big 466 50 14 0 120 10000 1680
row too big 466 50 14 0 120 10000 1680
row too big 466 50 14 0 120 10000 1680
row too big 466 50 14 0 120 10000 1680
row too big 466 50 14 0 120 10000 1680
row too big 466 50 14 0 120 10000 1680
row too big 466 50 14 0 120 10000 1680
row too big 466 50 14 0 120 10000 1680
row too big 466 50 14 0 120 10000 1680
row too big 466 50 14 0 120 10000 1680
row too big 466 50 14 0 120 10000 1680
row too big 466 50 14 0 120 10000 1680
row too big 466 50 14 0 120 10000 1680
row too big 466 50 14 0 120 10000 1680
row too big 466 50 14 0 120 10000 1680
row too big 466 50 14 0 120 10000 1680
row too big 466 50 14 0 120 10000 1680
row too big 466 50 14 0 120 10000 1680
row too big 466 50 14 0 120 10000 1680
row too big 466 50 14 0 120 10000 1680
row too big 466 50 14 0 120 10000 1680
row too big 466 50 14 0 120 10000 1680
row too big 466 50 14 0 120 10000 1680
row too big 466 50 14 0 120 10000 1680
row too big 466 50 14 0 120 10000 1680
row too big 466 50 14 0 120 10000 1680
row too big 466 50 14 0 120 10000 1680
row too big 466 50 14 0 120 10000 1680
row too big 466 50 14 0 120 10000 1680
row too big 466 50 14 0 120 10000 1680
row too big 466 50 14 0 120 10000 1680
row too big 466 50 14 0 120 10000 1680
row too big 466 50 14 0 120 10000 1680
row too big 466 50 14 0 120 10000 1680
row too big 466 50 14 0 120 10000 1680
row too big 466 50 14 0 120 10000 1680
row too big 466 50 14 0 120 10000 1680
row too big 466 50 14 0 120 10000 1680
row too big 466 50 14 0 120 10000 1680
row too big 466 50 14 0 120 10000 1680
row too big 466 50 14 0 120 10000 1680
row too big 466 50 14 0 120 10000 1680
row too big 466 50 14 0 120 10000 1680
row too big 466 50 14 0 120 10000 1680
row too big 466 50 14 0 120 10000 1680
row too big 466 50 14 0 120 10000 1680
row too big 466 50 14 0 120 10000 1680
row too big 466 50 14 0 120 10000 1680
row too big 466 50 14 0 120 10000 1680
row too big 466 50 14 0 120 10000 1680
row too big 472 50 34 0 120 10000 4080
row too big 472 50 34 0 120 10000 4080
row too big 472 50 34 0 120 10000 4080
row too big 472 50 34 0 120 10000 4080
row too big 472 50 34 0 120 10000 4080
row too big 472 50 34 0 120 10000 4080
row too big 472 50 34 0 120 10000 4080
row too big 472 50 34 0 120 10000 4080
row too big 472 50 34 0 120 10000 4080
row too big 472 50 34 0 120 10000 4080
row too big 472 50 34 0 120 10000 4080
row too big 472 50 34 0 120 10000 4080
row too big 472 50 34 0 120 10000 4080
row too big 472 50 34 0 120 10000 4080
row too big 472 50 34 0 120 10000 4080
row too big 472 50 34 0 120 10000 4080
row too big 472 50 34 0 120 10000 4080
row too big 472 50 34 0 120 10000 4080
row too big 472 50 34 0 120 10000 4080
row too big 472 50 34 0 120 10000 4080
row too big 472 50 34 0 120 10000 4080
row too big 472 50 34 0 120 10000 4080
row too big 472 50 34 0 120 10000 4080
row too big 472 50 34 0 120 10000 4080
row too big 472 50 34 0 120 10000 4080
row too big 472 50 34 0 120 10000 4080
row too big 472 50 34 0 120 10000 4080
row too big 472 50 34 0 120 10000 4080
row too big 472 50 34 0 120 10000 4080
row too big 472 50 34 0 120 10000 4080
row too big 472 50 34 0 120 10000 4080
row too big 472 50 34 0 120 10000 4080
row too big 472 50 34 0 120 10000 4080
row too big 472 50 34 0 120 10000 4080
row too big 472 50 34 0 120 10000 4080
row too big 472 50 34 0 120 10000 4080
row too big 472 50 34 0 120 10000 4080
row too big 472 50 34 0 120 10000 4080
row too big 472 50 34 0 120 10000 4080
row too big 472 50 34 0 120 10000 4080
row too big 472 50 34 0 120 10000 4080
row too big 472 50 34 0 120 10000 4080
row too big 472 50 34 0 120 10000 4080
row too big 472 50 34 0 120 10000 4080
row too big 472 50 34 0 120 10000 4080
row too big 472 50 34 0 120 10000 4080
row too big 472 50 34 0 120 10000 4080
row too big 472 50 34 0 120 10000 4080
row too big 472 50 34 0 120 10000 4080
row too big 472 50 34 0 120 10000 4080
row too big 472 50 34 0 120 10000 4080
row too big 472 50 34 0 120 10000 4080
No clocks for GW5AT-60B for now.
Create logic to clock gates. Half:0
No DHCEN for GW5AT-60B for now.
=== BUILD_END GW5AT-60B rc=0 2026-09-07T04:36:27Z
=== BUILD_START GW1N-9C 2026-09-07T04:36:27Z
dyld[29959]: Library not loaded: @rpath/libGWTE.dylib
  Referenced from: <444D89BC-6B74-3F2E-BAB6-1BFC716A7E6A> /Applications/GowinIDE.app/Contents/Resources/Gowin_EDA/IDE/bin/gw_sh
  Reason: tried: '$ORIGIN:$ORIGIN/../lib/libGWTE.dylib' (no such file), '$ORIGIN:$ORIGIN/../lib/libGWTE.dylib' (no such file), '/usr/local/lib/libGWTE.dylib' (no such file), '/usr/lib/libGWTE.dylib' (no such file, not in dyld cache)
Traceback (most recent call last):
  File "<frozen runpy>", line 203, in _run_module_as_main
  File "<frozen runpy>", line 88, in _run_code
  File "/Users/alex/fine-line/.atelier/worktrees/2026-09-03-open-toolchain-gw5ast-7e84/apicula-wt/ae350-e0-138c/apycula/chipdb_builder.py", line 475, in <module>
    main()
    ~~~~^^
  File "/Users/alex/fine-line/.atelier/worktrees/2026-09-03-open-toolchain-gw5ast-7e84/apicula-wt/ae350-e0-138c/apycula/chipdb_builder.py", line 464, in main
    pinmap = run_sdram_script(db, device_args["pins"], device_args["device"], device_args["package"], device_args["partnumber"])
  File "/Users/alex/fine-line/.atelier/worktrees/2026-09-03-open-toolchain-gw5ast-7e84/apicula-wt/ae350-e0-138c/apycula/chipdb_builder.py", line 365, in run_sdram_script
    iter_pinout = find_pins(db, pnr, trace_args)
  File "/Users/alex/fine-line/.atelier/worktrees/2026-09-03-open-toolchain-gw5ast-7e84/apicula-wt/ae350-e0-138c/apycula/chipdb_builder.py", line 282, in find_pins
    tiles = chipdb.tile_bitmap(db, pnr_result.bitmap)
                                   ^^^^^^^^^^^^^^^^^
AttributeError: 'NoneType' object has no attribute 'bitmap'
check 19199191
Create logic to clock gates. Half:0
129 0 28 124 TRBDCLK0
136 0 27 124 TLBDCLK0
141 28 27 125 BLBDCLK3
132 9 46 125 TRBDCLK3
137 28 28 124 BRBDCLK2
139 10 46 126 BRBDCLK0
144 28 27 124 BLBDCLK2
150 27 19 126 BRMDCLK1
151 9 27 126 TLMDCLK1
149 27 18 126 BLMDCLK1
131 9 46 124 TRBDCLK2
143 11 0 126 BLBDCLK1
142 10 0 126 BLBDCLK0
138 28 28 125 BRBDCLK3
147 18 19 126 BRMDCLK0
133 0 27 125 TLBDCLK1
134 9 0 124 TLBDCLK2
135 9 0 125 TLBDCLK3
140 11 46 126 BRBDCLK1
130 0 28 125 TRBDCLK1
152 9 28 126 TRMDCLK1
148 18 18 126 BLMDCLK0
ERROR /var/folders/5j/hh8kd_655x15s1s865qsp5n00000gn/T/tmp7wjhwdmg
=== BUILD_END GW1N-9C rc=1 2026-09-07T04:36:29Z
