DIFF tile (1,1) bel 0: cell vendor=DFF open=<absent>
DIFF_COUNT cells=134248 attrs=148339 conns=553776
PIPS diff=1956307 (statistic, never a verdict term)
PER_TILE (0,0) cells=0 attrs=0 conns=2
PER_TILE (0,1) cells=0 attrs=0 conns=2
PER_TILE (0,3) cells=0 attrs=0 conns=2
PER_TILE (0,5) cells=0 attrs=0 conns=2
PER_TILE (0,7) cells=0 attrs=0 conns=2
PER_TILE (0,10) cells=0 attrs=0 conns=2
PER_TILE (0,12) cells=0 attrs=0 conns=2
PER_TILE (0,14) cells=0 attrs=0 conns=2
PER_TILE (0,16) cells=0 attrs=0 conns=2
PER_TILE (0,19) cells=0 attrs=0 conns=2
PER_TILE (0,21) cells=0 attrs=0 conns=2
PER_TILE (0,23) cells=0 attrs=0 conns=2
PER_TILE (0,25) cells=0 attrs=0 conns=2
PER_TILE (0,28) cells=0 attrs=0 conns=2
PER_TILE (0,30) cells=0 attrs=0 conns=2
PER_TILE (0,32) cells=0 attrs=0 conns=2
PER_TILE (0,34) cells=0 attrs=0 conns=2
PER_TILE (0,37) cells=0 attrs=0 conns=2
PER_TILE (0,39) cells=0 attrs=0 conns=2
PER_TILE (0,41) cells=0 attrs=0 conns=2
PER_TILE (0,43) cells=0 attrs=0 conns=2
PER_TILE (0,46) cells=0 attrs=0 conns=2
PER_TILE (0,48) cells=0 attrs=0 conns=2
PER_TILE (0,50) cells=0 attrs=0 conns=2
PER_TILE (0,52) cells=0 attrs=0 conns=2
PER_TILE (0,54) cells=0 attrs=0 conns=2
PER_TILE (0,55) cells=0 attrs=0 conns=2
PER_TILE (0,57) cells=0 attrs=0 conns=2
PER_TILE (0,59) cells=0 attrs=0 conns=2
PER_TILE (0,61) cells=0 attrs=0 conns=2
PER_TILE (0,64) cells=0 attrs=0 conns=2
PER_TILE (0,66) cells=0 attrs=0 conns=2
PER_TILE (0,68) cells=0 attrs=0 conns=2
PER_TILE (0,70) cells=0 attrs=0 conns=2
PER_TILE (0,72) cells=0 attrs=0 conns=2
PER_TILE (0,73) cells=0 attrs=0 conns=2
PER_TILE (0,75) cells=0 attrs=0 conns=2
PER_TILE (0,77) cells=0 attrs=0 conns=2
PER_TILE (0,79) cells=0 attrs=0 conns=2
PER_TILE (0,82) cells=0 attrs=0 conns=2
PER_TILE (0,84) cells=0 attrs=0 conns=2
PER_TILE (0,86) cells=0 attrs=0 conns=2
PER_TILE (0,88) cells=0 attrs=0 conns=2
PER_TILE (0,91) cells=0 attrs=0 conns=2
PER_TILE (0,93) cells=0 attrs=0 conns=2
PER_TILE (0,95) cells=0 attrs=0 conns=2
PER_TILE (0,97) cells=0 attrs=0 conns=2
PER_TILE (0,100) cells=0 attrs=0 conns=2
PER_TILE (0,102) cells=0 attrs=0 conns=2
PER_TILE (0,104) cells=0 attrs=0 conns=2
PER_TILE (0,106) cells=0 attrs=0 conns=2
PER_TILE (0,108) cells=0 attrs=0 conns=2
PER_TILE (1,1) cells=8 attrs=8 conns=32
PER_TILE (1,2) cells=8 attrs=8 conns=32
PER_TILE (1,3) cells=8 attrs=8 conns=32
PER_TILE (1,4) cells=8 attrs=8 conns=32
PER_TILE (1,5) cells=8 attrs=8 conns=32
DIFF_COUNT cells=134248 attrs=148339 conns=553776
RESIDUAL_UNEXPLAINED entries=2 bits=658 bytes=0
  UNEXPLAINED io_used_pin_config bits=348 bytes=0 tiles=166 :: IOBA/IOBB longval fuses of an IOB site at least one side DID instantiate: spec-harness.md 5.3 row 6 masks the IO default only on 'pins used by neither design', so a difference here is a difference in the configuration of a used pin and is NEVER masked -- this is the PR #423 overheating defect class the row names by hand
  UNEXPLAINED io_nondefault_config bits=310 bytes=0 tiles=154 :: IOBA/IOBB longval fuses reachable by a DRIVE or PULLMODE attribute value: spec-harness.md 5.3 row 6 masks the IO default 'only when both sides carry a defaulted value', and these bits are not a defaulted value. A difference in the default itself is never masked (the PR #423 bank/drive-strength class)
  GAP unmodelled_config_fuse bits=53 bytes=0 tiles=13 owner=device-configuration fuses apicula models no cell for; owned by W-CLOCKING (Phase 1) and W-IO (Phase 3) :: differing bits owned by a device-configuration fuse group (CFG, 5A_PCLK_ENABLE_*, an unnamed shortval table) or by no chipdb group at all, inside the central clock spine or the bottom configuration row: apicula models no cell for them, so they are a NAMED GAP carried to the clocking (Phase 1) and IO (Phase 3) workstreams -- enumerated here, never masked
  GAP extra_command_words bits=0 bytes=20 tiles=0 owner=bitstream command/preamble words one packer emits and the other does not; owned by W-DELIVER (Phase 8) bitstream framing :: whole command/preamble words one side emits and the other does not, outside the fuse bitmap and outside the `//` comment block, so neither the header-words nor the CRC mask entry covers them
  ACCOUNTED set_level_diff bits=10167 bytes=0 tiles=195 mask_entry=None
  ACCOUNTED vendor_only_fill bits=4685 bytes=0 tiles=116 mask_entry=unused_tile_fill
  ACCOUNTED net_route bits=3891559 bytes=0 tiles=17537 mask_entry=net_route
  ACCOUNTED io_default_unused_pins bits=8 bytes=0 tiles=3 mask_entry=io_default_unused_pins
  ACCOUNTED comment_header bits=0 bytes=634 tiles=0 mask_entry=header_words
DECODE_CHECK c1=mismatch c2=ok (c1 recovered 2039/2111 placed cells, 6 not fuse-backed; c2 0 differing bytes of 4147478)
MASK sha256=59147bfc633e10c5c1f4875bef6cf0cf9b76f8d58868ffc084f8c252557a1ec0 entries=6 [header_words,crc_checksum_padding,unused_tile_fill,free_placement,net_route,io_default_unused_pins]
CALIBRATION FAIL top: 836370 diffs enumerated, 2 unexplained
