=== p3-oddr-iddr-b
p3-oddr-iddr-b-io_basic-0000 ok
p3-oddr-iddr-b-io_basic-0001 ok
p3-oddr-iddr-b-io_basic-0002 ok
p3-oddr-iddr-b-io_basic-0003 diff
p3-oddr-iddr-b-io_basic-0004 diff
p3-oddr-iddr-b-io_basic-0005 diff
rewrote /Users/alex/fine-line/.atelier/worktrees/2026-09-03-open-toolchain-gw5ast-7e84/open-toolchain/evidence/_runs/p3-oddr-iddr-b.rows.jsonl
=== p3-oser-b
p3-oser-b-io_ser-0000        ok
p3-oser-b-io_ser-0001        ok
p3-oser-b-io_ser-0002        ok
p3-oser-b-io_ser-0003        ok
p3-oser-b-io_ser-0004        ok
p3-oser-b-io_ser-0005        ok
rewrote /Users/alex/fine-line/.atelier/worktrees/2026-09-03-open-toolchain-gw5ast-7e84/open-toolchain/evidence/_runs/p3-oser-b.rows.jsonl
=== p3-ides
p3-ides-io_des-0000          diff
p3-ides-io_des-0001          diff
p3-ides-io_des-0002          ok
p3-ides-io_des-0003          diff
p3-ides-io_des-0004          diff
p3-ides-io_des-0005          diff
rewrote /Users/alex/fine-line/.atelier/worktrees/2026-09-03-open-toolchain-gw5ast-7e84/open-toolchain/evidence/_runs/p3-ides.rows.jsonl
REDO_COMPLETE rc=0
