18:43:32 BATCH_START batch=p3-iodelay-a shape=iodelay_a level=E1 pid=22052 design_dir=/Users/alex/fine-line-data/open-toolchain-gw5ast/p3t21b
18:44:16 BATCH_HEAD selftest --inject-one-fuse: ok
18:44:31 BATCH_HEAD selftest --unpacker-completeness: ok
18:44:31 BATCH_HEAD selftest --probe-mask-classes: ok
18:44:32 BATCH_HEAD gw_sh pre-flight: ok
18:44:32 BATCH_CHIPDB batch=p3-iodelay-a sha256=3df1431840852dbdb9f22953c584927d7f3e5bf259f902ff7cd8be5b53c82d18
18:44:32 BATCH_SIZE batch_runs=867 source=/Users/alex/fine-line/.atelier/worktrees/2026-09-03-open-toolchain-gw5ast-7e84/apicula-wt/open-toolchain/evidence/calibration/measured-budget.md parallelism=1 (this batch: 28 run ids)
18:44:32 BATCH_RESUME batch=p3-iodelay-a planned=28 already_terminal=0
18:44:32 RUN_START p3-iodelay-a-iodelay_a-0000 sweep='c-static-dly-0'
18:46:04 RUN_DONE p3-iodelay-a-iodelay_a-0000 verdict=diff
18:46:04 RUN_START p3-iodelay-a-iodelay_a-0001 sweep='c-static-dly-1'
18:48:25 RUN_DONE p3-iodelay-a-iodelay_a-0001 verdict=diff
18:48:25 RUN_START p3-iodelay-a-iodelay_a-0002 sweep='c-static-dly-3'
18:50:07 RUN_DONE p3-iodelay-a-iodelay_a-0002 verdict=diff
18:50:07 RUN_START p3-iodelay-a-iodelay_a-0003 sweep='c-static-dly-2'
18:53:04 RUN_DONE p3-iodelay-a-iodelay_a-0003 verdict=diff
18:53:04 RUN_START p3-iodelay-a-iodelay_a-0004 sweep='c-static-dly-6'
18:56:53 RUN_DONE p3-iodelay-a-iodelay_a-0004 verdict=diff
18:56:53 RUN_START p3-iodelay-a-iodelay_a-0005 sweep='c-static-dly-4'
19:08:09 RUN_DONE p3-iodelay-a-iodelay_a-0005 verdict=diff
19:08:09 RUN_START p3-iodelay-a-iodelay_a-0006 sweep='c-static-dly-12'
19:12:32 RUN_DONE p3-iodelay-a-iodelay_a-0006 verdict=diff
19:12:32 RUN_START p3-iodelay-a-iodelay_a-0007 sweep='c-static-dly-8'
19:17:29 RUN_DONE p3-iodelay-a-iodelay_a-0007 verdict=diff
19:17:29 RUN_START p3-iodelay-a-iodelay_a-0008 sweep='c-static-dly-24'
19:23:50 RUN_DONE p3-iodelay-a-iodelay_a-0008 verdict=diff
19:23:50 RUN_START p3-iodelay-a-iodelay_a-0009 sweep='c-static-dly-16'
19:26:03 RUN_DONE p3-iodelay-a-iodelay_a-0009 verdict=diff
19:26:03 RUN_START p3-iodelay-a-iodelay_a-0010 sweep='c-static-dly-48'
19:28:38 RUN_DONE p3-iodelay-a-iodelay_a-0010 verdict=diff
19:28:39 RUN_START p3-iodelay-a-iodelay_a-0011 sweep='c-static-dly-32'
19:30:28 RUN_DONE p3-iodelay-a-iodelay_a-0011 verdict=diff
19:30:28 RUN_START p3-iodelay-a-iodelay_a-0012 sweep='c-static-dly-96'
19:32:54 RUN_DONE p3-iodelay-a-iodelay_a-0012 verdict=diff
19:32:54 RUN_START p3-iodelay-a-iodelay_a-0013 sweep='c-static-dly-64'
19:36:06 RUN_DONE p3-iodelay-a-iodelay_a-0013 verdict=diff
19:36:07 RUN_START p3-iodelay-a-iodelay_a-0014 sweep='c-static-dly-192'
19:36:47 RUN_DONE p3-iodelay-a-iodelay_a-0014 verdict=aborted
19:36:47 RUN_START p3-iodelay-a-iodelay_a-0015 sweep='c-static-dly-128'
19:37:26 RUN_DONE p3-iodelay-a-iodelay_a-0015 verdict=aborted
19:37:26 RUN_START p3-iodelay-a-iodelay_a-0016 sweep='c-static-dly-129'
19:38:09 RUN_DONE p3-iodelay-a-iodelay_a-0016 verdict=aborted
19:38:09 RUN_START p3-iodelay-a-iodelay_a-0017 sweep='c-static-dly-131'
19:38:45 RUN_DONE p3-iodelay-a-iodelay_a-0017 verdict=aborted
19:38:45 RUN_START p3-iodelay-a-iodelay_a-0018 sweep='c-static-dly-130'
19:39:04 RUN_DONE p3-iodelay-a-iodelay_a-0018 verdict=aborted
19:39:04 RUN_START p3-iodelay-a-iodelay_a-0019 sweep='c-static-dly-134'
19:39:39 RUN_DONE p3-iodelay-a-iodelay_a-0019 verdict=aborted
19:39:40 RUN_START p3-iodelay-a-iodelay_a-0020 sweep='c-static-dly-132'
19:40:11 RUN_DONE p3-iodelay-a-iodelay_a-0020 verdict=aborted
19:40:12 RUN_START p3-iodelay-a-iodelay_a-0021 sweep='c-static-dly-140'
19:40:53 RUN_DONE p3-iodelay-a-iodelay_a-0021 verdict=aborted
19:40:53 RUN_START p3-iodelay-a-iodelay_a-0022 sweep='c-static-dly-136'
19:41:43 RUN_DONE p3-iodelay-a-iodelay_a-0022 verdict=aborted
19:41:43 RUN_START p3-iodelay-a-iodelay_a-0023 sweep='c-static-dly-152'
19:42:40 RUN_DONE p3-iodelay-a-iodelay_a-0023 verdict=aborted
19:42:40 RUN_START p3-iodelay-a-iodelay_a-0024 sweep='dyn-dly-en-true'
19:43:20 RUN_DONE p3-iodelay-a-iodelay_a-0024 verdict=aborted
19:43:20 RUN_START p3-iodelay-a-iodelay_a-0025 sweep='dyn-dly-en-false'
19:48:20 RUN_DONE p3-iodelay-a-iodelay_a-0025 verdict=diff
19:48:21 RUN_START p3-iodelay-a-iodelay_a-0026 sweep='adapt-en-true'
19:48:55 RUN_DONE p3-iodelay-a-iodelay_a-0026 verdict=aborted
19:48:55 RUN_START p3-iodelay-a-iodelay_a-0027 sweep='adapt-en-false'
19:51:53 RUN_DONE p3-iodelay-a-iodelay_a-0027 verdict=diff
19:51:53 BATCH_SKIPPED batch=p3-iodelay-a n=0 refused=0 rows=/Users/alex/fine-line/.atelier/worktrees/2026-09-03-open-toolchain-gw5ast-7e84/apicula-wt/open-toolchain/evidence/_runs/p3-iodelay-a.rows.jsonl
BATCH_COMPLETE p3-iodelay-a runs=28 ok=0 diff=16 aborted=12
