15:33:18 BATCH_START batch=p3-ides shape=io_des level=E1 pid=61499 design_dir=/Users/alex/fine-line-data/open-toolchain-gw5ast/p3t14
15:34:00 BATCH_HEAD selftest --inject-one-fuse: ok
15:34:13 BATCH_HEAD selftest --unpacker-completeness: ok
15:34:14 BATCH_HEAD selftest --probe-mask-classes: ok
15:34:14 BATCH_HEAD gw_sh pre-flight: ok
15:34:14 BATCH_CHIPDB batch=p3-ides sha256=3df1431840852dbdb9f22953c584927d7f3e5bf259f902ff7cd8be5b53c82d18
15:34:14 BATCH_SIZE batch_runs=867 source=/Users/alex/fine-line/.atelier/worktrees/2026-09-03-open-toolchain-gw5ast-7e84/apicula-wt/open-toolchain/evidence/calibration/measured-budget.md parallelism=1 (this batch: 6 run ids)
15:34:14 BATCH_RESUME batch=p3-ides planned=6 already_terminal=0
15:34:14 RUN_START p3-ides-io_des-0000 sweep='ides4-reset-pad'
15:36:05 RUN_DONE p3-ides-io_des-0000 verdict=diff
15:36:05 RUN_START p3-ides-io_des-0001 sweep='ides4-reset-tied'
15:37:54 RUN_DONE p3-ides-io_des-0001 verdict=diff
15:37:54 RUN_START p3-ides-io_des-0002 sweep='ides8-reset-pad'
15:39:43 RUN_DONE p3-ides-io_des-0002 verdict=diff
15:39:43 RUN_START p3-ides-io_des-0003 sweep='ides8-reset-tied'
15:41:43 RUN_DONE p3-ides-io_des-0003 verdict=diff
15:41:43 RUN_START p3-ides-io_des-0004 sweep='ides10-reset-pad'
15:43:59 RUN_DONE p3-ides-io_des-0004 verdict=diff
15:43:59 RUN_START p3-ides-io_des-0005 sweep='ides10-reset-tied'
15:46:19 RUN_DONE p3-ides-io_des-0005 verdict=diff
15:46:19 BATCH_SKIPPED batch=p3-ides n=0 refused=0 rows=/Users/alex/fine-line/.atelier/worktrees/2026-09-03-open-toolchain-gw5ast-7e84/apicula-wt/open-toolchain/evidence/_runs/p3-ides.rows.jsonl
BATCH_COMPLETE p3-ides runs=6 ok=0 diff=6 aborted=0
