BATCH_START batch=p3-iodelay-b shape=iodelay_a_balls level=E1 pid=83465 design_dir=/Users/alex/fine-line-data/open-toolchain-gw5ast/p3t22b
SELFTEST ok: 1 difference reported, 0 spurious
BATCH_HEAD selftest --inject-one-fuse: ok
COMPLETENESS ok: 0 unattributed tiles, 0 missing cells
BATCH_HEAD selftest --unpacker-completeness: ok
MASKPROBE ok: 6 classes probed, 6 reported
BATCH_HEAD selftest --probe-mask-classes: ok
BATCH_HEAD gw_sh pre-flight: ok
BATCH_CHIPDB batch=p3-iodelay-b sha256=9c890f1a8744df7ed7010701f156303f34ecab73446ebea044c6f6bcb8eacfad
BATCH_SIZE batch_runs=867 source=/Users/alex/fine-line/.atelier/worktrees/2026-09-03-open-toolchain-gw5ast-7e84/apicula-wt/open-toolchain/evidence/calibration/measured-budget.md parallelism=1 (this batch: 2 run ids)
BATCH_RESUME batch=p3-iodelay-b planned=2 already_terminal=0
RUN_START p3-iodelay-b-iodelay_a_balls-0000 sweep='c-static-dly-0'
Unknown attr name for table: IOLOGIC code:132
Unknown attr name for table: IOLOGIC code:134
RUN_DONE p3-iodelay-b-iodelay_a_balls-0000 verdict=diff
RUN_START p3-iodelay-b-iodelay_a_balls-0001 sweep='c-static-dly-128'
Unknown attr name for table: IOLOGIC code:132
Unknown attr name for table: IOLOGIC code:134
RUN_DONE p3-iodelay-b-iodelay_a_balls-0001 verdict=diff
BATCH_SKIPPED batch=p3-iodelay-b n=0 refused=0 rows=/Users/alex/fine-line/.atelier/worktrees/2026-09-03-open-toolchain-gw5ast-7e84/apicula-wt/open-toolchain/evidence/_runs/p3-iodelay-b.rows.jsonl
BATCH_COMPLETE p3-iodelay-b runs=2 ok=0 diff=2 aborted=0
