BATCH_START batch=p3-oddr-iddr shape=io_basic level=E1 pid=57644 design_dir=/Users/alex/fine-line-data/open-toolchain-gw5ast/p3t12
SELFTEST ok: 1 difference reported, 0 spurious
BATCH_HEAD selftest --inject-one-fuse: ok
COMPLETENESS ok: 0 unattributed tiles, 0 missing cells
BATCH_HEAD selftest --unpacker-completeness: ok
MASKPROBE ok: 6 classes probed, 6 reported
BATCH_HEAD selftest --probe-mask-classes: ok
BATCH_HEAD gw_sh pre-flight: ok
BATCH_CHIPDB batch=p3-oddr-iddr sha256=9cce739de58353640475b07c838b37dceb68ea63c3fc22f0d42e093116c7f33a
BATCH_SIZE batch_runs=867 source=/Users/alex/fine-line/.atelier/worktrees/2026-09-03-open-toolchain-gw5ast-7e84/open-toolchain/evidence/calibration/measured-budget.md parallelism=1 (this batch: 6 run ids)
BATCH_RESUME batch=p3-oddr-iddr planned=6 already_terminal=0
RUN_START p3-oddr-iddr-io_basic-0000 sweep='oddr-default'
RUN_DONE p3-oddr-iddr-io_basic-0000 verdict=diff
RUN_START p3-oddr-iddr-io_basic-0001 sweep='oddr-txclk-pol'
RUN_DONE p3-oddr-iddr-io_basic-0001 verdict=diff
RUN_START p3-oddr-iddr-io_basic-0002 sweep='oddr-init'
RUN_DONE p3-oddr-iddr-io_basic-0002 verdict=diff
RUN_START p3-oddr-iddr-io_basic-0003 sweep='iddr-default'
RUN_DONE p3-oddr-iddr-io_basic-0003 verdict=diff
RUN_START p3-oddr-iddr-io_basic-0004 sweep='iddr-q0-init'
RUN_DONE p3-oddr-iddr-io_basic-0004 verdict=diff
RUN_START p3-oddr-iddr-io_basic-0005 sweep='iddr-q1-init'
RUN_DONE p3-oddr-iddr-io_basic-0005 verdict=diff
BATCH_SKIPPED batch=p3-oddr-iddr n=0 refused=0 rows=/Users/alex/fine-line/.atelier/worktrees/2026-09-03-open-toolchain-gw5ast-7e84/open-toolchain/evidence/_runs/p3-oddr-iddr.rows.jsonl
BATCH_COMPLETE p3-oddr-iddr runs=6 ok=0 diff=6 aborted=0
