11:35:43 BATCH_START batch=p3-oddr-iddr shape=io_basic level=E1 pid=57644 design_dir=/Users/alex/fine-line-data/open-toolchain-gw5ast/p3t12
11:36:25 BATCH_HEAD selftest --inject-one-fuse: ok
11:36:39 BATCH_HEAD selftest --unpacker-completeness: ok
11:36:40 BATCH_HEAD selftest --probe-mask-classes: ok
11:36:41 BATCH_HEAD gw_sh pre-flight: ok
11:36:41 BATCH_CHIPDB batch=p3-oddr-iddr sha256=9cce739de58353640475b07c838b37dceb68ea63c3fc22f0d42e093116c7f33a
11:36:41 BATCH_SIZE batch_runs=867 source=/Users/alex/fine-line/.atelier/worktrees/2026-09-03-open-toolchain-gw5ast-7e84/open-toolchain/evidence/calibration/measured-budget.md parallelism=1 (this batch: 6 run ids)
11:36:41 BATCH_RESUME batch=p3-oddr-iddr planned=6 already_terminal=0
11:36:41 RUN_START p3-oddr-iddr-io_basic-0000 sweep='oddr-default'
11:38:14 RUN_DONE p3-oddr-iddr-io_basic-0000 verdict=diff
11:38:14 RUN_START p3-oddr-iddr-io_basic-0001 sweep='oddr-txclk-pol'
11:39:49 RUN_DONE p3-oddr-iddr-io_basic-0001 verdict=diff
11:39:50 RUN_START p3-oddr-iddr-io_basic-0002 sweep='oddr-init'
11:41:24 RUN_DONE p3-oddr-iddr-io_basic-0002 verdict=diff
11:41:24 RUN_START p3-oddr-iddr-io_basic-0003 sweep='iddr-default'
11:43:32 RUN_DONE p3-oddr-iddr-io_basic-0003 verdict=diff
11:43:32 RUN_START p3-oddr-iddr-io_basic-0004 sweep='iddr-q0-init'
11:45:13 RUN_DONE p3-oddr-iddr-io_basic-0004 verdict=diff
11:45:13 RUN_START p3-oddr-iddr-io_basic-0005 sweep='iddr-q1-init'
11:46:57 RUN_DONE p3-oddr-iddr-io_basic-0005 verdict=diff
11:46:57 BATCH_SKIPPED batch=p3-oddr-iddr n=0 refused=0 rows=/Users/alex/fine-line/.atelier/worktrees/2026-09-03-open-toolchain-gw5ast-7e84/open-toolchain/evidence/_runs/p3-oddr-iddr.rows.jsonl
BATCH_COMPLETE p3-oddr-iddr runs=6 ok=0 diff=6 aborted=0
