BATCH_START batch=p3-oser-b shape=io_ser level=E1 pid=99946 design_dir=/Users/alex/fine-line-data/open-toolchain-gw5ast/p3t13b
SELFTEST ok: 1 difference reported, 0 spurious
BATCH_HEAD selftest --inject-one-fuse: ok
COMPLETENESS ok: 0 unattributed tiles, 0 missing cells
BATCH_HEAD selftest --unpacker-completeness: ok
MASKPROBE ok: 6 classes probed, 6 reported
BATCH_HEAD selftest --probe-mask-classes: ok
BATCH_HEAD gw_sh pre-flight: ok
BATCH_CHIPDB batch=p3-oser-b sha256=9cce739de58353640475b07c838b37dceb68ea63c3fc22f0d42e093116c7f33a
BATCH_SIZE batch_runs=867 source=/Users/alex/fine-line/.atelier/worktrees/2026-09-03-open-toolchain-gw5ast-7e84/apicula-wt/open-toolchain/evidence/calibration/measured-budget.md parallelism=1 (this batch: 6 run ids)
BATCH_RESUME batch=p3-oser-b planned=6 already_terminal=0
RUN_START p3-oser-b-io_ser-0000 sweep='oser4-default'
RUN_DONE p3-oser-b-io_ser-0000 verdict=aborted
RUN_START p3-oser-b-io_ser-0001 sweep='oser4-txclk-pol'
RUN_DONE p3-oser-b-io_ser-0001 verdict=aborted
RUN_START p3-oser-b-io_ser-0002 sweep='oser4-hwl'
RUN_DONE p3-oser-b-io_ser-0002 verdict=aborted
RUN_START p3-oser-b-io_ser-0003 sweep='oser8-default'
RUN_DONE p3-oser-b-io_ser-0003 verdict=aborted
RUN_START p3-oser-b-io_ser-0004 sweep='oser10-default'
RUN_DONE p3-oser-b-io_ser-0004 verdict=aborted
RUN_START p3-oser-b-io_ser-0005 sweep='ovideo-default'
RUN_DONE p3-oser-b-io_ser-0005 verdict=aborted
BATCH_SKIPPED batch=p3-oser-b n=0 refused=0 rows=/Users/alex/fine-line/.atelier/worktrees/2026-09-03-open-toolchain-gw5ast-7e84/apicula-wt/open-toolchain/evidence/_runs/p3-oser-b.rows.jsonl
BATCH_COMPLETE p3-oser-b runs=6 ok=0 diff=0 aborted=6
