12:39:04 BATCH_START batch=p3-oddr-iddr-b shape=io_basic level=E1 pid=74960 design_dir=/Users/alex/fine-line-data/open-toolchain-gw5ast/p3t12b
12:42:51 BATCH_HEAD selftest --inject-one-fuse: ok
12:43:31 BATCH_HEAD selftest --unpacker-completeness: ok
12:43:33 BATCH_HEAD selftest --probe-mask-classes: ok
12:43:36 BATCH_HEAD gw_sh pre-flight: ok
12:43:36 BATCH_CHIPDB batch=p3-oddr-iddr-b sha256=9cce739de58353640475b07c838b37dceb68ea63c3fc22f0d42e093116c7f33a
12:43:36 BATCH_SIZE batch_runs=867 source=/Users/alex/fine-line/.atelier/worktrees/2026-09-03-open-toolchain-gw5ast-7e84/open-toolchain/evidence/calibration/measured-budget.md parallelism=1 (this batch: 6 run ids)
12:43:36 BATCH_RESUME batch=p3-oddr-iddr-b planned=6 already_terminal=0
12:43:36 RUN_START p3-oddr-iddr-b-io_basic-0000 sweep='oddr-default'
12:48:40 RUN_DONE p3-oddr-iddr-b-io_basic-0000 verdict=ok
12:48:40 RUN_START p3-oddr-iddr-b-io_basic-0001 sweep='oddr-txclk-pol'
12:51:45 RUN_DONE p3-oddr-iddr-b-io_basic-0001 verdict=ok
12:51:46 RUN_START p3-oddr-iddr-b-io_basic-0002 sweep='oddr-init'
12:54:14 RUN_DONE p3-oddr-iddr-b-io_basic-0002 verdict=ok
12:54:14 RUN_START p3-oddr-iddr-b-io_basic-0003 sweep='iddr-default'
12:56:30 RUN_DONE p3-oddr-iddr-b-io_basic-0003 verdict=diff
12:56:30 RUN_START p3-oddr-iddr-b-io_basic-0004 sweep='iddr-q0-init'
12:58:31 RUN_DONE p3-oddr-iddr-b-io_basic-0004 verdict=diff
12:58:31 RUN_START p3-oddr-iddr-b-io_basic-0005 sweep='iddr-q1-init'
13:00:33 RUN_DONE p3-oddr-iddr-b-io_basic-0005 verdict=diff
13:00:33 BATCH_SKIPPED batch=p3-oddr-iddr-b n=0 refused=0 rows=/Users/alex/fine-line/.atelier/worktrees/2026-09-03-open-toolchain-gw5ast-7e84/open-toolchain/evidence/_runs/p3-oddr-iddr-b.rows.jsonl
BATCH_COMPLETE p3-oddr-iddr-b runs=6 ok=3 diff=3 aborted=0
