GATE fast: pytest -m 'not heavy and not gate_proof'
........................................................................ [  8%]
.....................................................s.................. [ 17%]
..................................................s..................... [ 25%]
s...ss.................................................................. [ 34%]
........................................................................ [ 43%]
.................................................................x...... [ 51%]
..............................................................s......... [ 60%]
........................................................................ [ 68%]
........................................................................ [ 77%]
........................................................................ [ 86%]
.....................................s.................................. [ 94%]
.............................................                            [100%]
=============================== warnings summary ===============================
tests/test_dat_cib_fabric_node.py::test_cib_fabric_node_is_populated[GW5A-25A-10-89]
tests/test_dat_packed_grid16.py::test_five_series_devices_other_than_138c_still_parse_after_the_fix[GW5A-25A]
  /Users/alex/fine-line/.atelier/worktrees/2026-09-03-open-toolchain-gw5ast-7e84/apicula/apycula/dat_parser.py:879: RuntimeWarning: read_ae350_soc_ins: Ae350SocOuts named no band, falling back to AE350_SOC_INS_FALLBACK_BASE (0x86a1), which is MEASURED to under-report taps (256 of 416, evidence/ae350/wire-map-138c.md); the AE350 input port map from this read will be incomplete.
    ret["Ae350SocIns"]          = self.read_ae350_soc_ins(ret["Ae350SocOuts"])

tests/test_dat_packed_grid16.py::test_five_series_devices_other_than_138c_still_parse_after_the_fix[GW5AT-60B]
  /Users/alex/fine-line/.atelier/worktrees/2026-09-03-open-toolchain-gw5ast-7e84/apicula/apycula/dat_parser.py:879: RuntimeWarning: read_ae350_soc_ins: no run of tap records matched the block's own band geometry, falling back to AE350_SOC_INS_FALLBACK_BASE (0x86a1), which is MEASURED to under-report taps (256 of 416, evidence/ae350/wire-map-138c.md); the AE350 input port map from this read will be incomplete.
    ret["Ae350SocIns"]          = self.read_ae350_soc_ins(ret["Ae350SocOuts"])

-- Docs: https://docs.pytest.org/en/stable/how-to/capture-warnings.html
829 passed, 7 skipped, 76 deselected, 1 xfailed, 3 warnings in 164.87s (0:02:44)
GATE fast: ok, 1 check
GATE branch: no evidence/criteria tools owned by apicula -- ok, 1 check
GATE full: pytest -m 'heavy and not gate_proof'
.........................x.............................                  [100%]
=============================== warnings summary ===============================
tests/test_gw5ast138c_clocking.py::test_gw5_add_hclk_bels_25a_unchanged
tests/test_gw5ast138c_dhce.py::test_dhcen_absent_for_25a
tests/test_gw5ast138c_plla.py::test_plla_25a_slot_table_unchanged
  /Users/alex/fine-line/.atelier/worktrees/2026-09-03-open-toolchain-gw5ast-7e84/apicula/apycula/dat_parser.py:879: RuntimeWarning: read_ae350_soc_ins: Ae350SocOuts named no band, falling back to AE350_SOC_INS_FALLBACK_BASE (0x86a1), which is MEASURED to under-report taps (256 of 416, evidence/ae350/wire-map-138c.md); the AE350 input port map from this read will be incomplete.
    ret["Ae350SocIns"]          = self.read_ae350_soc_ins(ret["Ae350SocOuts"])

-- Docs: https://docs.pytest.org/en/stable/how-to/capture-warnings.html
54 passed, 858 deselected, 1 xfailed, 3 warnings in 863.19s (0:14:23)
GATE full: ok, 2 checks
GATE_EXIT=0 WALL=1066s
